[2025-01-14T11:24:52.141+0000] {local_task_job_runner.py:123} INFO - ::group::Pre task execution logs
[2025-01-14T11:24:52.195+0000] {taskinstance.py:2613} INFO - Dependencies all met for dep_context=non-requeueable deps ti=<TaskInstance: etl_pipeline.transform_task scheduled__2025-01-02T00:00:00+00:00 [queued]>
[2025-01-14T11:24:52.206+0000] {taskinstance.py:2613} INFO - Dependencies all met for dep_context=requeueable deps ti=<TaskInstance: etl_pipeline.transform_task scheduled__2025-01-02T00:00:00+00:00 [queued]>
[2025-01-14T11:24:52.207+0000] {taskinstance.py:2866} INFO - Starting attempt 1 of 1
[2025-01-14T11:24:52.224+0000] {taskinstance.py:2889} INFO - Executing <Task(PythonOperator): transform_task> on 2025-01-02 00:00:00+00:00
[2025-01-14T11:24:52.246+0000] {logging_mixin.py:190} WARNING - /home/***/.local/lib/python3.12/site-packages/***/task/task_runner/standard_task_runner.py:70 DeprecationWarning: This process (pid=4062) is multi-threaded, use of fork() may lead to deadlocks in the child.
[2025-01-14T11:24:52.248+0000] {standard_task_runner.py:72} INFO - Started process 4092 to run task
[2025-01-14T11:24:52.244+0000] {standard_task_runner.py:104} INFO - Running: ['***', 'tasks', 'run', 'etl_pipeline', 'transform_task', 'scheduled__2025-01-02T00:00:00+00:00', '--job-id', '21', '--raw', '--subdir', 'DAGS_FOLDER/etl_dag.py', '--cfg-path', '/tmp/tmpdg33i7y7']
[2025-01-14T11:24:52.252+0000] {standard_task_runner.py:105} INFO - Job 21: Subtask transform_task
[2025-01-14T11:24:52.342+0000] {task_command.py:467} INFO - Running <TaskInstance: etl_pipeline.transform_task scheduled__2025-01-02T00:00:00+00:00 [running]> on host 45eb6cc28065
[2025-01-14T11:24:52.915+0000] {taskinstance.py:3132} INFO - Exporting env vars: AIRFLOW_CTX_DAG_OWNER='***' AIRFLOW_CTX_DAG_ID='etl_pipeline' AIRFLOW_CTX_TASK_ID='transform_task' AIRFLOW_CTX_EXECUTION_DATE='2025-01-02T00:00:00+00:00' AIRFLOW_CTX_TRY_NUMBER='1' AIRFLOW_CTX_DAG_RUN_ID='scheduled__2025-01-02T00:00:00+00:00'
[2025-01-14T11:24:52.920+0000] {logging_mixin.py:190} INFO - Task instance is in running state
[2025-01-14T11:24:52.923+0000] {logging_mixin.py:190} INFO -  Previous state of the Task instance: queued
[2025-01-14T11:24:52.928+0000] {logging_mixin.py:190} INFO - Current task name:transform_task state:running start_date:2025-01-14 11:24:52.196733+00:00
[2025-01-14T11:24:52.933+0000] {logging_mixin.py:190} INFO - Dag name:etl_pipeline and current dag run status:running
[2025-01-14T11:24:52.936+0000] {taskinstance.py:731} INFO - ::endgroup::
[2025-01-14T11:24:52.957+0000] {logging_mixin.py:190} INFO - Transformed data: [2, 4, 6]
[2025-01-14T11:24:52.958+0000] {python.py:240} INFO - Done. Returned value was: [2, 4, 6]
[2025-01-14T11:24:53.021+0000] {taskinstance.py:340} INFO - ::group::Post task execution logs
[2025-01-14T11:24:53.025+0000] {taskinstance.py:352} INFO - Marking task as SUCCESS. dag_id=etl_pipeline, task_id=transform_task, run_id=scheduled__2025-01-02T00:00:00+00:00, execution_date=20250102T000000, start_date=20250114T112452, end_date=20250114T112453
[2025-01-14T11:24:53.052+0000] {logging_mixin.py:190} INFO - Task instance in success state
[2025-01-14T11:24:53.054+0000] {logging_mixin.py:190} INFO -  Previous state of the Task instance: running
[2025-01-14T11:24:53.055+0000] {logging_mixin.py:190} INFO - Dag name:etl_pipeline queued_at:2025-01-14 11:24:47.443390+00:00
[2025-01-14T11:24:53.056+0000] {logging_mixin.py:190} INFO - Task hostname:45eb6cc28065 operator:PythonOperator
[2025-01-14T11:24:53.110+0000] {local_task_job_runner.py:266} INFO - Task exited with return code 0
[2025-01-14T11:24:53.144+0000] {local_task_job_runner.py:245} INFO - ::endgroup::
[2025-01-14T13:21:35.476+0000] {local_task_job_runner.py:123} INFO - ::group::Pre task execution logs
[2025-01-14T13:21:35.556+0000] {taskinstance.py:2613} INFO - Dependencies all met for dep_context=non-requeueable deps ti=<TaskInstance: etl_pipeline.transform_task scheduled__2025-01-02T00:00:00+00:00 [queued]>
[2025-01-14T13:21:35.590+0000] {taskinstance.py:2613} INFO - Dependencies all met for dep_context=requeueable deps ti=<TaskInstance: etl_pipeline.transform_task scheduled__2025-01-02T00:00:00+00:00 [queued]>
[2025-01-14T13:21:35.597+0000] {taskinstance.py:2866} INFO - Starting attempt 1 of 1
[2025-01-14T13:21:35.859+0000] {taskinstance.py:2889} INFO - Executing <Task(PythonOperator): transform_task> on 2025-01-02 00:00:00+00:00
[2025-01-14T13:21:35.925+0000] {standard_task_runner.py:104} INFO - Running: ['***', 'tasks', 'run', 'etl_pipeline', 'transform_task', 'scheduled__2025-01-02T00:00:00+00:00', '--job-id', '19', '--raw', '--subdir', 'DAGS_FOLDER/etl_dag.py', '--cfg-path', '/tmp/tmp7dtkkce8']
[2025-01-14T13:21:35.937+0000] {standard_task_runner.py:105} INFO - Job 19: Subtask transform_task
[2025-01-14T13:21:35.958+0000] {logging_mixin.py:190} WARNING - /home/***/.local/lib/python3.12/site-packages/***/task/task_runner/standard_task_runner.py:70 DeprecationWarning: This process (pid=1272) is multi-threaded, use of fork() may lead to deadlocks in the child.
[2025-01-14T13:21:35.963+0000] {standard_task_runner.py:72} INFO - Started process 1338 to run task
[2025-01-14T13:21:36.173+0000] {task_command.py:467} INFO - Running <TaskInstance: etl_pipeline.transform_task scheduled__2025-01-02T00:00:00+00:00 [running]> on host 3215871494c5
[2025-01-14T13:21:36.545+0000] {taskinstance.py:3132} INFO - Exporting env vars: AIRFLOW_CTX_DAG_OWNER='***' AIRFLOW_CTX_DAG_ID='etl_pipeline' AIRFLOW_CTX_TASK_ID='transform_task' AIRFLOW_CTX_EXECUTION_DATE='2025-01-02T00:00:00+00:00' AIRFLOW_CTX_TRY_NUMBER='1' AIRFLOW_CTX_DAG_RUN_ID='scheduled__2025-01-02T00:00:00+00:00'
[2025-01-14T13:21:36.571+0000] {logging_mixin.py:190} INFO - Task instance is in running state
[2025-01-14T13:21:36.577+0000] {logging_mixin.py:190} INFO -  Previous state of the Task instance: queued
[2025-01-14T13:21:36.579+0000] {logging_mixin.py:190} INFO - Current task name:transform_task state:running start_date:2025-01-14 13:21:35.558709+00:00
[2025-01-14T13:21:36.588+0000] {logging_mixin.py:190} INFO - Dag name:etl_pipeline and current dag run status:running
[2025-01-14T13:21:36.593+0000] {taskinstance.py:731} INFO - ::endgroup::
[2025-01-14T13:21:36.639+0000] {logging_mixin.py:190} INFO - Transformed data: [2, 4, 6]
[2025-01-14T13:21:36.647+0000] {python.py:240} INFO - Done. Returned value was: [2, 4, 6]
[2025-01-14T13:21:36.758+0000] {taskinstance.py:340} INFO - ::group::Post task execution logs
[2025-01-14T13:21:36.759+0000] {taskinstance.py:352} INFO - Marking task as SUCCESS. dag_id=etl_pipeline, task_id=transform_task, run_id=scheduled__2025-01-02T00:00:00+00:00, execution_date=20250102T000000, start_date=20250114T132135, end_date=20250114T132136
[2025-01-14T13:21:36.802+0000] {logging_mixin.py:190} INFO - Task instance in success state
[2025-01-14T13:21:36.810+0000] {logging_mixin.py:190} INFO -  Previous state of the Task instance: running
[2025-01-14T13:21:36.815+0000] {logging_mixin.py:190} INFO - Dag name:etl_pipeline queued_at:2025-01-14 13:21:26.066480+00:00
[2025-01-14T13:21:36.818+0000] {logging_mixin.py:190} INFO - Task hostname:3215871494c5 operator:PythonOperator
[2025-01-14T13:21:36.868+0000] {local_task_job_runner.py:266} INFO - Task exited with return code 0
[2025-01-14T13:21:36.959+0000] {local_task_job_runner.py:245} INFO - ::endgroup::
