[2025-01-20T08:06:44.220+0000] {local_task_job_runner.py:123} INFO - ::group::Pre task execution logs
[2025-01-20T08:06:44.244+0000] {taskinstance.py:2613} INFO - Dependencies all met for dep_context=non-requeueable deps ti=<TaskInstance: etl_pipeline.transform_task scheduled__2025-01-18T00:00:00+00:00 [queued]>
[2025-01-20T08:06:44.255+0000] {taskinstance.py:2613} INFO - Dependencies all met for dep_context=requeueable deps ti=<TaskInstance: etl_pipeline.transform_task scheduled__2025-01-18T00:00:00+00:00 [queued]>
[2025-01-20T08:06:44.255+0000] {taskinstance.py:2866} INFO - Starting attempt 1 of 1
[2025-01-20T08:06:44.270+0000] {taskinstance.py:2889} INFO - Executing <Task(PythonOperator): transform_task> on 2025-01-18 00:00:00+00:00
[2025-01-20T08:06:44.278+0000] {logging_mixin.py:190} WARNING - /home/***/.local/lib/python3.12/site-packages/***/task/task_runner/standard_task_runner.py:70 DeprecationWarning: This process (pid=41638) is multi-threaded, use of fork() may lead to deadlocks in the child.
[2025-01-20T08:06:44.279+0000] {standard_task_runner.py:104} INFO - Running: ['***', 'tasks', 'run', 'etl_pipeline', 'transform_task', 'scheduled__2025-01-18T00:00:00+00:00', '--job-id', '1363', '--raw', '--subdir', 'DAGS_FOLDER/etl_dag.py', '--cfg-path', '/tmp/tmpe4_2oh8t']
[2025-01-20T08:06:44.281+0000] {standard_task_runner.py:72} INFO - Started process 41675 to run task
[2025-01-20T08:06:44.281+0000] {standard_task_runner.py:105} INFO - Job 1363: Subtask transform_task
[2025-01-20T08:06:44.333+0000] {task_command.py:467} INFO - Running <TaskInstance: etl_pipeline.transform_task scheduled__2025-01-18T00:00:00+00:00 [running]> on host 3215871494c5
[2025-01-20T08:06:44.448+0000] {taskinstance.py:3132} INFO - Exporting env vars: AIRFLOW_CTX_DAG_OWNER='***' AIRFLOW_CTX_DAG_ID='etl_pipeline' AIRFLOW_CTX_TASK_ID='transform_task' AIRFLOW_CTX_EXECUTION_DATE='2025-01-18T00:00:00+00:00' AIRFLOW_CTX_TRY_NUMBER='1' AIRFLOW_CTX_DAG_RUN_ID='scheduled__2025-01-18T00:00:00+00:00'
[2025-01-20T08:06:44.449+0000] {logging_mixin.py:190} INFO - Task instance is in running state
[2025-01-20T08:06:44.452+0000] {logging_mixin.py:190} INFO -  Previous state of the Task instance: queued
[2025-01-20T08:06:44.452+0000] {logging_mixin.py:190} INFO - Current task name:transform_task state:running start_date:2025-01-20 08:06:44.245361+00:00
[2025-01-20T08:06:44.453+0000] {logging_mixin.py:190} INFO - Dag name:etl_pipeline and current dag run status:running
[2025-01-20T08:06:44.453+0000] {taskinstance.py:731} INFO - ::endgroup::
[2025-01-20T08:06:44.468+0000] {logging_mixin.py:190} INFO - Transformed data: [2, 4, 6]
[2025-01-20T08:06:44.469+0000] {python.py:240} INFO - Done. Returned value was: [2, 4, 6]
[2025-01-20T08:06:44.501+0000] {taskinstance.py:340} INFO - ::group::Post task execution logs
[2025-01-20T08:06:44.502+0000] {taskinstance.py:352} INFO - Marking task as SUCCESS. dag_id=etl_pipeline, task_id=transform_task, run_id=scheduled__2025-01-18T00:00:00+00:00, execution_date=20250118T000000, start_date=20250120T080644, end_date=20250120T080644
[2025-01-20T08:06:44.519+0000] {logging_mixin.py:190} INFO - Task instance in success state
[2025-01-20T08:06:44.524+0000] {logging_mixin.py:190} INFO -  Previous state of the Task instance: running
[2025-01-20T08:06:44.525+0000] {logging_mixin.py:190} INFO - Dag name:etl_pipeline queued_at:2025-01-20 08:06:40.525110+00:00
[2025-01-20T08:06:44.529+0000] {logging_mixin.py:190} INFO - Task hostname:3215871494c5 operator:PythonOperator
[2025-01-20T08:06:44.548+0000] {local_task_job_runner.py:266} INFO - Task exited with return code 0
[2025-01-20T08:06:44.576+0000] {taskinstance.py:3895} INFO - 1 downstream tasks scheduled from follow-on schedule check
[2025-01-20T08:06:44.582+0000] {local_task_job_runner.py:245} INFO - ::endgroup::
