[2025-01-16T09:01:41.566+0000] {local_task_job_runner.py:123} INFO - ::group::Pre task execution logs
[2025-01-16T09:01:41.611+0000] {taskinstance.py:2613} INFO - Dependencies all met for dep_context=non-requeueable deps ti=<TaskInstance: etl_pipeline.extract_task scheduled__2025-01-14T00:00:00+00:00 [queued]>
[2025-01-16T09:01:41.642+0000] {taskinstance.py:2613} INFO - Dependencies all met for dep_context=requeueable deps ti=<TaskInstance: etl_pipeline.extract_task scheduled__2025-01-14T00:00:00+00:00 [queued]>
[2025-01-16T09:01:41.644+0000] {taskinstance.py:2866} INFO - Starting attempt 1 of 1
[2025-01-16T09:01:41.679+0000] {taskinstance.py:2889} INFO - Executing <Task(PythonOperator): extract_task> on 2025-01-14 00:00:00+00:00
[2025-01-16T09:01:41.703+0000] {standard_task_runner.py:104} INFO - Running: ['***', 'tasks', 'run', 'etl_pipeline', 'extract_task', 'scheduled__2025-01-14T00:00:00+00:00', '--job-id', '209', '--raw', '--subdir', 'DAGS_FOLDER/etl_dag.py', '--cfg-path', '/tmp/tmp_36ax93m']
[2025-01-16T09:01:41.709+0000] {standard_task_runner.py:105} INFO - Job 209: Subtask extract_task
[2025-01-16T09:01:41.719+0000] {logging_mixin.py:190} WARNING - /home/***/.local/lib/python3.12/site-packages/***/task/task_runner/standard_task_runner.py:70 DeprecationWarning: This process (pid=202) is multi-threaded, use of fork() may lead to deadlocks in the child.
[2025-01-16T09:01:41.722+0000] {standard_task_runner.py:72} INFO - Started process 282 to run task
[2025-01-16T09:01:41.830+0000] {task_command.py:467} INFO - Running <TaskInstance: etl_pipeline.extract_task scheduled__2025-01-14T00:00:00+00:00 [running]> on host 3215871494c5
[2025-01-16T09:01:42.099+0000] {taskinstance.py:3132} INFO - Exporting env vars: AIRFLOW_CTX_DAG_OWNER='***' AIRFLOW_CTX_DAG_ID='etl_pipeline' AIRFLOW_CTX_TASK_ID='extract_task' AIRFLOW_CTX_EXECUTION_DATE='2025-01-14T00:00:00+00:00' AIRFLOW_CTX_TRY_NUMBER='1' AIRFLOW_CTX_DAG_RUN_ID='scheduled__2025-01-14T00:00:00+00:00'
[2025-01-16T09:01:42.104+0000] {logging_mixin.py:190} INFO - Task instance is in running state
[2025-01-16T09:01:42.105+0000] {logging_mixin.py:190} INFO -  Previous state of the Task instance: queued
[2025-01-16T09:01:42.106+0000] {logging_mixin.py:190} INFO - Current task name:extract_task state:running start_date:2025-01-16 09:01:41.614687+00:00
[2025-01-16T09:01:42.107+0000] {logging_mixin.py:190} INFO - Dag name:etl_pipeline and current dag run status:running
[2025-01-16T09:01:42.108+0000] {taskinstance.py:731} INFO - ::endgroup::
[2025-01-16T09:01:42.116+0000] {logging_mixin.py:190} INFO - Extracting data...
[2025-01-16T09:01:42.119+0000] {python.py:240} INFO - Done. Returned value was: {'data': [1, 2, 3]}
[2025-01-16T09:01:42.180+0000] {taskinstance.py:340} INFO - ::group::Post task execution logs
[2025-01-16T09:01:42.181+0000] {taskinstance.py:352} INFO - Marking task as SUCCESS. dag_id=etl_pipeline, task_id=extract_task, run_id=scheduled__2025-01-14T00:00:00+00:00, execution_date=20250114T000000, start_date=20250116T090141, end_date=20250116T090142
[2025-01-16T09:01:42.208+0000] {logging_mixin.py:190} INFO - Task instance in success state
[2025-01-16T09:01:42.210+0000] {logging_mixin.py:190} INFO -  Previous state of the Task instance: running
[2025-01-16T09:01:42.211+0000] {logging_mixin.py:190} INFO - Dag name:etl_pipeline queued_at:2025-01-16 09:01:38.122655+00:00
[2025-01-16T09:01:42.212+0000] {logging_mixin.py:190} INFO - Task hostname:3215871494c5 operator:PythonOperator
[2025-01-16T09:01:42.240+0000] {local_task_job_runner.py:266} INFO - Task exited with return code 0
[2025-01-16T09:01:42.311+0000] {taskinstance.py:3895} INFO - 1 downstream tasks scheduled from follow-on schedule check
[2025-01-16T09:01:42.315+0000] {local_task_job_runner.py:245} INFO - ::endgroup::
