[2025-01-14T11:24:59.146+0000] {local_task_job_runner.py:123} INFO - ::group::Pre task execution logs
[2025-01-14T11:24:59.166+0000] {taskinstance.py:2613} INFO - Dependencies all met for dep_context=non-requeueable deps ti=<TaskInstance: etl_pipeline.load_task scheduled__2025-01-11T00:00:00+00:00 [queued]>
[2025-01-14T11:24:59.175+0000] {taskinstance.py:2613} INFO - Dependencies all met for dep_context=requeueable deps ti=<TaskInstance: etl_pipeline.load_task scheduled__2025-01-11T00:00:00+00:00 [queued]>
[2025-01-14T11:24:59.176+0000] {taskinstance.py:2866} INFO - Starting attempt 1 of 1
[2025-01-14T11:24:59.190+0000] {taskinstance.py:2889} INFO - Executing <Task(PythonOperator): load_task> on 2025-01-11 00:00:00+00:00
[2025-01-14T11:24:59.202+0000] {logging_mixin.py:190} WARNING - /home/***/.local/lib/python3.12/site-packages/***/task/task_runner/standard_task_runner.py:70 DeprecationWarning: This process (pid=4282) is multi-threaded, use of fork() may lead to deadlocks in the child.
[2025-01-14T11:24:59.205+0000] {standard_task_runner.py:72} INFO - Started process 4292 to run task
[2025-01-14T11:24:59.205+0000] {standard_task_runner.py:104} INFO - Running: ['***', 'tasks', 'run', 'etl_pipeline', 'load_task', 'scheduled__2025-01-11T00:00:00+00:00', '--job-id', '45', '--raw', '--subdir', 'DAGS_FOLDER/etl_dag.py', '--cfg-path', '/tmp/tmpi6ojfo91']
[2025-01-14T11:24:59.207+0000] {standard_task_runner.py:105} INFO - Job 45: Subtask load_task
[2025-01-14T11:24:59.260+0000] {task_command.py:467} INFO - Running <TaskInstance: etl_pipeline.load_task scheduled__2025-01-11T00:00:00+00:00 [running]> on host 45eb6cc28065
[2025-01-14T11:24:59.338+0000] {taskinstance.py:3132} INFO - Exporting env vars: AIRFLOW_CTX_DAG_OWNER='***' AIRFLOW_CTX_DAG_ID='etl_pipeline' AIRFLOW_CTX_TASK_ID='load_task' AIRFLOW_CTX_EXECUTION_DATE='2025-01-11T00:00:00+00:00' AIRFLOW_CTX_TRY_NUMBER='1' AIRFLOW_CTX_DAG_RUN_ID='scheduled__2025-01-11T00:00:00+00:00'
[2025-01-14T11:24:59.341+0000] {logging_mixin.py:190} INFO - Task instance is in running state
[2025-01-14T11:24:59.342+0000] {logging_mixin.py:190} INFO -  Previous state of the Task instance: queued
[2025-01-14T11:24:59.343+0000] {logging_mixin.py:190} INFO - Current task name:load_task state:running start_date:2025-01-14 11:24:59.166939+00:00
[2025-01-14T11:24:59.344+0000] {logging_mixin.py:190} INFO - Dag name:etl_pipeline and current dag run status:running
[2025-01-14T11:24:59.346+0000] {taskinstance.py:731} INFO - ::endgroup::
[2025-01-14T11:24:59.361+0000] {logging_mixin.py:190} INFO - Loading data: [2, 4, 6]
[2025-01-14T11:24:59.361+0000] {python.py:240} INFO - Done. Returned value was: None
[2025-01-14T11:24:59.373+0000] {taskinstance.py:340} INFO - ::group::Post task execution logs
[2025-01-14T11:24:59.374+0000] {taskinstance.py:352} INFO - Marking task as SUCCESS. dag_id=etl_pipeline, task_id=load_task, run_id=scheduled__2025-01-11T00:00:00+00:00, execution_date=20250111T000000, start_date=20250114T112459, end_date=20250114T112459
[2025-01-14T11:24:59.382+0000] {logging_mixin.py:190} INFO - Task instance in success state
[2025-01-14T11:24:59.383+0000] {logging_mixin.py:190} INFO -  Previous state of the Task instance: running
[2025-01-14T11:24:59.383+0000] {logging_mixin.py:190} INFO - Dag name:etl_pipeline queued_at:2025-01-14 11:24:48.583121+00:00
[2025-01-14T11:24:59.383+0000] {logging_mixin.py:190} INFO - Task hostname:45eb6cc28065 operator:PythonOperator
[2025-01-14T11:24:59.427+0000] {local_task_job_runner.py:266} INFO - Task exited with return code 0
[2025-01-14T11:24:59.463+0000] {taskinstance.py:3895} INFO - 0 downstream tasks scheduled from follow-on schedule check
[2025-01-14T11:24:59.466+0000] {local_task_job_runner.py:245} INFO - ::endgroup::
[2025-01-14T13:21:43.820+0000] {local_task_job_runner.py:123} INFO - ::group::Pre task execution logs
[2025-01-14T13:21:43.860+0000] {taskinstance.py:2613} INFO - Dependencies all met for dep_context=non-requeueable deps ti=<TaskInstance: etl_pipeline.load_task scheduled__2025-01-11T00:00:00+00:00 [queued]>
[2025-01-14T13:21:43.879+0000] {taskinstance.py:2613} INFO - Dependencies all met for dep_context=requeueable deps ti=<TaskInstance: etl_pipeline.load_task scheduled__2025-01-11T00:00:00+00:00 [queued]>
[2025-01-14T13:21:43.880+0000] {taskinstance.py:2866} INFO - Starting attempt 1 of 1
[2025-01-14T13:21:43.904+0000] {taskinstance.py:2889} INFO - Executing <Task(PythonOperator): load_task> on 2025-01-11 00:00:00+00:00
[2025-01-14T13:21:43.926+0000] {logging_mixin.py:190} WARNING - /home/***/.local/lib/python3.12/site-packages/***/task/task_runner/standard_task_runner.py:70 DeprecationWarning: This process (pid=1413) is multi-threaded, use of fork() may lead to deadlocks in the child.
[2025-01-14T13:21:43.926+0000] {standard_task_runner.py:104} INFO - Running: ['***', 'tasks', 'run', 'etl_pipeline', 'load_task', 'scheduled__2025-01-11T00:00:00+00:00', '--job-id', '42', '--raw', '--subdir', 'DAGS_FOLDER/etl_dag.py', '--cfg-path', '/tmp/tmpaurrsp6j']
[2025-01-14T13:21:43.930+0000] {standard_task_runner.py:105} INFO - Job 42: Subtask load_task
[2025-01-14T13:21:43.930+0000] {standard_task_runner.py:72} INFO - Started process 1507 to run task
[2025-01-14T13:21:44.050+0000] {task_command.py:467} INFO - Running <TaskInstance: etl_pipeline.load_task scheduled__2025-01-11T00:00:00+00:00 [running]> on host 3215871494c5
[2025-01-14T13:21:44.281+0000] {taskinstance.py:3132} INFO - Exporting env vars: AIRFLOW_CTX_DAG_OWNER='***' AIRFLOW_CTX_DAG_ID='etl_pipeline' AIRFLOW_CTX_TASK_ID='load_task' AIRFLOW_CTX_EXECUTION_DATE='2025-01-11T00:00:00+00:00' AIRFLOW_CTX_TRY_NUMBER='1' AIRFLOW_CTX_DAG_RUN_ID='scheduled__2025-01-11T00:00:00+00:00'
[2025-01-14T13:21:44.286+0000] {logging_mixin.py:190} INFO - Task instance is in running state
[2025-01-14T13:21:44.287+0000] {logging_mixin.py:190} INFO -  Previous state of the Task instance: queued
[2025-01-14T13:21:44.288+0000] {logging_mixin.py:190} INFO - Current task name:load_task state:running start_date:2025-01-14 13:21:43.861350+00:00
[2025-01-14T13:21:44.289+0000] {logging_mixin.py:190} INFO - Dag name:etl_pipeline and current dag run status:running
[2025-01-14T13:21:44.290+0000] {taskinstance.py:731} INFO - ::endgroup::
[2025-01-14T13:21:44.314+0000] {logging_mixin.py:190} INFO - Loading data: [2, 4, 6]
[2025-01-14T13:21:44.315+0000] {python.py:240} INFO - Done. Returned value was: None
[2025-01-14T13:21:44.334+0000] {taskinstance.py:340} INFO - ::group::Post task execution logs
[2025-01-14T13:21:44.335+0000] {taskinstance.py:352} INFO - Marking task as SUCCESS. dag_id=etl_pipeline, task_id=load_task, run_id=scheduled__2025-01-11T00:00:00+00:00, execution_date=20250111T000000, start_date=20250114T132143, end_date=20250114T132144
[2025-01-14T13:21:44.355+0000] {logging_mixin.py:190} INFO - Task instance in success state
[2025-01-14T13:21:44.356+0000] {logging_mixin.py:190} INFO -  Previous state of the Task instance: running
[2025-01-14T13:21:44.357+0000] {logging_mixin.py:190} INFO - Dag name:etl_pipeline queued_at:2025-01-14 13:21:28.157135+00:00
[2025-01-14T13:21:44.358+0000] {logging_mixin.py:190} INFO - Task hostname:3215871494c5 operator:PythonOperator
[2025-01-14T13:21:44.401+0000] {local_task_job_runner.py:266} INFO - Task exited with return code 0
[2025-01-14T13:21:44.433+0000] {taskinstance.py:3895} INFO - 0 downstream tasks scheduled from follow-on schedule check
[2025-01-14T13:21:44.437+0000] {local_task_job_runner.py:245} INFO - ::endgroup::
