[2025-01-14T11:24:57.852+0000] {local_task_job_runner.py:123} INFO - ::group::Pre task execution logs
[2025-01-14T11:24:57.884+0000] {taskinstance.py:2613} INFO - Dependencies all met for dep_context=non-requeueable deps ti=<TaskInstance: etl_pipeline.load_task scheduled__2025-01-06T00:00:00+00:00 [queued]>
[2025-01-14T11:24:57.902+0000] {taskinstance.py:2613} INFO - Dependencies all met for dep_context=requeueable deps ti=<TaskInstance: etl_pipeline.load_task scheduled__2025-01-06T00:00:00+00:00 [queued]>
[2025-01-14T11:24:57.905+0000] {taskinstance.py:2866} INFO - Starting attempt 1 of 1
[2025-01-14T11:24:57.928+0000] {taskinstance.py:2889} INFO - Executing <Task(PythonOperator): load_task> on 2025-01-06 00:00:00+00:00
[2025-01-14T11:24:57.944+0000] {standard_task_runner.py:104} INFO - Running: ['***', 'tasks', 'run', 'etl_pipeline', 'load_task', 'scheduled__2025-01-06T00:00:00+00:00', '--job-id', '42', '--raw', '--subdir', 'DAGS_FOLDER/etl_dag.py', '--cfg-path', '/tmp/tmpu9_922oy']
[2025-01-14T11:24:57.946+0000] {standard_task_runner.py:105} INFO - Job 42: Subtask load_task
[2025-01-14T11:24:57.945+0000] {logging_mixin.py:190} WARNING - /home/***/.local/lib/python3.12/site-packages/***/task/task_runner/standard_task_runner.py:70 DeprecationWarning: This process (pid=4184) is multi-threaded, use of fork() may lead to deadlocks in the child.
[2025-01-14T11:24:57.949+0000] {standard_task_runner.py:72} INFO - Started process 4281 to run task
[2025-01-14T11:24:58.039+0000] {task_command.py:467} INFO - Running <TaskInstance: etl_pipeline.load_task scheduled__2025-01-06T00:00:00+00:00 [running]> on host 45eb6cc28065
[2025-01-14T11:24:58.185+0000] {taskinstance.py:3132} INFO - Exporting env vars: AIRFLOW_CTX_DAG_OWNER='***' AIRFLOW_CTX_DAG_ID='etl_pipeline' AIRFLOW_CTX_TASK_ID='load_task' AIRFLOW_CTX_EXECUTION_DATE='2025-01-06T00:00:00+00:00' AIRFLOW_CTX_TRY_NUMBER='1' AIRFLOW_CTX_DAG_RUN_ID='scheduled__2025-01-06T00:00:00+00:00'
[2025-01-14T11:24:58.187+0000] {logging_mixin.py:190} INFO - Task instance is in running state
[2025-01-14T11:24:58.187+0000] {logging_mixin.py:190} INFO -  Previous state of the Task instance: queued
[2025-01-14T11:24:58.188+0000] {logging_mixin.py:190} INFO - Current task name:load_task state:running start_date:2025-01-14 11:24:57.884860+00:00
[2025-01-14T11:24:58.189+0000] {logging_mixin.py:190} INFO - Dag name:etl_pipeline and current dag run status:running
[2025-01-14T11:24:58.189+0000] {taskinstance.py:731} INFO - ::endgroup::
[2025-01-14T11:24:58.210+0000] {logging_mixin.py:190} INFO - Loading data: [2, 4, 6]
[2025-01-14T11:24:58.210+0000] {python.py:240} INFO - Done. Returned value was: None
[2025-01-14T11:24:58.226+0000] {taskinstance.py:340} INFO - ::group::Post task execution logs
[2025-01-14T11:24:58.227+0000] {taskinstance.py:352} INFO - Marking task as SUCCESS. dag_id=etl_pipeline, task_id=load_task, run_id=scheduled__2025-01-06T00:00:00+00:00, execution_date=20250106T000000, start_date=20250114T112457, end_date=20250114T112458
[2025-01-14T11:24:58.243+0000] {logging_mixin.py:190} INFO - Task instance in success state
[2025-01-14T11:24:58.244+0000] {logging_mixin.py:190} INFO -  Previous state of the Task instance: running
[2025-01-14T11:24:58.246+0000] {logging_mixin.py:190} INFO - Dag name:etl_pipeline queued_at:2025-01-14 11:24:47.831641+00:00
[2025-01-14T11:24:58.247+0000] {logging_mixin.py:190} INFO - Task hostname:45eb6cc28065 operator:PythonOperator
[2025-01-14T11:24:58.299+0000] {local_task_job_runner.py:266} INFO - Task exited with return code 0
[2025-01-14T11:24:58.341+0000] {taskinstance.py:3895} INFO - 0 downstream tasks scheduled from follow-on schedule check
[2025-01-14T11:24:58.344+0000] {local_task_job_runner.py:245} INFO - ::endgroup::
[2025-01-14T13:21:41.723+0000] {local_task_job_runner.py:123} INFO - ::group::Pre task execution logs
[2025-01-14T13:21:41.798+0000] {taskinstance.py:2613} INFO - Dependencies all met for dep_context=non-requeueable deps ti=<TaskInstance: etl_pipeline.load_task scheduled__2025-01-06T00:00:00+00:00 [queued]>
[2025-01-14T13:21:41.836+0000] {taskinstance.py:2613} INFO - Dependencies all met for dep_context=requeueable deps ti=<TaskInstance: etl_pipeline.load_task scheduled__2025-01-06T00:00:00+00:00 [queued]>
[2025-01-14T13:21:41.840+0000] {taskinstance.py:2866} INFO - Starting attempt 1 of 1
[2025-01-14T13:21:41.966+0000] {taskinstance.py:2889} INFO - Executing <Task(PythonOperator): load_task> on 2025-01-06 00:00:00+00:00
[2025-01-14T13:21:42.025+0000] {logging_mixin.py:190} WARNING - /home/***/.local/lib/python3.12/site-packages/***/task/task_runner/standard_task_runner.py:70 DeprecationWarning: This process (pid=1370) is multi-threaded, use of fork() may lead to deadlocks in the child.
[2025-01-14T13:21:42.030+0000] {standard_task_runner.py:72} INFO - Started process 1454 to run task
[2025-01-14T13:21:42.021+0000] {standard_task_runner.py:104} INFO - Running: ['***', 'tasks', 'run', 'etl_pipeline', 'load_task', 'scheduled__2025-01-06T00:00:00+00:00', '--job-id', '37', '--raw', '--subdir', 'DAGS_FOLDER/etl_dag.py', '--cfg-path', '/tmp/tmp_185b2rk']
[2025-01-14T13:21:42.039+0000] {standard_task_runner.py:105} INFO - Job 37: Subtask load_task
[2025-01-14T13:21:42.214+0000] {task_command.py:467} INFO - Running <TaskInstance: etl_pipeline.load_task scheduled__2025-01-06T00:00:00+00:00 [running]> on host 3215871494c5
[2025-01-14T13:21:42.770+0000] {taskinstance.py:3132} INFO - Exporting env vars: AIRFLOW_CTX_DAG_OWNER='***' AIRFLOW_CTX_DAG_ID='etl_pipeline' AIRFLOW_CTX_TASK_ID='load_task' AIRFLOW_CTX_EXECUTION_DATE='2025-01-06T00:00:00+00:00' AIRFLOW_CTX_TRY_NUMBER='1' AIRFLOW_CTX_DAG_RUN_ID='scheduled__2025-01-06T00:00:00+00:00'
[2025-01-14T13:21:42.776+0000] {logging_mixin.py:190} INFO - Task instance is in running state
[2025-01-14T13:21:42.781+0000] {logging_mixin.py:190} INFO -  Previous state of the Task instance: queued
[2025-01-14T13:21:42.783+0000] {logging_mixin.py:190} INFO - Current task name:load_task state:running start_date:2025-01-14 13:21:41.799919+00:00
[2025-01-14T13:21:42.790+0000] {logging_mixin.py:190} INFO - Dag name:etl_pipeline and current dag run status:running
[2025-01-14T13:21:42.795+0000] {taskinstance.py:731} INFO - ::endgroup::
[2025-01-14T13:21:42.838+0000] {logging_mixin.py:190} INFO - Loading data: [2, 4, 6]
[2025-01-14T13:21:42.839+0000] {python.py:240} INFO - Done. Returned value was: None
[2025-01-14T13:21:42.870+0000] {taskinstance.py:340} INFO - ::group::Post task execution logs
[2025-01-14T13:21:42.873+0000] {taskinstance.py:352} INFO - Marking task as SUCCESS. dag_id=etl_pipeline, task_id=load_task, run_id=scheduled__2025-01-06T00:00:00+00:00, execution_date=20250106T000000, start_date=20250114T132141, end_date=20250114T132142
[2025-01-14T13:21:42.906+0000] {logging_mixin.py:190} INFO - Task instance in success state
[2025-01-14T13:21:42.908+0000] {logging_mixin.py:190} INFO -  Previous state of the Task instance: running
[2025-01-14T13:21:42.910+0000] {logging_mixin.py:190} INFO - Dag name:etl_pipeline queued_at:2025-01-14 13:21:26.792446+00:00
[2025-01-14T13:21:42.911+0000] {logging_mixin.py:190} INFO - Task hostname:3215871494c5 operator:PythonOperator
[2025-01-14T13:21:42.942+0000] {local_task_job_runner.py:266} INFO - Task exited with return code 0
[2025-01-14T13:21:42.994+0000] {taskinstance.py:3895} INFO - 0 downstream tasks scheduled from follow-on schedule check
[2025-01-14T13:21:42.999+0000] {local_task_job_runner.py:245} INFO - ::endgroup::
