[2025-01-14T13:21:41.267+0000] {local_task_job_runner.py:123} INFO - ::group::Pre task execution logs
[2025-01-14T13:21:41.372+0000] {taskinstance.py:2613} INFO - Dependencies all met for dep_context=non-requeueable deps ti=<TaskInstance: etl_pipeline.load_task manual__2025-01-14T13:21:25.700875+00:00 [queued]>
[2025-01-14T13:21:41.419+0000] {taskinstance.py:2613} INFO - Dependencies all met for dep_context=requeueable deps ti=<TaskInstance: etl_pipeline.load_task manual__2025-01-14T13:21:25.700875+00:00 [queued]>
[2025-01-14T13:21:41.425+0000] {taskinstance.py:2866} INFO - Starting attempt 1 of 1
[2025-01-14T13:21:41.474+0000] {taskinstance.py:2889} INFO - Executing <Task(PythonOperator): load_task> on 2025-01-14 13:21:25.700875+00:00
[2025-01-14T13:21:41.532+0000] {logging_mixin.py:190} WARNING - /home/***/.local/lib/python3.12/site-packages/***/task/task_runner/standard_task_runner.py:70 DeprecationWarning: This process (pid=1373) is multi-threaded, use of fork() may lead to deadlocks in the child.
[2025-01-14T13:21:41.538+0000] {standard_task_runner.py:72} INFO - Started process 1438 to run task
[2025-01-14T13:21:41.539+0000] {standard_task_runner.py:104} INFO - Running: ['***', 'tasks', 'run', 'etl_pipeline', 'load_task', 'manual__2025-01-14T13:21:25.700875+00:00', '--job-id', '34', '--raw', '--subdir', 'DAGS_FOLDER/etl_dag.py', '--cfg-path', '/tmp/tmp5pjzp6wr']
[2025-01-14T13:21:41.547+0000] {standard_task_runner.py:105} INFO - Job 34: Subtask load_task
[2025-01-14T13:21:41.791+0000] {task_command.py:467} INFO - Running <TaskInstance: etl_pipeline.load_task manual__2025-01-14T13:21:25.700875+00:00 [running]> on host 3215871494c5
[2025-01-14T13:21:42.137+0000] {taskinstance.py:3132} INFO - Exporting env vars: AIRFLOW_CTX_DAG_OWNER='***' AIRFLOW_CTX_DAG_ID='etl_pipeline' AIRFLOW_CTX_TASK_ID='load_task' AIRFLOW_CTX_EXECUTION_DATE='2025-01-14T13:21:25.700875+00:00' AIRFLOW_CTX_TRY_NUMBER='1' AIRFLOW_CTX_DAG_RUN_ID='manual__2025-01-14T13:21:25.700875+00:00'
[2025-01-14T13:21:42.146+0000] {logging_mixin.py:190} INFO - Task instance is in running state
[2025-01-14T13:21:42.148+0000] {logging_mixin.py:190} INFO -  Previous state of the Task instance: queued
[2025-01-14T13:21:42.149+0000] {logging_mixin.py:190} INFO - Current task name:load_task state:running start_date:2025-01-14 13:21:41.374057+00:00
[2025-01-14T13:21:42.150+0000] {logging_mixin.py:190} INFO - Dag name:etl_pipeline and current dag run status:running
[2025-01-14T13:21:42.150+0000] {taskinstance.py:731} INFO - ::endgroup::
[2025-01-14T13:21:42.204+0000] {logging_mixin.py:190} INFO - Loading data: [2, 4, 6]
[2025-01-14T13:21:42.208+0000] {python.py:240} INFO - Done. Returned value was: None
[2025-01-14T13:21:42.261+0000] {taskinstance.py:340} INFO - ::group::Post task execution logs
[2025-01-14T13:21:42.265+0000] {taskinstance.py:352} INFO - Marking task as SUCCESS. dag_id=etl_pipeline, task_id=load_task, run_id=manual__2025-01-14T13:21:25.700875+00:00, execution_date=20250114T132125, start_date=20250114T132141, end_date=20250114T132142
[2025-01-14T13:21:42.315+0000] {logging_mixin.py:190} INFO - Task instance in success state
[2025-01-14T13:21:42.320+0000] {logging_mixin.py:190} INFO -  Previous state of the Task instance: running
[2025-01-14T13:21:42.322+0000] {logging_mixin.py:190} INFO - Dag name:etl_pipeline queued_at:2025-01-14 13:21:25.759978+00:00
[2025-01-14T13:21:42.331+0000] {logging_mixin.py:190} INFO - Task hostname:3215871494c5 operator:PythonOperator
[2025-01-14T13:21:42.393+0000] {local_task_job_runner.py:266} INFO - Task exited with return code 0
[2025-01-14T13:21:42.472+0000] {local_task_job_runner.py:245} INFO - ::endgroup::
