[2025-01-14T11:24:54.360+0000] {local_task_job_runner.py:123} INFO - ::group::Pre task execution logs
[2025-01-14T11:24:54.452+0000] {taskinstance.py:2613} INFO - Dependencies all met for dep_context=non-requeueable deps ti=<TaskInstance: etl_pipeline.transform_task scheduled__2025-01-10T00:00:00+00:00 [queued]>
[2025-01-14T11:24:54.476+0000] {taskinstance.py:2613} INFO - Dependencies all met for dep_context=requeueable deps ti=<TaskInstance: etl_pipeline.transform_task scheduled__2025-01-10T00:00:00+00:00 [queued]>
[2025-01-14T11:24:54.478+0000] {taskinstance.py:2866} INFO - Starting attempt 1 of 1
[2025-01-14T11:24:54.528+0000] {taskinstance.py:2889} INFO - Executing <Task(PythonOperator): transform_task> on 2025-01-10 00:00:00+00:00
[2025-01-14T11:24:54.561+0000] {standard_task_runner.py:104} INFO - Running: ['***', 'tasks', 'run', 'etl_pipeline', 'transform_task', 'scheduled__2025-01-10T00:00:00+00:00', '--job-id', '28', '--raw', '--subdir', 'DAGS_FOLDER/etl_dag.py', '--cfg-path', '/tmp/tmpi11p8x0e']
[2025-01-14T11:24:54.569+0000] {standard_task_runner.py:105} INFO - Job 28: Subtask transform_task
[2025-01-14T11:24:54.595+0000] {logging_mixin.py:190} WARNING - /home/***/.local/lib/python3.12/site-packages/***/task/task_runner/standard_task_runner.py:70 DeprecationWarning: This process (pid=4083) is multi-threaded, use of fork() may lead to deadlocks in the child.
[2025-01-14T11:24:54.601+0000] {standard_task_runner.py:72} INFO - Started process 4162 to run task
[2025-01-14T11:24:54.843+0000] {task_command.py:467} INFO - Running <TaskInstance: etl_pipeline.transform_task scheduled__2025-01-10T00:00:00+00:00 [running]> on host 45eb6cc28065
[2025-01-14T11:24:55.204+0000] {taskinstance.py:3132} INFO - Exporting env vars: AIRFLOW_CTX_DAG_OWNER='***' AIRFLOW_CTX_DAG_ID='etl_pipeline' AIRFLOW_CTX_TASK_ID='transform_task' AIRFLOW_CTX_EXECUTION_DATE='2025-01-10T00:00:00+00:00' AIRFLOW_CTX_TRY_NUMBER='1' AIRFLOW_CTX_DAG_RUN_ID='scheduled__2025-01-10T00:00:00+00:00'
[2025-01-14T11:24:55.206+0000] {logging_mixin.py:190} INFO - Task instance is in running state
[2025-01-14T11:24:55.207+0000] {logging_mixin.py:190} INFO -  Previous state of the Task instance: queued
[2025-01-14T11:24:55.208+0000] {logging_mixin.py:190} INFO - Current task name:transform_task state:running start_date:2025-01-14 11:24:54.454542+00:00
[2025-01-14T11:24:55.208+0000] {logging_mixin.py:190} INFO - Dag name:etl_pipeline and current dag run status:running
[2025-01-14T11:24:55.209+0000] {taskinstance.py:731} INFO - ::endgroup::
[2025-01-14T11:24:55.228+0000] {logging_mixin.py:190} INFO - Transformed data: [2, 4, 6]
[2025-01-14T11:24:55.230+0000] {python.py:240} INFO - Done. Returned value was: [2, 4, 6]
[2025-01-14T11:24:55.286+0000] {taskinstance.py:340} INFO - ::group::Post task execution logs
[2025-01-14T11:24:55.288+0000] {taskinstance.py:352} INFO - Marking task as SUCCESS. dag_id=etl_pipeline, task_id=transform_task, run_id=scheduled__2025-01-10T00:00:00+00:00, execution_date=20250110T000000, start_date=20250114T112454, end_date=20250114T112455
[2025-01-14T11:24:55.314+0000] {logging_mixin.py:190} INFO - Task instance in success state
[2025-01-14T11:24:55.315+0000] {logging_mixin.py:190} INFO -  Previous state of the Task instance: running
[2025-01-14T11:24:55.316+0000] {logging_mixin.py:190} INFO - Dag name:etl_pipeline queued_at:2025-01-14 11:24:48.382311+00:00
[2025-01-14T11:24:55.317+0000] {logging_mixin.py:190} INFO - Task hostname:45eb6cc28065 operator:PythonOperator
[2025-01-14T11:24:55.366+0000] {local_task_job_runner.py:266} INFO - Task exited with return code 0
[2025-01-14T11:24:55.390+0000] {local_task_job_runner.py:245} INFO - ::endgroup::
[2025-01-14T13:21:37.141+0000] {local_task_job_runner.py:123} INFO - ::group::Pre task execution logs
[2025-01-14T13:21:37.194+0000] {taskinstance.py:2613} INFO - Dependencies all met for dep_context=non-requeueable deps ti=<TaskInstance: etl_pipeline.transform_task scheduled__2025-01-10T00:00:00+00:00 [queued]>
[2025-01-14T13:21:37.217+0000] {taskinstance.py:2613} INFO - Dependencies all met for dep_context=requeueable deps ti=<TaskInstance: etl_pipeline.transform_task scheduled__2025-01-10T00:00:00+00:00 [queued]>
[2025-01-14T13:21:37.219+0000] {taskinstance.py:2866} INFO - Starting attempt 1 of 1
[2025-01-14T13:21:37.261+0000] {taskinstance.py:2889} INFO - Executing <Task(PythonOperator): transform_task> on 2025-01-10 00:00:00+00:00
[2025-01-14T13:21:37.290+0000] {logging_mixin.py:190} WARNING - /home/***/.local/lib/python3.12/site-packages/***/task/task_runner/standard_task_runner.py:70 DeprecationWarning: This process (pid=1308) is multi-threaded, use of fork() may lead to deadlocks in the child.
[2025-01-14T13:21:37.293+0000] {standard_task_runner.py:72} INFO - Started process 1364 to run task
[2025-01-14T13:21:37.290+0000] {standard_task_runner.py:104} INFO - Running: ['***', 'tasks', 'run', 'etl_pipeline', 'transform_task', 'scheduled__2025-01-10T00:00:00+00:00', '--job-id', '26', '--raw', '--subdir', 'DAGS_FOLDER/etl_dag.py', '--cfg-path', '/tmp/tmpvq8_o_uq']
[2025-01-14T13:21:37.297+0000] {standard_task_runner.py:105} INFO - Job 26: Subtask transform_task
[2025-01-14T13:21:37.586+0000] {task_command.py:467} INFO - Running <TaskInstance: etl_pipeline.transform_task scheduled__2025-01-10T00:00:00+00:00 [running]> on host 3215871494c5
[2025-01-14T13:21:38.038+0000] {taskinstance.py:3132} INFO - Exporting env vars: AIRFLOW_CTX_DAG_OWNER='***' AIRFLOW_CTX_DAG_ID='etl_pipeline' AIRFLOW_CTX_TASK_ID='transform_task' AIRFLOW_CTX_EXECUTION_DATE='2025-01-10T00:00:00+00:00' AIRFLOW_CTX_TRY_NUMBER='1' AIRFLOW_CTX_DAG_RUN_ID='scheduled__2025-01-10T00:00:00+00:00'
[2025-01-14T13:21:38.045+0000] {logging_mixin.py:190} INFO - Task instance is in running state
[2025-01-14T13:21:38.053+0000] {logging_mixin.py:190} INFO -  Previous state of the Task instance: queued
[2025-01-14T13:21:38.057+0000] {logging_mixin.py:190} INFO - Current task name:transform_task state:running start_date:2025-01-14 13:21:37.197520+00:00
[2025-01-14T13:21:38.062+0000] {logging_mixin.py:190} INFO - Dag name:etl_pipeline and current dag run status:running
[2025-01-14T13:21:38.064+0000] {taskinstance.py:731} INFO - ::endgroup::
[2025-01-14T13:21:38.133+0000] {logging_mixin.py:190} INFO - Transformed data: [2, 4, 6]
[2025-01-14T13:21:38.137+0000] {python.py:240} INFO - Done. Returned value was: [2, 4, 6]
[2025-01-14T13:21:38.255+0000] {taskinstance.py:340} INFO - ::group::Post task execution logs
[2025-01-14T13:21:38.258+0000] {taskinstance.py:352} INFO - Marking task as SUCCESS. dag_id=etl_pipeline, task_id=transform_task, run_id=scheduled__2025-01-10T00:00:00+00:00, execution_date=20250110T000000, start_date=20250114T132137, end_date=20250114T132138
[2025-01-14T13:21:38.293+0000] {logging_mixin.py:190} INFO - Task instance in success state
[2025-01-14T13:21:38.298+0000] {logging_mixin.py:190} INFO -  Previous state of the Task instance: running
[2025-01-14T13:21:38.304+0000] {logging_mixin.py:190} INFO - Dag name:etl_pipeline queued_at:2025-01-14 13:21:27.828138+00:00
[2025-01-14T13:21:38.306+0000] {logging_mixin.py:190} INFO - Task hostname:3215871494c5 operator:PythonOperator
[2025-01-14T13:21:38.394+0000] {local_task_job_runner.py:266} INFO - Task exited with return code 0
[2025-01-14T13:21:38.491+0000] {taskinstance.py:3895} INFO - 1 downstream tasks scheduled from follow-on schedule check
[2025-01-14T13:21:38.504+0000] {local_task_job_runner.py:245} INFO - ::endgroup::
