[2025-01-14T11:24:55.833+0000] {local_task_job_runner.py:123} INFO - ::group::Pre task execution logs
[2025-01-14T11:24:55.883+0000] {taskinstance.py:2613} INFO - Dependencies all met for dep_context=non-requeueable deps ti=<TaskInstance: etl_pipeline.transform_task scheduled__2025-01-12T00:00:00+00:00 [queued]>
[2025-01-14T11:24:55.909+0000] {taskinstance.py:2613} INFO - Dependencies all met for dep_context=requeueable deps ti=<TaskInstance: etl_pipeline.transform_task scheduled__2025-01-12T00:00:00+00:00 [queued]>
[2025-01-14T11:24:55.915+0000] {taskinstance.py:2866} INFO - Starting attempt 1 of 1
[2025-01-14T11:24:55.965+0000] {taskinstance.py:2889} INFO - Executing <Task(PythonOperator): transform_task> on 2025-01-12 00:00:00+00:00
[2025-01-14T11:24:55.999+0000] {standard_task_runner.py:104} INFO - Running: ['***', 'tasks', 'run', 'etl_pipeline', 'transform_task', 'scheduled__2025-01-12T00:00:00+00:00', '--job-id', '31', '--raw', '--subdir', 'DAGS_FOLDER/etl_dag.py', '--cfg-path', '/tmp/tmp_xx9gh7n']
[2025-01-14T11:24:56.025+0000] {logging_mixin.py:190} WARNING - /home/***/.local/lib/python3.12/site-packages/***/task/task_runner/standard_task_runner.py:70 DeprecationWarning: This process (pid=4122) is multi-threaded, use of fork() may lead to deadlocks in the child.
[2025-01-14T11:24:56.030+0000] {standard_task_runner.py:72} INFO - Started process 4197 to run task
[2025-01-14T11:24:56.029+0000] {standard_task_runner.py:105} INFO - Job 31: Subtask transform_task
[2025-01-14T11:24:56.170+0000] {task_command.py:467} INFO - Running <TaskInstance: etl_pipeline.transform_task scheduled__2025-01-12T00:00:00+00:00 [running]> on host 45eb6cc28065
[2025-01-14T11:24:56.408+0000] {taskinstance.py:3132} INFO - Exporting env vars: AIRFLOW_CTX_DAG_OWNER='***' AIRFLOW_CTX_DAG_ID='etl_pipeline' AIRFLOW_CTX_TASK_ID='transform_task' AIRFLOW_CTX_EXECUTION_DATE='2025-01-12T00:00:00+00:00' AIRFLOW_CTX_TRY_NUMBER='1' AIRFLOW_CTX_DAG_RUN_ID='scheduled__2025-01-12T00:00:00+00:00'
[2025-01-14T11:24:56.418+0000] {logging_mixin.py:190} INFO - Task instance is in running state
[2025-01-14T11:24:56.425+0000] {logging_mixin.py:190} INFO -  Previous state of the Task instance: queued
[2025-01-14T11:24:56.426+0000] {logging_mixin.py:190} INFO - Current task name:transform_task state:running start_date:2025-01-14 11:24:55.884658+00:00
[2025-01-14T11:24:56.428+0000] {logging_mixin.py:190} INFO - Dag name:etl_pipeline and current dag run status:running
[2025-01-14T11:24:56.430+0000] {taskinstance.py:731} INFO - ::endgroup::
[2025-01-14T11:24:56.472+0000] {logging_mixin.py:190} INFO - Transformed data: [2, 4, 6]
[2025-01-14T11:24:56.479+0000] {python.py:240} INFO - Done. Returned value was: [2, 4, 6]
[2025-01-14T11:24:56.560+0000] {taskinstance.py:340} INFO - ::group::Post task execution logs
[2025-01-14T11:24:56.565+0000] {taskinstance.py:352} INFO - Marking task as SUCCESS. dag_id=etl_pipeline, task_id=transform_task, run_id=scheduled__2025-01-12T00:00:00+00:00, execution_date=20250112T000000, start_date=20250114T112455, end_date=20250114T112456
[2025-01-14T11:24:56.608+0000] {logging_mixin.py:190} INFO - Task instance in success state
[2025-01-14T11:24:56.609+0000] {logging_mixin.py:190} INFO -  Previous state of the Task instance: running
[2025-01-14T11:24:56.610+0000] {logging_mixin.py:190} INFO - Dag name:etl_pipeline queued_at:2025-01-14 11:24:48.912595+00:00
[2025-01-14T11:24:56.614+0000] {logging_mixin.py:190} INFO - Task hostname:45eb6cc28065 operator:PythonOperator
[2025-01-14T11:24:56.672+0000] {local_task_job_runner.py:266} INFO - Task exited with return code 0
[2025-01-14T11:24:56.719+0000] {taskinstance.py:3895} INFO - 1 downstream tasks scheduled from follow-on schedule check
[2025-01-14T11:24:56.728+0000] {local_task_job_runner.py:245} INFO - ::endgroup::
[2025-01-14T13:21:38.989+0000] {local_task_job_runner.py:123} INFO - ::group::Pre task execution logs
[2025-01-14T13:21:39.124+0000] {taskinstance.py:2613} INFO - Dependencies all met for dep_context=non-requeueable deps ti=<TaskInstance: etl_pipeline.transform_task scheduled__2025-01-12T00:00:00+00:00 [queued]>
[2025-01-14T13:21:39.189+0000] {taskinstance.py:2613} INFO - Dependencies all met for dep_context=requeueable deps ti=<TaskInstance: etl_pipeline.transform_task scheduled__2025-01-12T00:00:00+00:00 [queued]>
[2025-01-14T13:21:39.211+0000] {taskinstance.py:2866} INFO - Starting attempt 1 of 1
[2025-01-14T13:21:39.380+0000] {taskinstance.py:2889} INFO - Executing <Task(PythonOperator): transform_task> on 2025-01-12 00:00:00+00:00
[2025-01-14T13:21:39.489+0000] {standard_task_runner.py:104} INFO - Running: ['***', 'tasks', 'run', 'etl_pipeline', 'transform_task', 'scheduled__2025-01-12T00:00:00+00:00', '--job-id', '29', '--raw', '--subdir', 'DAGS_FOLDER/etl_dag.py', '--cfg-path', '/tmp/tmpaw4pdcs8']
[2025-01-14T13:21:39.525+0000] {standard_task_runner.py:105} INFO - Job 29: Subtask transform_task
[2025-01-14T13:21:39.555+0000] {logging_mixin.py:190} WARNING - /home/***/.local/lib/python3.12/site-packages/***/task/task_runner/standard_task_runner.py:70 DeprecationWarning: This process (pid=1326) is multi-threaded, use of fork() may lead to deadlocks in the child.
[2025-01-14T13:21:39.560+0000] {standard_task_runner.py:72} INFO - Started process 1406 to run task
[2025-01-14T13:21:39.717+0000] {task_command.py:467} INFO - Running <TaskInstance: etl_pipeline.transform_task scheduled__2025-01-12T00:00:00+00:00 [running]> on host 3215871494c5
[2025-01-14T13:21:40.284+0000] {taskinstance.py:3132} INFO - Exporting env vars: AIRFLOW_CTX_DAG_OWNER='***' AIRFLOW_CTX_DAG_ID='etl_pipeline' AIRFLOW_CTX_TASK_ID='transform_task' AIRFLOW_CTX_EXECUTION_DATE='2025-01-12T00:00:00+00:00' AIRFLOW_CTX_TRY_NUMBER='1' AIRFLOW_CTX_DAG_RUN_ID='scheduled__2025-01-12T00:00:00+00:00'
[2025-01-14T13:21:40.289+0000] {logging_mixin.py:190} INFO - Task instance is in running state
[2025-01-14T13:21:40.296+0000] {logging_mixin.py:190} INFO -  Previous state of the Task instance: queued
[2025-01-14T13:21:40.331+0000] {logging_mixin.py:190} INFO - Current task name:transform_task state:running start_date:2025-01-14 13:21:39.131402+00:00
[2025-01-14T13:21:40.332+0000] {logging_mixin.py:190} INFO - Dag name:etl_pipeline and current dag run status:running
[2025-01-14T13:21:40.333+0000] {taskinstance.py:731} INFO - ::endgroup::
[2025-01-14T13:21:40.400+0000] {logging_mixin.py:190} INFO - Transformed data: [2, 4, 6]
[2025-01-14T13:21:40.404+0000] {python.py:240} INFO - Done. Returned value was: [2, 4, 6]
[2025-01-14T13:21:40.662+0000] {taskinstance.py:340} INFO - ::group::Post task execution logs
[2025-01-14T13:21:40.670+0000] {taskinstance.py:352} INFO - Marking task as SUCCESS. dag_id=etl_pipeline, task_id=transform_task, run_id=scheduled__2025-01-12T00:00:00+00:00, execution_date=20250112T000000, start_date=20250114T132139, end_date=20250114T132140
[2025-01-14T13:21:40.733+0000] {logging_mixin.py:190} INFO - Task instance in success state
[2025-01-14T13:21:40.738+0000] {logging_mixin.py:190} INFO -  Previous state of the Task instance: running
[2025-01-14T13:21:40.740+0000] {logging_mixin.py:190} INFO - Dag name:etl_pipeline queued_at:2025-01-14 13:21:28.674942+00:00
[2025-01-14T13:21:40.745+0000] {logging_mixin.py:190} INFO - Task hostname:3215871494c5 operator:PythonOperator
[2025-01-14T13:21:40.812+0000] {local_task_job_runner.py:266} INFO - Task exited with return code 0
[2025-01-14T13:21:40.942+0000] {taskinstance.py:3895} INFO - 1 downstream tasks scheduled from follow-on schedule check
[2025-01-14T13:21:40.952+0000] {local_task_job_runner.py:245} INFO - ::endgroup::
