[2025-01-14T11:24:55.504+0000] {local_task_job_runner.py:123} INFO - ::group::Pre task execution logs
[2025-01-14T11:24:55.575+0000] {taskinstance.py:2613} INFO - Dependencies all met for dep_context=non-requeueable deps ti=<TaskInstance: etl_pipeline.load_task manual__2025-01-14T11:24:47.294665+00:00 [queued]>
[2025-01-14T11:24:55.608+0000] {taskinstance.py:2613} INFO - Dependencies all met for dep_context=requeueable deps ti=<TaskInstance: etl_pipeline.load_task manual__2025-01-14T11:24:47.294665+00:00 [queued]>
[2025-01-14T11:24:55.609+0000] {taskinstance.py:2866} INFO - Starting attempt 1 of 1
[2025-01-14T11:24:55.782+0000] {taskinstance.py:2889} INFO - Executing <Task(PythonOperator): load_task> on 2025-01-14 11:24:47.294665+00:00
[2025-01-14T11:24:55.823+0000] {logging_mixin.py:190} WARNING - /home/***/.local/lib/python3.12/site-packages/***/task/task_runner/standard_task_runner.py:70 DeprecationWarning: This process (pid=4123) is multi-threaded, use of fork() may lead to deadlocks in the child.
[2025-01-14T11:24:55.826+0000] {standard_task_runner.py:72} INFO - Started process 4193 to run task
[2025-01-14T11:24:55.833+0000] {standard_task_runner.py:104} INFO - Running: ['***', 'tasks', 'run', 'etl_pipeline', 'load_task', 'manual__2025-01-14T11:24:47.294665+00:00', '--job-id', '29', '--raw', '--subdir', 'DAGS_FOLDER/etl_dag.py', '--cfg-path', '/tmp/tmp22kficox']
[2025-01-14T11:24:55.841+0000] {standard_task_runner.py:105} INFO - Job 29: Subtask load_task
[2025-01-14T11:24:56.011+0000] {task_command.py:467} INFO - Running <TaskInstance: etl_pipeline.load_task manual__2025-01-14T11:24:47.294665+00:00 [running]> on host 45eb6cc28065
[2025-01-14T11:24:56.238+0000] {taskinstance.py:3132} INFO - Exporting env vars: AIRFLOW_CTX_DAG_OWNER='***' AIRFLOW_CTX_DAG_ID='etl_pipeline' AIRFLOW_CTX_TASK_ID='load_task' AIRFLOW_CTX_EXECUTION_DATE='2025-01-14T11:24:47.294665+00:00' AIRFLOW_CTX_TRY_NUMBER='1' AIRFLOW_CTX_DAG_RUN_ID='manual__2025-01-14T11:24:47.294665+00:00'
[2025-01-14T11:24:56.247+0000] {logging_mixin.py:190} INFO - Task instance is in running state
[2025-01-14T11:24:56.248+0000] {logging_mixin.py:190} INFO -  Previous state of the Task instance: queued
[2025-01-14T11:24:56.251+0000] {logging_mixin.py:190} INFO - Current task name:load_task state:running start_date:2025-01-14 11:24:55.577088+00:00
[2025-01-14T11:24:56.253+0000] {logging_mixin.py:190} INFO - Dag name:etl_pipeline and current dag run status:running
[2025-01-14T11:24:56.262+0000] {taskinstance.py:731} INFO - ::endgroup::
[2025-01-14T11:24:56.303+0000] {logging_mixin.py:190} INFO - Loading data: [2, 4, 6]
[2025-01-14T11:24:56.306+0000] {python.py:240} INFO - Done. Returned value was: None
[2025-01-14T11:24:56.332+0000] {taskinstance.py:340} INFO - ::group::Post task execution logs
[2025-01-14T11:24:56.339+0000] {taskinstance.py:352} INFO - Marking task as SUCCESS. dag_id=etl_pipeline, task_id=load_task, run_id=manual__2025-01-14T11:24:47.294665+00:00, execution_date=20250114T112447, start_date=20250114T112455, end_date=20250114T112456
[2025-01-14T11:24:56.381+0000] {logging_mixin.py:190} INFO - Task instance in success state
[2025-01-14T11:24:56.384+0000] {logging_mixin.py:190} INFO -  Previous state of the Task instance: running
[2025-01-14T11:24:56.387+0000] {logging_mixin.py:190} INFO - Dag name:etl_pipeline queued_at:2025-01-14 11:24:47.329960+00:00
[2025-01-14T11:24:56.388+0000] {logging_mixin.py:190} INFO - Task hostname:45eb6cc28065 operator:PythonOperator
[2025-01-14T11:24:56.439+0000] {local_task_job_runner.py:266} INFO - Task exited with return code 0
[2025-01-14T11:24:56.469+0000] {local_task_job_runner.py:245} INFO - ::endgroup::
