[2025-01-14T11:24:56.033+0000] {local_task_job_runner.py:123} INFO - ::group::Pre task execution logs
[2025-01-14T11:24:56.106+0000] {taskinstance.py:2613} INFO - Dependencies all met for dep_context=non-requeueable deps ti=<TaskInstance: etl_pipeline.transform_task scheduled__2025-01-13T00:00:00+00:00 [queued]>
[2025-01-14T11:24:56.142+0000] {taskinstance.py:2613} INFO - Dependencies all met for dep_context=requeueable deps ti=<TaskInstance: etl_pipeline.transform_task scheduled__2025-01-13T00:00:00+00:00 [queued]>
[2025-01-14T11:24:56.147+0000] {taskinstance.py:2866} INFO - Starting attempt 1 of 1
[2025-01-14T11:24:56.208+0000] {taskinstance.py:2889} INFO - Executing <Task(PythonOperator): transform_task> on 2025-01-13 00:00:00+00:00
[2025-01-14T11:24:56.240+0000] {standard_task_runner.py:104} INFO - Running: ['***', 'tasks', 'run', 'etl_pipeline', 'transform_task', 'scheduled__2025-01-13T00:00:00+00:00', '--job-id', '34', '--raw', '--subdir', 'DAGS_FOLDER/etl_dag.py', '--cfg-path', '/tmp/tmpfi968xjp']
[2025-01-14T11:24:56.251+0000] {standard_task_runner.py:105} INFO - Job 34: Subtask transform_task
[2025-01-14T11:24:56.265+0000] {logging_mixin.py:190} WARNING - /home/***/.local/lib/python3.12/site-packages/***/task/task_runner/standard_task_runner.py:70 DeprecationWarning: This process (pid=4125) is multi-threaded, use of fork() may lead to deadlocks in the child.
[2025-01-14T11:24:56.271+0000] {standard_task_runner.py:72} INFO - Started process 4209 to run task
[2025-01-14T11:24:56.444+0000] {task_command.py:467} INFO - Running <TaskInstance: etl_pipeline.transform_task scheduled__2025-01-13T00:00:00+00:00 [running]> on host 45eb6cc28065
[2025-01-14T11:24:56.661+0000] {taskinstance.py:3132} INFO - Exporting env vars: AIRFLOW_CTX_DAG_OWNER='***' AIRFLOW_CTX_DAG_ID='etl_pipeline' AIRFLOW_CTX_TASK_ID='transform_task' AIRFLOW_CTX_EXECUTION_DATE='2025-01-13T00:00:00+00:00' AIRFLOW_CTX_TRY_NUMBER='1' AIRFLOW_CTX_DAG_RUN_ID='scheduled__2025-01-13T00:00:00+00:00'
[2025-01-14T11:24:56.664+0000] {logging_mixin.py:190} INFO - Task instance is in running state
[2025-01-14T11:24:56.665+0000] {logging_mixin.py:190} INFO -  Previous state of the Task instance: queued
[2025-01-14T11:24:56.669+0000] {logging_mixin.py:190} INFO - Current task name:transform_task state:running start_date:2025-01-14 11:24:56.108902+00:00
[2025-01-14T11:24:56.671+0000] {logging_mixin.py:190} INFO - Dag name:etl_pipeline and current dag run status:running
[2025-01-14T11:24:56.672+0000] {taskinstance.py:731} INFO - ::endgroup::
[2025-01-14T11:24:56.726+0000] {logging_mixin.py:190} INFO - Transformed data: [2, 4, 6]
[2025-01-14T11:24:56.728+0000] {python.py:240} INFO - Done. Returned value was: [2, 4, 6]
[2025-01-14T11:24:56.814+0000] {taskinstance.py:340} INFO - ::group::Post task execution logs
[2025-01-14T11:24:56.822+0000] {taskinstance.py:352} INFO - Marking task as SUCCESS. dag_id=etl_pipeline, task_id=transform_task, run_id=scheduled__2025-01-13T00:00:00+00:00, execution_date=20250113T000000, start_date=20250114T112456, end_date=20250114T112456
[2025-01-14T11:24:56.855+0000] {logging_mixin.py:190} INFO - Task instance in success state
[2025-01-14T11:24:56.859+0000] {logging_mixin.py:190} INFO -  Previous state of the Task instance: running
[2025-01-14T11:24:56.861+0000] {logging_mixin.py:190} INFO - Dag name:etl_pipeline queued_at:2025-01-14 11:24:49.569099+00:00
[2025-01-14T11:24:56.861+0000] {logging_mixin.py:190} INFO - Task hostname:45eb6cc28065 operator:PythonOperator
[2025-01-14T11:24:56.877+0000] {local_task_job_runner.py:266} INFO - Task exited with return code 0
[2025-01-14T11:24:56.906+0000] {taskinstance.py:3895} INFO - 1 downstream tasks scheduled from follow-on schedule check
[2025-01-14T11:24:56.913+0000] {local_task_job_runner.py:245} INFO - ::endgroup::
[2025-01-14T13:21:38.365+0000] {local_task_job_runner.py:123} INFO - ::group::Pre task execution logs
[2025-01-14T13:21:38.501+0000] {taskinstance.py:2613} INFO - Dependencies all met for dep_context=non-requeueable deps ti=<TaskInstance: etl_pipeline.transform_task scheduled__2025-01-13T00:00:00+00:00 [queued]>
[2025-01-14T13:21:38.534+0000] {taskinstance.py:2613} INFO - Dependencies all met for dep_context=requeueable deps ti=<TaskInstance: etl_pipeline.transform_task scheduled__2025-01-13T00:00:00+00:00 [queued]>
[2025-01-14T13:21:38.535+0000] {taskinstance.py:2866} INFO - Starting attempt 1 of 1
[2025-01-14T13:21:38.582+0000] {taskinstance.py:2889} INFO - Executing <Task(PythonOperator): transform_task> on 2025-01-13 00:00:00+00:00
[2025-01-14T13:21:38.611+0000] {logging_mixin.py:190} WARNING - /home/***/.local/lib/python3.12/site-packages/***/task/task_runner/standard_task_runner.py:70 DeprecationWarning: This process (pid=1327) is multi-threaded, use of fork() may lead to deadlocks in the child.
[2025-01-14T13:21:38.612+0000] {standard_task_runner.py:104} INFO - Running: ['***', 'tasks', 'run', 'etl_pipeline', 'transform_task', 'scheduled__2025-01-13T00:00:00+00:00', '--job-id', '27', '--raw', '--subdir', 'DAGS_FOLDER/etl_dag.py', '--cfg-path', '/tmp/tmpso0t2sfa']
[2025-01-14T13:21:38.614+0000] {standard_task_runner.py:72} INFO - Started process 1389 to run task
[2025-01-14T13:21:38.621+0000] {standard_task_runner.py:105} INFO - Job 27: Subtask transform_task
[2025-01-14T13:21:38.815+0000] {task_command.py:467} INFO - Running <TaskInstance: etl_pipeline.transform_task scheduled__2025-01-13T00:00:00+00:00 [running]> on host 3215871494c5
[2025-01-14T13:21:39.144+0000] {taskinstance.py:3132} INFO - Exporting env vars: AIRFLOW_CTX_DAG_OWNER='***' AIRFLOW_CTX_DAG_ID='etl_pipeline' AIRFLOW_CTX_TASK_ID='transform_task' AIRFLOW_CTX_EXECUTION_DATE='2025-01-13T00:00:00+00:00' AIRFLOW_CTX_TRY_NUMBER='1' AIRFLOW_CTX_DAG_RUN_ID='scheduled__2025-01-13T00:00:00+00:00'
[2025-01-14T13:21:39.150+0000] {logging_mixin.py:190} INFO - Task instance is in running state
[2025-01-14T13:21:39.152+0000] {logging_mixin.py:190} INFO -  Previous state of the Task instance: queued
[2025-01-14T13:21:39.157+0000] {logging_mixin.py:190} INFO - Current task name:transform_task state:running start_date:2025-01-14 13:21:38.504243+00:00
[2025-01-14T13:21:39.158+0000] {logging_mixin.py:190} INFO - Dag name:etl_pipeline and current dag run status:running
[2025-01-14T13:21:39.163+0000] {taskinstance.py:731} INFO - ::endgroup::
[2025-01-14T13:21:39.243+0000] {logging_mixin.py:190} INFO - Transformed data: [2, 4, 6]
[2025-01-14T13:21:39.254+0000] {python.py:240} INFO - Done. Returned value was: [2, 4, 6]
[2025-01-14T13:21:39.442+0000] {taskinstance.py:340} INFO - ::group::Post task execution logs
[2025-01-14T13:21:39.467+0000] {taskinstance.py:352} INFO - Marking task as SUCCESS. dag_id=etl_pipeline, task_id=transform_task, run_id=scheduled__2025-01-13T00:00:00+00:00, execution_date=20250113T000000, start_date=20250114T132138, end_date=20250114T132139
[2025-01-14T13:21:39.845+0000] {logging_mixin.py:190} INFO - Task instance in success state
[2025-01-14T13:21:39.850+0000] {logging_mixin.py:190} INFO -  Previous state of the Task instance: running
[2025-01-14T13:21:39.864+0000] {logging_mixin.py:190} INFO - Dag name:etl_pipeline queued_at:2025-01-14 13:21:29.144550+00:00
[2025-01-14T13:21:39.870+0000] {logging_mixin.py:190} INFO - Task hostname:3215871494c5 operator:PythonOperator
[2025-01-14T13:21:39.911+0000] {local_task_job_runner.py:266} INFO - Task exited with return code 0
[2025-01-14T13:21:40.115+0000] {taskinstance.py:3895} INFO - 1 downstream tasks scheduled from follow-on schedule check
[2025-01-14T13:21:40.164+0000] {local_task_job_runner.py:245} INFO - ::endgroup::
