[2025-01-14T11:24:54.248+0000] {local_task_job_runner.py:123} INFO - ::group::Pre task execution logs
[2025-01-14T11:24:54.345+0000] {taskinstance.py:2613} INFO - Dependencies all met for dep_context=non-requeueable deps ti=<TaskInstance: etl_pipeline.transform_task scheduled__2025-01-07T00:00:00+00:00 [queued]>
[2025-01-14T11:24:54.380+0000] {taskinstance.py:2613} INFO - Dependencies all met for dep_context=requeueable deps ti=<TaskInstance: etl_pipeline.transform_task scheduled__2025-01-07T00:00:00+00:00 [queued]>
[2025-01-14T11:24:54.389+0000] {taskinstance.py:2866} INFO - Starting attempt 1 of 1
[2025-01-14T11:24:54.428+0000] {taskinstance.py:2889} INFO - Executing <Task(PythonOperator): transform_task> on 2025-01-07 00:00:00+00:00
[2025-01-14T11:24:54.466+0000] {standard_task_runner.py:104} INFO - Running: ['***', 'tasks', 'run', 'etl_pipeline', 'transform_task', 'scheduled__2025-01-07T00:00:00+00:00', '--job-id', '27', '--raw', '--subdir', 'DAGS_FOLDER/etl_dag.py', '--cfg-path', '/tmp/tmpc7ml9qr_']
[2025-01-14T11:24:54.473+0000] {standard_task_runner.py:105} INFO - Job 27: Subtask transform_task
[2025-01-14T11:24:54.480+0000] {logging_mixin.py:190} WARNING - /home/***/.local/lib/python3.12/site-packages/***/task/task_runner/standard_task_runner.py:70 DeprecationWarning: This process (pid=4079) is multi-threaded, use of fork() may lead to deadlocks in the child.
[2025-01-14T11:24:54.488+0000] {standard_task_runner.py:72} INFO - Started process 4160 to run task
[2025-01-14T11:24:54.642+0000] {task_command.py:467} INFO - Running <TaskInstance: etl_pipeline.transform_task scheduled__2025-01-07T00:00:00+00:00 [running]> on host 45eb6cc28065
[2025-01-14T11:24:54.915+0000] {taskinstance.py:3132} INFO - Exporting env vars: AIRFLOW_CTX_DAG_OWNER='***' AIRFLOW_CTX_DAG_ID='etl_pipeline' AIRFLOW_CTX_TASK_ID='transform_task' AIRFLOW_CTX_EXECUTION_DATE='2025-01-07T00:00:00+00:00' AIRFLOW_CTX_TRY_NUMBER='1' AIRFLOW_CTX_DAG_RUN_ID='scheduled__2025-01-07T00:00:00+00:00'
[2025-01-14T11:24:54.922+0000] {logging_mixin.py:190} INFO - Task instance is in running state
[2025-01-14T11:24:54.924+0000] {logging_mixin.py:190} INFO -  Previous state of the Task instance: queued
[2025-01-14T11:24:54.937+0000] {logging_mixin.py:190} INFO - Current task name:transform_task state:running start_date:2025-01-14 11:24:54.346581+00:00
[2025-01-14T11:24:54.939+0000] {logging_mixin.py:190} INFO - Dag name:etl_pipeline and current dag run status:running
[2025-01-14T11:24:54.945+0000] {taskinstance.py:731} INFO - ::endgroup::
[2025-01-14T11:24:54.990+0000] {logging_mixin.py:190} INFO - Transformed data: [2, 4, 6]
[2025-01-14T11:24:54.994+0000] {python.py:240} INFO - Done. Returned value was: [2, 4, 6]
[2025-01-14T11:24:55.074+0000] {taskinstance.py:340} INFO - ::group::Post task execution logs
[2025-01-14T11:24:55.076+0000] {taskinstance.py:352} INFO - Marking task as SUCCESS. dag_id=etl_pipeline, task_id=transform_task, run_id=scheduled__2025-01-07T00:00:00+00:00, execution_date=20250107T000000, start_date=20250114T112454, end_date=20250114T112455
[2025-01-14T11:24:55.092+0000] {logging_mixin.py:190} INFO - Task instance in success state
[2025-01-14T11:24:55.097+0000] {logging_mixin.py:190} INFO -  Previous state of the Task instance: running
[2025-01-14T11:24:55.099+0000] {logging_mixin.py:190} INFO - Dag name:etl_pipeline queued_at:2025-01-14 11:24:47.961714+00:00
[2025-01-14T11:24:55.100+0000] {logging_mixin.py:190} INFO - Task hostname:45eb6cc28065 operator:PythonOperator
[2025-01-14T11:24:55.148+0000] {local_task_job_runner.py:266} INFO - Task exited with return code 0
[2025-01-14T11:24:55.184+0000] {taskinstance.py:3895} INFO - 1 downstream tasks scheduled from follow-on schedule check
[2025-01-14T11:24:55.190+0000] {local_task_job_runner.py:245} INFO - ::endgroup::
[2025-01-14T13:21:37.049+0000] {local_task_job_runner.py:123} INFO - ::group::Pre task execution logs
[2025-01-14T13:21:37.113+0000] {taskinstance.py:2613} INFO - Dependencies all met for dep_context=non-requeueable deps ti=<TaskInstance: etl_pipeline.transform_task scheduled__2025-01-07T00:00:00+00:00 [queued]>
[2025-01-14T13:21:37.137+0000] {taskinstance.py:2613} INFO - Dependencies all met for dep_context=requeueable deps ti=<TaskInstance: etl_pipeline.transform_task scheduled__2025-01-07T00:00:00+00:00 [queued]>
[2025-01-14T13:21:37.139+0000] {taskinstance.py:2866} INFO - Starting attempt 1 of 1
[2025-01-14T13:21:37.173+0000] {taskinstance.py:2889} INFO - Executing <Task(PythonOperator): transform_task> on 2025-01-07 00:00:00+00:00
[2025-01-14T13:21:37.219+0000] {logging_mixin.py:190} WARNING - /home/***/.local/lib/python3.12/site-packages/***/task/task_runner/standard_task_runner.py:70 DeprecationWarning: This process (pid=1289) is multi-threaded, use of fork() may lead to deadlocks in the child.
[2025-01-14T13:21:37.216+0000] {standard_task_runner.py:104} INFO - Running: ['***', 'tasks', 'run', 'etl_pipeline', 'transform_task', 'scheduled__2025-01-07T00:00:00+00:00', '--job-id', '25', '--raw', '--subdir', 'DAGS_FOLDER/etl_dag.py', '--cfg-path', '/tmp/tmpg7m6hcyy']
[2025-01-14T13:21:37.225+0000] {standard_task_runner.py:105} INFO - Job 25: Subtask transform_task
[2025-01-14T13:21:37.224+0000] {standard_task_runner.py:72} INFO - Started process 1362 to run task
[2025-01-14T13:21:37.461+0000] {task_command.py:467} INFO - Running <TaskInstance: etl_pipeline.transform_task scheduled__2025-01-07T00:00:00+00:00 [running]> on host 3215871494c5
[2025-01-14T13:21:37.888+0000] {taskinstance.py:3132} INFO - Exporting env vars: AIRFLOW_CTX_DAG_OWNER='***' AIRFLOW_CTX_DAG_ID='etl_pipeline' AIRFLOW_CTX_TASK_ID='transform_task' AIRFLOW_CTX_EXECUTION_DATE='2025-01-07T00:00:00+00:00' AIRFLOW_CTX_TRY_NUMBER='1' AIRFLOW_CTX_DAG_RUN_ID='scheduled__2025-01-07T00:00:00+00:00'
[2025-01-14T13:21:37.897+0000] {logging_mixin.py:190} INFO - Task instance is in running state
[2025-01-14T13:21:37.902+0000] {logging_mixin.py:190} INFO -  Previous state of the Task instance: queued
[2025-01-14T13:21:37.904+0000] {logging_mixin.py:190} INFO - Current task name:transform_task state:running start_date:2025-01-14 13:21:37.115941+00:00
[2025-01-14T13:21:37.906+0000] {logging_mixin.py:190} INFO - Dag name:etl_pipeline and current dag run status:running
[2025-01-14T13:21:37.911+0000] {taskinstance.py:731} INFO - ::endgroup::
[2025-01-14T13:21:37.960+0000] {logging_mixin.py:190} INFO - Transformed data: [2, 4, 6]
[2025-01-14T13:21:37.962+0000] {python.py:240} INFO - Done. Returned value was: [2, 4, 6]
[2025-01-14T13:21:38.036+0000] {taskinstance.py:340} INFO - ::group::Post task execution logs
[2025-01-14T13:21:38.046+0000] {taskinstance.py:352} INFO - Marking task as SUCCESS. dag_id=etl_pipeline, task_id=transform_task, run_id=scheduled__2025-01-07T00:00:00+00:00, execution_date=20250107T000000, start_date=20250114T132137, end_date=20250114T132138
[2025-01-14T13:21:38.114+0000] {logging_mixin.py:190} INFO - Task instance in success state
[2025-01-14T13:21:38.121+0000] {logging_mixin.py:190} INFO -  Previous state of the Task instance: running
[2025-01-14T13:21:38.129+0000] {logging_mixin.py:190} INFO - Dag name:etl_pipeline queued_at:2025-01-14 13:21:27.026357+00:00
[2025-01-14T13:21:38.135+0000] {logging_mixin.py:190} INFO - Task hostname:3215871494c5 operator:PythonOperator
[2025-01-14T13:21:38.219+0000] {local_task_job_runner.py:266} INFO - Task exited with return code 0
[2025-01-14T13:21:38.293+0000] {taskinstance.py:3895} INFO - 1 downstream tasks scheduled from follow-on schedule check
[2025-01-14T13:21:38.310+0000] {local_task_job_runner.py:245} INFO - ::endgroup::
