[2025-01-14T11:24:50.141+0000] {local_task_job_runner.py:123} INFO - ::group::Pre task execution logs
[2025-01-14T11:24:50.198+0000] {taskinstance.py:2613} INFO - Dependencies all met for dep_context=non-requeueable deps ti=<TaskInstance: etl_pipeline.extract_task scheduled__2025-01-08T00:00:00+00:00 [queued]>
[2025-01-14T11:24:50.212+0000] {taskinstance.py:2613} INFO - Dependencies all met for dep_context=requeueable deps ti=<TaskInstance: etl_pipeline.extract_task scheduled__2025-01-08T00:00:00+00:00 [queued]>
[2025-01-14T11:24:50.213+0000] {taskinstance.py:2866} INFO - Starting attempt 1 of 1
[2025-01-14T11:24:50.318+0000] {taskinstance.py:2889} INFO - Executing <Task(PythonOperator): extract_task> on 2025-01-08 00:00:00+00:00
[2025-01-14T11:24:50.347+0000] {logging_mixin.py:190} WARNING - /home/***/.local/lib/python3.12/site-packages/***/task/task_runner/standard_task_runner.py:70 DeprecationWarning: This process (pid=4041) is multi-threaded, use of fork() may lead to deadlocks in the child.
[2025-01-14T11:24:50.342+0000] {standard_task_runner.py:104} INFO - Running: ['***', 'tasks', 'run', 'etl_pipeline', 'extract_task', 'scheduled__2025-01-08T00:00:00+00:00', '--job-id', '12', '--raw', '--subdir', 'DAGS_FOLDER/etl_dag.py', '--cfg-path', '/tmp/tmphvk5xzrn']
[2025-01-14T11:24:50.350+0000] {standard_task_runner.py:105} INFO - Job 12: Subtask extract_task
[2025-01-14T11:24:50.349+0000] {standard_task_runner.py:72} INFO - Started process 4070 to run task
[2025-01-14T11:24:50.499+0000] {task_command.py:467} INFO - Running <TaskInstance: etl_pipeline.extract_task scheduled__2025-01-08T00:00:00+00:00 [running]> on host 45eb6cc28065
[2025-01-14T11:24:51.013+0000] {taskinstance.py:3132} INFO - Exporting env vars: AIRFLOW_CTX_DAG_OWNER='***' AIRFLOW_CTX_DAG_ID='etl_pipeline' AIRFLOW_CTX_TASK_ID='extract_task' AIRFLOW_CTX_EXECUTION_DATE='2025-01-08T00:00:00+00:00' AIRFLOW_CTX_TRY_NUMBER='1' AIRFLOW_CTX_DAG_RUN_ID='scheduled__2025-01-08T00:00:00+00:00'
[2025-01-14T11:24:51.019+0000] {logging_mixin.py:190} INFO - Task instance is in running state
[2025-01-14T11:24:51.022+0000] {logging_mixin.py:190} INFO -  Previous state of the Task instance: queued
[2025-01-14T11:24:51.023+0000] {logging_mixin.py:190} INFO - Current task name:extract_task state:running start_date:2025-01-14 11:24:50.199291+00:00
[2025-01-14T11:24:51.025+0000] {logging_mixin.py:190} INFO - Dag name:etl_pipeline and current dag run status:running
[2025-01-14T11:24:51.027+0000] {taskinstance.py:731} INFO - ::endgroup::
[2025-01-14T11:24:51.031+0000] {logging_mixin.py:190} INFO - Extracting data...
[2025-01-14T11:24:51.032+0000] {python.py:240} INFO - Done. Returned value was: {'data': [1, 2, 3]}
[2025-01-14T11:24:51.075+0000] {taskinstance.py:340} INFO - ::group::Post task execution logs
[2025-01-14T11:24:51.076+0000] {taskinstance.py:352} INFO - Marking task as SUCCESS. dag_id=etl_pipeline, task_id=extract_task, run_id=scheduled__2025-01-08T00:00:00+00:00, execution_date=20250108T000000, start_date=20250114T112450, end_date=20250114T112451
[2025-01-14T11:24:51.103+0000] {logging_mixin.py:190} INFO - Task instance in success state
[2025-01-14T11:24:51.107+0000] {logging_mixin.py:190} INFO -  Previous state of the Task instance: running
[2025-01-14T11:24:51.110+0000] {logging_mixin.py:190} INFO - Dag name:etl_pipeline queued_at:2025-01-14 11:24:48.088089+00:00
[2025-01-14T11:24:51.118+0000] {logging_mixin.py:190} INFO - Task hostname:45eb6cc28065 operator:PythonOperator
[2025-01-14T11:24:51.176+0000] {local_task_job_runner.py:266} INFO - Task exited with return code 0
[2025-01-14T11:24:51.236+0000] {taskinstance.py:3895} INFO - 1 downstream tasks scheduled from follow-on schedule check
[2025-01-14T11:24:51.241+0000] {local_task_job_runner.py:245} INFO - ::endgroup::
[2025-01-14T13:21:30.398+0000] {local_task_job_runner.py:123} INFO - ::group::Pre task execution logs
[2025-01-14T13:21:30.457+0000] {taskinstance.py:2613} INFO - Dependencies all met for dep_context=non-requeueable deps ti=<TaskInstance: etl_pipeline.extract_task scheduled__2025-01-08T00:00:00+00:00 [queued]>
[2025-01-14T13:21:30.528+0000] {taskinstance.py:2613} INFO - Dependencies all met for dep_context=requeueable deps ti=<TaskInstance: etl_pipeline.extract_task scheduled__2025-01-08T00:00:00+00:00 [queued]>
[2025-01-14T13:21:30.534+0000] {taskinstance.py:2866} INFO - Starting attempt 1 of 1
[2025-01-14T13:21:30.604+0000] {taskinstance.py:2889} INFO - Executing <Task(PythonOperator): extract_task> on 2025-01-08 00:00:00+00:00
[2025-01-14T13:21:30.637+0000] {standard_task_runner.py:104} INFO - Running: ['***', 'tasks', 'run', 'etl_pipeline', 'extract_task', 'scheduled__2025-01-08T00:00:00+00:00', '--job-id', '9', '--raw', '--subdir', 'DAGS_FOLDER/etl_dag.py', '--cfg-path', '/tmp/tmpv_phrvbs']
[2025-01-14T13:21:30.641+0000] {logging_mixin.py:190} WARNING - /home/***/.local/lib/python3.12/site-packages/***/task/task_runner/standard_task_runner.py:70 DeprecationWarning: This process (pid=1205) is multi-threaded, use of fork() may lead to deadlocks in the child.
[2025-01-14T13:21:30.643+0000] {standard_task_runner.py:105} INFO - Job 9: Subtask extract_task
[2025-01-14T13:21:30.645+0000] {standard_task_runner.py:72} INFO - Started process 1255 to run task
[2025-01-14T13:21:30.849+0000] {task_command.py:467} INFO - Running <TaskInstance: etl_pipeline.extract_task scheduled__2025-01-08T00:00:00+00:00 [running]> on host 3215871494c5
[2025-01-14T13:21:31.149+0000] {taskinstance.py:3132} INFO - Exporting env vars: AIRFLOW_CTX_DAG_OWNER='***' AIRFLOW_CTX_DAG_ID='etl_pipeline' AIRFLOW_CTX_TASK_ID='extract_task' AIRFLOW_CTX_EXECUTION_DATE='2025-01-08T00:00:00+00:00' AIRFLOW_CTX_TRY_NUMBER='1' AIRFLOW_CTX_DAG_RUN_ID='scheduled__2025-01-08T00:00:00+00:00'
[2025-01-14T13:21:31.155+0000] {logging_mixin.py:190} INFO - Task instance is in running state
[2025-01-14T13:21:31.160+0000] {logging_mixin.py:190} INFO -  Previous state of the Task instance: queued
[2025-01-14T13:21:31.161+0000] {logging_mixin.py:190} INFO - Current task name:extract_task state:running start_date:2025-01-14 13:21:30.469112+00:00
[2025-01-14T13:21:31.163+0000] {logging_mixin.py:190} INFO - Dag name:etl_pipeline and current dag run status:running
[2025-01-14T13:21:31.164+0000] {taskinstance.py:731} INFO - ::endgroup::
[2025-01-14T13:21:31.167+0000] {logging_mixin.py:190} INFO - Extracting data...
[2025-01-14T13:21:31.173+0000] {python.py:240} INFO - Done. Returned value was: {'data': [1, 2, 3]}
[2025-01-14T13:21:31.234+0000] {taskinstance.py:340} INFO - ::group::Post task execution logs
[2025-01-14T13:21:31.235+0000] {taskinstance.py:352} INFO - Marking task as SUCCESS. dag_id=etl_pipeline, task_id=extract_task, run_id=scheduled__2025-01-08T00:00:00+00:00, execution_date=20250108T000000, start_date=20250114T132130, end_date=20250114T132131
[2025-01-14T13:21:31.262+0000] {logging_mixin.py:190} INFO - Task instance in success state
[2025-01-14T13:21:31.264+0000] {logging_mixin.py:190} INFO -  Previous state of the Task instance: running
[2025-01-14T13:21:31.266+0000] {logging_mixin.py:190} INFO - Dag name:etl_pipeline queued_at:2025-01-14 13:21:27.302166+00:00
[2025-01-14T13:21:31.267+0000] {logging_mixin.py:190} INFO - Task hostname:3215871494c5 operator:PythonOperator
[2025-01-14T13:21:31.303+0000] {local_task_job_runner.py:266} INFO - Task exited with return code 0
[2025-01-14T13:21:31.471+0000] {taskinstance.py:3895} INFO - 1 downstream tasks scheduled from follow-on schedule check
[2025-01-14T13:21:31.491+0000] {local_task_job_runner.py:245} INFO - ::endgroup::
