[2025-01-14T11:24:57.769+0000] {local_task_job_runner.py:123} INFO - ::group::Pre task execution logs
[2025-01-14T11:24:57.793+0000] {taskinstance.py:2613} INFO - Dependencies all met for dep_context=non-requeueable deps ti=<TaskInstance: etl_pipeline.load_task scheduled__2025-01-05T00:00:00+00:00 [queued]>
[2025-01-14T11:24:57.811+0000] {taskinstance.py:2613} INFO - Dependencies all met for dep_context=requeueable deps ti=<TaskInstance: etl_pipeline.load_task scheduled__2025-01-05T00:00:00+00:00 [queued]>
[2025-01-14T11:24:57.812+0000] {taskinstance.py:2866} INFO - Starting attempt 1 of 1
[2025-01-14T11:24:57.835+0000] {taskinstance.py:2889} INFO - Executing <Task(PythonOperator): load_task> on 2025-01-05 00:00:00+00:00
[2025-01-14T11:24:57.847+0000] {logging_mixin.py:190} WARNING - /home/***/.local/lib/python3.12/site-packages/***/task/task_runner/standard_task_runner.py:70 DeprecationWarning: This process (pid=4179) is multi-threaded, use of fork() may lead to deadlocks in the child.
[2025-01-14T11:24:57.848+0000] {standard_task_runner.py:104} INFO - Running: ['***', 'tasks', 'run', 'etl_pipeline', 'load_task', 'scheduled__2025-01-05T00:00:00+00:00', '--job-id', '40', '--raw', '--subdir', 'DAGS_FOLDER/etl_dag.py', '--cfg-path', '/tmp/tmpuv01208y']
[2025-01-14T11:24:57.849+0000] {standard_task_runner.py:72} INFO - Started process 4275 to run task
[2025-01-14T11:24:57.849+0000] {standard_task_runner.py:105} INFO - Job 40: Subtask load_task
[2025-01-14T11:24:57.930+0000] {task_command.py:467} INFO - Running <TaskInstance: etl_pipeline.load_task scheduled__2025-01-05T00:00:00+00:00 [running]> on host 45eb6cc28065
[2025-01-14T11:24:58.095+0000] {taskinstance.py:3132} INFO - Exporting env vars: AIRFLOW_CTX_DAG_OWNER='***' AIRFLOW_CTX_DAG_ID='etl_pipeline' AIRFLOW_CTX_TASK_ID='load_task' AIRFLOW_CTX_EXECUTION_DATE='2025-01-05T00:00:00+00:00' AIRFLOW_CTX_TRY_NUMBER='1' AIRFLOW_CTX_DAG_RUN_ID='scheduled__2025-01-05T00:00:00+00:00'
[2025-01-14T11:24:58.098+0000] {logging_mixin.py:190} INFO - Task instance is in running state
[2025-01-14T11:24:58.098+0000] {logging_mixin.py:190} INFO -  Previous state of the Task instance: queued
[2025-01-14T11:24:58.099+0000] {logging_mixin.py:190} INFO - Current task name:load_task state:running start_date:2025-01-14 11:24:57.794364+00:00
[2025-01-14T11:24:58.100+0000] {logging_mixin.py:190} INFO - Dag name:etl_pipeline and current dag run status:running
[2025-01-14T11:24:58.101+0000] {taskinstance.py:731} INFO - ::endgroup::
[2025-01-14T11:24:58.116+0000] {logging_mixin.py:190} INFO - Loading data: [2, 4, 6]
[2025-01-14T11:24:58.117+0000] {python.py:240} INFO - Done. Returned value was: None
[2025-01-14T11:24:58.131+0000] {taskinstance.py:340} INFO - ::group::Post task execution logs
[2025-01-14T11:24:58.132+0000] {taskinstance.py:352} INFO - Marking task as SUCCESS. dag_id=etl_pipeline, task_id=load_task, run_id=scheduled__2025-01-05T00:00:00+00:00, execution_date=20250105T000000, start_date=20250114T112457, end_date=20250114T112458
[2025-01-14T11:24:58.146+0000] {logging_mixin.py:190} INFO - Task instance in success state
[2025-01-14T11:24:58.148+0000] {logging_mixin.py:190} INFO -  Previous state of the Task instance: running
[2025-01-14T11:24:58.149+0000] {logging_mixin.py:190} INFO - Dag name:etl_pipeline queued_at:2025-01-14 11:24:47.707247+00:00
[2025-01-14T11:24:58.149+0000] {logging_mixin.py:190} INFO - Task hostname:45eb6cc28065 operator:PythonOperator
[2025-01-14T11:24:58.197+0000] {local_task_job_runner.py:266} INFO - Task exited with return code 0
[2025-01-14T11:24:58.218+0000] {taskinstance.py:3895} INFO - 0 downstream tasks scheduled from follow-on schedule check
[2025-01-14T11:24:58.221+0000] {local_task_job_runner.py:245} INFO - ::endgroup::
[2025-01-14T13:21:40.924+0000] {local_task_job_runner.py:123} INFO - ::group::Pre task execution logs
[2025-01-14T13:21:40.998+0000] {taskinstance.py:2613} INFO - Dependencies all met for dep_context=non-requeueable deps ti=<TaskInstance: etl_pipeline.load_task scheduled__2025-01-05T00:00:00+00:00 [queued]>
[2025-01-14T13:21:41.066+0000] {taskinstance.py:2613} INFO - Dependencies all met for dep_context=requeueable deps ti=<TaskInstance: etl_pipeline.load_task scheduled__2025-01-05T00:00:00+00:00 [queued]>
[2025-01-14T13:21:41.080+0000] {taskinstance.py:2866} INFO - Starting attempt 1 of 1
[2025-01-14T13:21:41.170+0000] {taskinstance.py:2889} INFO - Executing <Task(PythonOperator): load_task> on 2025-01-05 00:00:00+00:00
[2025-01-14T13:21:41.199+0000] {logging_mixin.py:190} WARNING - /home/***/.local/lib/python3.12/site-packages/***/task/task_runner/standard_task_runner.py:70 DeprecationWarning: This process (pid=1368) is multi-threaded, use of fork() may lead to deadlocks in the child.
[2025-01-14T13:21:41.206+0000] {standard_task_runner.py:72} INFO - Started process 1425 to run task
[2025-01-14T13:21:41.209+0000] {standard_task_runner.py:104} INFO - Running: ['***', 'tasks', 'run', 'etl_pipeline', 'load_task', 'scheduled__2025-01-05T00:00:00+00:00', '--job-id', '31', '--raw', '--subdir', 'DAGS_FOLDER/etl_dag.py', '--cfg-path', '/tmp/tmpy3cfzdqa']
[2025-01-14T13:21:41.222+0000] {standard_task_runner.py:105} INFO - Job 31: Subtask load_task
[2025-01-14T13:21:41.507+0000] {task_command.py:467} INFO - Running <TaskInstance: etl_pipeline.load_task scheduled__2025-01-05T00:00:00+00:00 [running]> on host 3215871494c5
[2025-01-14T13:21:41.871+0000] {taskinstance.py:3132} INFO - Exporting env vars: AIRFLOW_CTX_DAG_OWNER='***' AIRFLOW_CTX_DAG_ID='etl_pipeline' AIRFLOW_CTX_TASK_ID='load_task' AIRFLOW_CTX_EXECUTION_DATE='2025-01-05T00:00:00+00:00' AIRFLOW_CTX_TRY_NUMBER='1' AIRFLOW_CTX_DAG_RUN_ID='scheduled__2025-01-05T00:00:00+00:00'
[2025-01-14T13:21:41.877+0000] {logging_mixin.py:190} INFO - Task instance is in running state
[2025-01-14T13:21:41.878+0000] {logging_mixin.py:190} INFO -  Previous state of the Task instance: queued
[2025-01-14T13:21:41.884+0000] {logging_mixin.py:190} INFO - Current task name:load_task state:running start_date:2025-01-14 13:21:41.004110+00:00
[2025-01-14T13:21:41.885+0000] {logging_mixin.py:190} INFO - Dag name:etl_pipeline and current dag run status:running
[2025-01-14T13:21:41.885+0000] {taskinstance.py:731} INFO - ::endgroup::
[2025-01-14T13:21:41.919+0000] {logging_mixin.py:190} INFO - Loading data: [2, 4, 6]
[2025-01-14T13:21:41.920+0000] {python.py:240} INFO - Done. Returned value was: None
[2025-01-14T13:21:41.972+0000] {taskinstance.py:340} INFO - ::group::Post task execution logs
[2025-01-14T13:21:41.975+0000] {taskinstance.py:352} INFO - Marking task as SUCCESS. dag_id=etl_pipeline, task_id=load_task, run_id=scheduled__2025-01-05T00:00:00+00:00, execution_date=20250105T000000, start_date=20250114T132141, end_date=20250114T132141
[2025-01-14T13:21:42.034+0000] {logging_mixin.py:190} INFO - Task instance in success state
[2025-01-14T13:21:42.039+0000] {logging_mixin.py:190} INFO -  Previous state of the Task instance: running
[2025-01-14T13:21:42.041+0000] {logging_mixin.py:190} INFO - Dag name:etl_pipeline queued_at:2025-01-14 13:21:26.595369+00:00
[2025-01-14T13:21:42.045+0000] {logging_mixin.py:190} INFO - Task hostname:3215871494c5 operator:PythonOperator
[2025-01-14T13:21:42.114+0000] {local_task_job_runner.py:266} INFO - Task exited with return code 0
[2025-01-14T13:21:42.222+0000] {taskinstance.py:3895} INFO - 0 downstream tasks scheduled from follow-on schedule check
[2025-01-14T13:21:42.241+0000] {local_task_job_runner.py:245} INFO - ::endgroup::
