[2025-01-14T11:24:51.042+0000] {local_task_job_runner.py:123} INFO - ::group::Pre task execution logs
[2025-01-14T11:24:51.069+0000] {taskinstance.py:2613} INFO - Dependencies all met for dep_context=non-requeueable deps ti=<TaskInstance: etl_pipeline.extract_task scheduled__2025-01-10T00:00:00+00:00 [queued]>
[2025-01-14T11:24:51.084+0000] {taskinstance.py:2613} INFO - Dependencies all met for dep_context=requeueable deps ti=<TaskInstance: etl_pipeline.extract_task scheduled__2025-01-10T00:00:00+00:00 [queued]>
[2025-01-14T11:24:51.088+0000] {taskinstance.py:2866} INFO - Starting attempt 1 of 1
[2025-01-14T11:24:51.118+0000] {taskinstance.py:2889} INFO - Executing <Task(PythonOperator): extract_task> on 2025-01-10 00:00:00+00:00
[2025-01-14T11:24:51.134+0000] {standard_task_runner.py:104} INFO - Running: ['***', 'tasks', 'run', 'etl_pipeline', 'extract_task', 'scheduled__2025-01-10T00:00:00+00:00', '--job-id', '14', '--raw', '--subdir', 'DAGS_FOLDER/etl_dag.py', '--cfg-path', '/tmp/tmpahlzeubd']
[2025-01-14T11:24:51.136+0000] {standard_task_runner.py:105} INFO - Job 14: Subtask extract_task
[2025-01-14T11:24:51.140+0000] {logging_mixin.py:190} WARNING - /home/***/.local/lib/python3.12/site-packages/***/task/task_runner/standard_task_runner.py:70 DeprecationWarning: This process (pid=4044) is multi-threaded, use of fork() may lead to deadlocks in the child.
[2025-01-14T11:24:51.145+0000] {standard_task_runner.py:72} INFO - Started process 4072 to run task
[2025-01-14T11:24:51.267+0000] {task_command.py:467} INFO - Running <TaskInstance: etl_pipeline.extract_task scheduled__2025-01-10T00:00:00+00:00 [running]> on host 45eb6cc28065
[2025-01-14T11:24:51.391+0000] {taskinstance.py:3132} INFO - Exporting env vars: AIRFLOW_CTX_DAG_OWNER='***' AIRFLOW_CTX_DAG_ID='etl_pipeline' AIRFLOW_CTX_TASK_ID='extract_task' AIRFLOW_CTX_EXECUTION_DATE='2025-01-10T00:00:00+00:00' AIRFLOW_CTX_TRY_NUMBER='1' AIRFLOW_CTX_DAG_RUN_ID='scheduled__2025-01-10T00:00:00+00:00'
[2025-01-14T11:24:51.395+0000] {logging_mixin.py:190} INFO - Task instance is in running state
[2025-01-14T11:24:51.399+0000] {logging_mixin.py:190} INFO -  Previous state of the Task instance: queued
[2025-01-14T11:24:51.401+0000] {logging_mixin.py:190} INFO - Current task name:extract_task state:running start_date:2025-01-14 11:24:51.070478+00:00
[2025-01-14T11:24:51.403+0000] {logging_mixin.py:190} INFO - Dag name:etl_pipeline and current dag run status:running
[2025-01-14T11:24:51.404+0000] {taskinstance.py:731} INFO - ::endgroup::
[2025-01-14T11:24:51.406+0000] {logging_mixin.py:190} INFO - Extracting data...
[2025-01-14T11:24:51.407+0000] {python.py:240} INFO - Done. Returned value was: {'data': [1, 2, 3]}
[2025-01-14T11:24:51.439+0000] {taskinstance.py:340} INFO - ::group::Post task execution logs
[2025-01-14T11:24:51.439+0000] {taskinstance.py:352} INFO - Marking task as SUCCESS. dag_id=etl_pipeline, task_id=extract_task, run_id=scheduled__2025-01-10T00:00:00+00:00, execution_date=20250110T000000, start_date=20250114T112451, end_date=20250114T112451
[2025-01-14T11:24:51.457+0000] {logging_mixin.py:190} INFO - Task instance in success state
[2025-01-14T11:24:51.457+0000] {logging_mixin.py:190} INFO -  Previous state of the Task instance: running
[2025-01-14T11:24:51.458+0000] {logging_mixin.py:190} INFO - Dag name:etl_pipeline queued_at:2025-01-14 11:24:48.382311+00:00
[2025-01-14T11:24:51.458+0000] {logging_mixin.py:190} INFO - Task hostname:45eb6cc28065 operator:PythonOperator
[2025-01-14T11:24:51.503+0000] {local_task_job_runner.py:266} INFO - Task exited with return code 0
[2025-01-14T11:24:51.615+0000] {taskinstance.py:3895} INFO - 1 downstream tasks scheduled from follow-on schedule check
[2025-01-14T11:24:51.621+0000] {local_task_job_runner.py:245} INFO - ::endgroup::
[2025-01-14T13:21:31.506+0000] {local_task_job_runner.py:123} INFO - ::group::Pre task execution logs
[2025-01-14T13:21:31.597+0000] {taskinstance.py:2613} INFO - Dependencies all met for dep_context=non-requeueable deps ti=<TaskInstance: etl_pipeline.extract_task scheduled__2025-01-10T00:00:00+00:00 [queued]>
[2025-01-14T13:21:31.657+0000] {taskinstance.py:2613} INFO - Dependencies all met for dep_context=requeueable deps ti=<TaskInstance: etl_pipeline.extract_task scheduled__2025-01-10T00:00:00+00:00 [queued]>
[2025-01-14T13:21:31.660+0000] {taskinstance.py:2866} INFO - Starting attempt 1 of 1
[2025-01-14T13:21:31.968+0000] {taskinstance.py:2889} INFO - Executing <Task(PythonOperator): extract_task> on 2025-01-10 00:00:00+00:00
[2025-01-14T13:21:32.014+0000] {standard_task_runner.py:104} INFO - Running: ['***', 'tasks', 'run', 'etl_pipeline', 'extract_task', 'scheduled__2025-01-10T00:00:00+00:00', '--job-id', '12', '--raw', '--subdir', 'DAGS_FOLDER/etl_dag.py', '--cfg-path', '/tmp/tmphvi21azz']
[2025-01-14T13:21:32.023+0000] {standard_task_runner.py:105} INFO - Job 12: Subtask extract_task
[2025-01-14T13:21:32.062+0000] {logging_mixin.py:190} WARNING - /home/***/.local/lib/python3.12/site-packages/***/task/task_runner/standard_task_runner.py:70 DeprecationWarning: This process (pid=1220) is multi-threaded, use of fork() may lead to deadlocks in the child.
[2025-01-14T13:21:32.074+0000] {standard_task_runner.py:72} INFO - Started process 1284 to run task
[2025-01-14T13:21:32.366+0000] {task_command.py:467} INFO - Running <TaskInstance: etl_pipeline.extract_task scheduled__2025-01-10T00:00:00+00:00 [running]> on host 3215871494c5
[2025-01-14T13:21:32.768+0000] {taskinstance.py:3132} INFO - Exporting env vars: AIRFLOW_CTX_DAG_OWNER='***' AIRFLOW_CTX_DAG_ID='etl_pipeline' AIRFLOW_CTX_TASK_ID='extract_task' AIRFLOW_CTX_EXECUTION_DATE='2025-01-10T00:00:00+00:00' AIRFLOW_CTX_TRY_NUMBER='1' AIRFLOW_CTX_DAG_RUN_ID='scheduled__2025-01-10T00:00:00+00:00'
[2025-01-14T13:21:32.778+0000] {logging_mixin.py:190} INFO - Task instance is in running state
[2025-01-14T13:21:32.780+0000] {logging_mixin.py:190} INFO -  Previous state of the Task instance: queued
[2025-01-14T13:21:32.784+0000] {logging_mixin.py:190} INFO - Current task name:extract_task state:running start_date:2025-01-14 13:21:31.609102+00:00
[2025-01-14T13:21:32.789+0000] {logging_mixin.py:190} INFO - Dag name:etl_pipeline and current dag run status:running
[2025-01-14T13:21:32.792+0000] {taskinstance.py:731} INFO - ::endgroup::
[2025-01-14T13:21:32.794+0000] {logging_mixin.py:190} INFO - Extracting data...
[2025-01-14T13:21:32.800+0000] {python.py:240} INFO - Done. Returned value was: {'data': [1, 2, 3]}
[2025-01-14T13:21:32.926+0000] {taskinstance.py:340} INFO - ::group::Post task execution logs
[2025-01-14T13:21:32.930+0000] {taskinstance.py:352} INFO - Marking task as SUCCESS. dag_id=etl_pipeline, task_id=extract_task, run_id=scheduled__2025-01-10T00:00:00+00:00, execution_date=20250110T000000, start_date=20250114T132131, end_date=20250114T132132
[2025-01-14T13:21:33.018+0000] {logging_mixin.py:190} INFO - Task instance in success state
[2025-01-14T13:21:33.028+0000] {logging_mixin.py:190} INFO -  Previous state of the Task instance: running
[2025-01-14T13:21:33.029+0000] {logging_mixin.py:190} INFO - Dag name:etl_pipeline queued_at:2025-01-14 13:21:27.828138+00:00
[2025-01-14T13:21:33.038+0000] {logging_mixin.py:190} INFO - Task hostname:3215871494c5 operator:PythonOperator
[2025-01-14T13:21:33.138+0000] {local_task_job_runner.py:266} INFO - Task exited with return code 0
[2025-01-14T13:21:33.210+0000] {local_task_job_runner.py:245} INFO - ::endgroup::
