[2025-01-20T08:06:43.978+0000] {local_task_job_runner.py:123} INFO - ::group::Pre task execution logs
[2025-01-20T08:06:43.995+0000] {taskinstance.py:2613} INFO - Dependencies all met for dep_context=non-requeueable deps ti=<TaskInstance: etl_pipeline.transform_task scheduled__2025-01-19T00:00:00+00:00 [queued]>
[2025-01-20T08:06:44.007+0000] {taskinstance.py:2613} INFO - Dependencies all met for dep_context=requeueable deps ti=<TaskInstance: etl_pipeline.transform_task scheduled__2025-01-19T00:00:00+00:00 [queued]>
[2025-01-20T08:06:44.007+0000] {taskinstance.py:2866} INFO - Starting attempt 1 of 1
[2025-01-20T08:06:44.023+0000] {taskinstance.py:2889} INFO - Executing <Task(PythonOperator): transform_task> on 2025-01-19 00:00:00+00:00
[2025-01-20T08:06:44.036+0000] {logging_mixin.py:190} WARNING - /home/***/.local/lib/python3.12/site-packages/***/task/task_runner/standard_task_runner.py:70 DeprecationWarning: This process (pid=41640) is multi-threaded, use of fork() may lead to deadlocks in the child.
[2025-01-20T08:06:44.036+0000] {standard_task_runner.py:104} INFO - Running: ['***', 'tasks', 'run', 'etl_pipeline', 'transform_task', 'scheduled__2025-01-19T00:00:00+00:00', '--job-id', '1361', '--raw', '--subdir', 'DAGS_FOLDER/etl_dag.py', '--cfg-path', '/tmp/tmp9h_zriau']
[2025-01-20T08:06:44.038+0000] {standard_task_runner.py:105} INFO - Job 1361: Subtask transform_task
[2025-01-20T08:06:44.038+0000] {standard_task_runner.py:72} INFO - Started process 41663 to run task
[2025-01-20T08:06:44.101+0000] {task_command.py:467} INFO - Running <TaskInstance: etl_pipeline.transform_task scheduled__2025-01-19T00:00:00+00:00 [running]> on host 3215871494c5
[2025-01-20T08:06:44.211+0000] {taskinstance.py:3132} INFO - Exporting env vars: AIRFLOW_CTX_DAG_OWNER='***' AIRFLOW_CTX_DAG_ID='etl_pipeline' AIRFLOW_CTX_TASK_ID='transform_task' AIRFLOW_CTX_EXECUTION_DATE='2025-01-19T00:00:00+00:00' AIRFLOW_CTX_TRY_NUMBER='1' AIRFLOW_CTX_DAG_RUN_ID='scheduled__2025-01-19T00:00:00+00:00'
[2025-01-20T08:06:44.215+0000] {logging_mixin.py:190} INFO - Task instance is in running state
[2025-01-20T08:06:44.216+0000] {logging_mixin.py:190} INFO -  Previous state of the Task instance: queued
[2025-01-20T08:06:44.216+0000] {logging_mixin.py:190} INFO - Current task name:transform_task state:running start_date:2025-01-20 08:06:43.996396+00:00
[2025-01-20T08:06:44.218+0000] {logging_mixin.py:190} INFO - Dag name:etl_pipeline and current dag run status:running
[2025-01-20T08:06:44.219+0000] {taskinstance.py:731} INFO - ::endgroup::
[2025-01-20T08:06:44.234+0000] {logging_mixin.py:190} INFO - Transformed data: [2, 4, 6]
[2025-01-20T08:06:44.234+0000] {python.py:240} INFO - Done. Returned value was: [2, 4, 6]
[2025-01-20T08:06:44.263+0000] {taskinstance.py:340} INFO - ::group::Post task execution logs
[2025-01-20T08:06:44.264+0000] {taskinstance.py:352} INFO - Marking task as SUCCESS. dag_id=etl_pipeline, task_id=transform_task, run_id=scheduled__2025-01-19T00:00:00+00:00, execution_date=20250119T000000, start_date=20250120T080643, end_date=20250120T080644
[2025-01-20T08:06:44.274+0000] {logging_mixin.py:190} INFO - Task instance in success state
[2025-01-20T08:06:44.275+0000] {logging_mixin.py:190} INFO -  Previous state of the Task instance: running
[2025-01-20T08:06:44.276+0000] {logging_mixin.py:190} INFO - Dag name:etl_pipeline queued_at:2025-01-20 08:06:40.728047+00:00
[2025-01-20T08:06:44.276+0000] {logging_mixin.py:190} INFO - Task hostname:3215871494c5 operator:PythonOperator
[2025-01-20T08:06:44.305+0000] {local_task_job_runner.py:266} INFO - Task exited with return code 0
[2025-01-20T08:06:44.322+0000] {taskinstance.py:3895} INFO - 1 downstream tasks scheduled from follow-on schedule check
[2025-01-20T08:06:44.324+0000] {local_task_job_runner.py:245} INFO - ::endgroup::
