[2025-01-14T11:24:49.497+0000] {local_task_job_runner.py:123} INFO - ::group::Pre task execution logs
[2025-01-14T11:24:49.559+0000] {taskinstance.py:2613} INFO - Dependencies all met for dep_context=non-requeueable deps ti=<TaskInstance: etl_pipeline.extract_task scheduled__2025-01-05T00:00:00+00:00 [queued]>
[2025-01-14T11:24:49.589+0000] {taskinstance.py:2613} INFO - Dependencies all met for dep_context=requeueable deps ti=<TaskInstance: etl_pipeline.extract_task scheduled__2025-01-05T00:00:00+00:00 [queued]>
[2025-01-14T11:24:49.593+0000] {taskinstance.py:2866} INFO - Starting attempt 1 of 1
[2025-01-14T11:24:49.764+0000] {taskinstance.py:2889} INFO - Executing <Task(PythonOperator): extract_task> on 2025-01-05 00:00:00+00:00
[2025-01-14T11:24:49.786+0000] {standard_task_runner.py:104} INFO - Running: ['***', 'tasks', 'run', 'etl_pipeline', 'extract_task', 'scheduled__2025-01-05T00:00:00+00:00', '--job-id', '9', '--raw', '--subdir', 'DAGS_FOLDER/etl_dag.py', '--cfg-path', '/tmp/tmpz24l5nvx']
[2025-01-14T11:24:49.793+0000] {standard_task_runner.py:105} INFO - Job 9: Subtask extract_task
[2025-01-14T11:24:49.792+0000] {logging_mixin.py:190} WARNING - /home/***/.local/lib/python3.12/site-packages/***/task/task_runner/standard_task_runner.py:70 DeprecationWarning: This process (pid=4032) is multi-threaded, use of fork() may lead to deadlocks in the child.
[2025-01-14T11:24:49.798+0000] {standard_task_runner.py:72} INFO - Started process 4056 to run task
[2025-01-14T11:24:49.903+0000] {task_command.py:467} INFO - Running <TaskInstance: etl_pipeline.extract_task scheduled__2025-01-05T00:00:00+00:00 [running]> on host 45eb6cc28065
[2025-01-14T11:24:50.093+0000] {taskinstance.py:3132} INFO - Exporting env vars: AIRFLOW_CTX_DAG_OWNER='***' AIRFLOW_CTX_DAG_ID='etl_pipeline' AIRFLOW_CTX_TASK_ID='extract_task' AIRFLOW_CTX_EXECUTION_DATE='2025-01-05T00:00:00+00:00' AIRFLOW_CTX_TRY_NUMBER='1' AIRFLOW_CTX_DAG_RUN_ID='scheduled__2025-01-05T00:00:00+00:00'
[2025-01-14T11:24:50.099+0000] {logging_mixin.py:190} INFO - Task instance is in running state
[2025-01-14T11:24:50.102+0000] {logging_mixin.py:190} INFO -  Previous state of the Task instance: queued
[2025-01-14T11:24:50.110+0000] {logging_mixin.py:190} INFO - Current task name:extract_task state:running start_date:2025-01-14 11:24:49.561556+00:00
[2025-01-14T11:24:50.120+0000] {logging_mixin.py:190} INFO - Dag name:etl_pipeline and current dag run status:running
[2025-01-14T11:24:50.121+0000] {taskinstance.py:731} INFO - ::endgroup::
[2025-01-14T11:24:50.123+0000] {logging_mixin.py:190} INFO - Extracting data...
[2025-01-14T11:24:50.124+0000] {python.py:240} INFO - Done. Returned value was: {'data': [1, 2, 3]}
[2025-01-14T11:24:50.205+0000] {taskinstance.py:340} INFO - ::group::Post task execution logs
[2025-01-14T11:24:50.210+0000] {taskinstance.py:352} INFO - Marking task as SUCCESS. dag_id=etl_pipeline, task_id=extract_task, run_id=scheduled__2025-01-05T00:00:00+00:00, execution_date=20250105T000000, start_date=20250114T112449, end_date=20250114T112450
[2025-01-14T11:24:50.310+0000] {logging_mixin.py:190} INFO - Task instance in success state
[2025-01-14T11:24:50.312+0000] {logging_mixin.py:190} INFO -  Previous state of the Task instance: running
[2025-01-14T11:24:50.313+0000] {logging_mixin.py:190} INFO - Dag name:etl_pipeline queued_at:2025-01-14 11:24:47.707247+00:00
[2025-01-14T11:24:50.314+0000] {logging_mixin.py:190} INFO - Task hostname:45eb6cc28065 operator:PythonOperator
[2025-01-14T11:24:50.359+0000] {local_task_job_runner.py:266} INFO - Task exited with return code 0
[2025-01-14T11:24:50.430+0000] {taskinstance.py:3895} INFO - 1 downstream tasks scheduled from follow-on schedule check
[2025-01-14T11:24:50.438+0000] {local_task_job_runner.py:245} INFO - ::endgroup::
[2025-01-14T13:21:29.573+0000] {local_task_job_runner.py:123} INFO - ::group::Pre task execution logs
[2025-01-14T13:21:29.658+0000] {taskinstance.py:2613} INFO - Dependencies all met for dep_context=non-requeueable deps ti=<TaskInstance: etl_pipeline.extract_task scheduled__2025-01-05T00:00:00+00:00 [queued]>
[2025-01-14T13:21:29.704+0000] {taskinstance.py:2613} INFO - Dependencies all met for dep_context=requeueable deps ti=<TaskInstance: etl_pipeline.extract_task scheduled__2025-01-05T00:00:00+00:00 [queued]>
[2025-01-14T13:21:29.707+0000] {taskinstance.py:2866} INFO - Starting attempt 1 of 1
[2025-01-14T13:21:29.881+0000] {taskinstance.py:2889} INFO - Executing <Task(PythonOperator): extract_task> on 2025-01-05 00:00:00+00:00
[2025-01-14T13:21:29.934+0000] {standard_task_runner.py:104} INFO - Running: ['***', 'tasks', 'run', 'etl_pipeline', 'extract_task', 'scheduled__2025-01-05T00:00:00+00:00', '--job-id', '6', '--raw', '--subdir', 'DAGS_FOLDER/etl_dag.py', '--cfg-path', '/tmp/tmpp2vg1ieb']
[2025-01-14T13:21:29.942+0000] {logging_mixin.py:190} WARNING - /home/***/.local/lib/python3.12/site-packages/***/task/task_runner/standard_task_runner.py:70 DeprecationWarning: This process (pid=1202) is multi-threaded, use of fork() may lead to deadlocks in the child.
[2025-01-14T13:21:29.947+0000] {standard_task_runner.py:72} INFO - Started process 1244 to run task
[2025-01-14T13:21:29.945+0000] {standard_task_runner.py:105} INFO - Job 6: Subtask extract_task
[2025-01-14T13:21:30.183+0000] {task_command.py:467} INFO - Running <TaskInstance: etl_pipeline.extract_task scheduled__2025-01-05T00:00:00+00:00 [running]> on host 3215871494c5
[2025-01-14T13:21:30.495+0000] {taskinstance.py:3132} INFO - Exporting env vars: AIRFLOW_CTX_DAG_OWNER='***' AIRFLOW_CTX_DAG_ID='etl_pipeline' AIRFLOW_CTX_TASK_ID='extract_task' AIRFLOW_CTX_EXECUTION_DATE='2025-01-05T00:00:00+00:00' AIRFLOW_CTX_TRY_NUMBER='1' AIRFLOW_CTX_DAG_RUN_ID='scheduled__2025-01-05T00:00:00+00:00'
[2025-01-14T13:21:30.504+0000] {logging_mixin.py:190} INFO - Task instance is in running state
[2025-01-14T13:21:30.507+0000] {logging_mixin.py:190} INFO -  Previous state of the Task instance: queued
[2025-01-14T13:21:30.509+0000] {logging_mixin.py:190} INFO - Current task name:extract_task state:running start_date:2025-01-14 13:21:29.664825+00:00
[2025-01-14T13:21:30.514+0000] {logging_mixin.py:190} INFO - Dag name:etl_pipeline and current dag run status:running
[2025-01-14T13:21:30.521+0000] {taskinstance.py:731} INFO - ::endgroup::
[2025-01-14T13:21:30.527+0000] {logging_mixin.py:190} INFO - Extracting data...
[2025-01-14T13:21:30.538+0000] {python.py:240} INFO - Done. Returned value was: {'data': [1, 2, 3]}
[2025-01-14T13:21:30.616+0000] {taskinstance.py:340} INFO - ::group::Post task execution logs
[2025-01-14T13:21:30.618+0000] {taskinstance.py:352} INFO - Marking task as SUCCESS. dag_id=etl_pipeline, task_id=extract_task, run_id=scheduled__2025-01-05T00:00:00+00:00, execution_date=20250105T000000, start_date=20250114T132129, end_date=20250114T132130
[2025-01-14T13:21:30.664+0000] {logging_mixin.py:190} INFO - Task instance in success state
[2025-01-14T13:21:30.670+0000] {logging_mixin.py:190} INFO -  Previous state of the Task instance: running
[2025-01-14T13:21:30.671+0000] {logging_mixin.py:190} INFO - Dag name:etl_pipeline queued_at:2025-01-14 13:21:26.595369+00:00
[2025-01-14T13:21:30.672+0000] {logging_mixin.py:190} INFO - Task hostname:3215871494c5 operator:PythonOperator
[2025-01-14T13:21:30.721+0000] {local_task_job_runner.py:266} INFO - Task exited with return code 0
[2025-01-14T13:21:30.814+0000] {taskinstance.py:3895} INFO - 1 downstream tasks scheduled from follow-on schedule check
[2025-01-14T13:21:30.824+0000] {local_task_job_runner.py:245} INFO - ::endgroup::
