[2025-01-14T11:24:48.836+0000] {local_task_job_runner.py:123} INFO - ::group::Pre task execution logs
[2025-01-14T11:24:48.862+0000] {taskinstance.py:2613} INFO - Dependencies all met for dep_context=non-requeueable deps ti=<TaskInstance: etl_pipeline.extract_task scheduled__2025-01-03T00:00:00+00:00 [queued]>
[2025-01-14T11:24:48.879+0000] {taskinstance.py:2613} INFO - Dependencies all met for dep_context=requeueable deps ti=<TaskInstance: etl_pipeline.extract_task scheduled__2025-01-03T00:00:00+00:00 [queued]>
[2025-01-14T11:24:48.882+0000] {taskinstance.py:2866} INFO - Starting attempt 1 of 1
[2025-01-14T11:24:48.920+0000] {taskinstance.py:2889} INFO - Executing <Task(PythonOperator): extract_task> on 2025-01-03 00:00:00+00:00
[2025-01-14T11:24:48.939+0000] {standard_task_runner.py:104} INFO - Running: ['***', 'tasks', 'run', 'etl_pipeline', 'extract_task', 'scheduled__2025-01-03T00:00:00+00:00', '--job-id', '6', '--raw', '--subdir', 'DAGS_FOLDER/etl_dag.py', '--cfg-path', '/tmp/tmpvwvstbjl']
[2025-01-14T11:24:48.942+0000] {standard_task_runner.py:105} INFO - Job 6: Subtask extract_task
[2025-01-14T11:24:48.951+0000] {logging_mixin.py:190} WARNING - /home/***/.local/lib/python3.12/site-packages/***/task/task_runner/standard_task_runner.py:70 DeprecationWarning: This process (pid=4030) is multi-threaded, use of fork() may lead to deadlocks in the child.
[2025-01-14T11:24:48.957+0000] {standard_task_runner.py:72} INFO - Started process 4049 to run task
[2025-01-14T11:24:49.070+0000] {task_command.py:467} INFO - Running <TaskInstance: etl_pipeline.extract_task scheduled__2025-01-03T00:00:00+00:00 [running]> on host 45eb6cc28065
[2025-01-14T11:24:49.607+0000] {taskinstance.py:3132} INFO - Exporting env vars: AIRFLOW_CTX_DAG_OWNER='***' AIRFLOW_CTX_DAG_ID='etl_pipeline' AIRFLOW_CTX_TASK_ID='extract_task' AIRFLOW_CTX_EXECUTION_DATE='2025-01-03T00:00:00+00:00' AIRFLOW_CTX_TRY_NUMBER='1' AIRFLOW_CTX_DAG_RUN_ID='scheduled__2025-01-03T00:00:00+00:00'
[2025-01-14T11:24:49.610+0000] {logging_mixin.py:190} INFO - Task instance is in running state
[2025-01-14T11:24:49.615+0000] {logging_mixin.py:190} INFO -  Previous state of the Task instance: queued
[2025-01-14T11:24:49.619+0000] {logging_mixin.py:190} INFO - Current task name:extract_task state:running start_date:2025-01-14 11:24:48.863353+00:00
[2025-01-14T11:24:49.620+0000] {logging_mixin.py:190} INFO - Dag name:etl_pipeline and current dag run status:running
[2025-01-14T11:24:49.621+0000] {taskinstance.py:731} INFO - ::endgroup::
[2025-01-14T11:24:49.624+0000] {logging_mixin.py:190} INFO - Extracting data...
[2025-01-14T11:24:49.626+0000] {python.py:240} INFO - Done. Returned value was: {'data': [1, 2, 3]}
[2025-01-14T11:24:49.687+0000] {taskinstance.py:340} INFO - ::group::Post task execution logs
[2025-01-14T11:24:49.689+0000] {taskinstance.py:352} INFO - Marking task as SUCCESS. dag_id=etl_pipeline, task_id=extract_task, run_id=scheduled__2025-01-03T00:00:00+00:00, execution_date=20250103T000000, start_date=20250114T112448, end_date=20250114T112449
[2025-01-14T11:24:49.701+0000] {logging_mixin.py:190} INFO - Task instance in success state
[2025-01-14T11:24:49.708+0000] {logging_mixin.py:190} INFO -  Previous state of the Task instance: running
[2025-01-14T11:24:49.709+0000] {logging_mixin.py:190} INFO - Dag name:etl_pipeline queued_at:2025-01-14 11:24:47.536981+00:00
[2025-01-14T11:24:49.710+0000] {logging_mixin.py:190} INFO - Task hostname:45eb6cc28065 operator:PythonOperator
[2025-01-14T11:24:49.738+0000] {local_task_job_runner.py:266} INFO - Task exited with return code 0
[2025-01-14T11:24:49.784+0000] {taskinstance.py:3895} INFO - 1 downstream tasks scheduled from follow-on schedule check
[2025-01-14T11:24:49.789+0000] {local_task_job_runner.py:245} INFO - ::endgroup::
[2025-01-14T13:21:29.329+0000] {local_task_job_runner.py:123} INFO - ::group::Pre task execution logs
[2025-01-14T13:21:29.384+0000] {taskinstance.py:2613} INFO - Dependencies all met for dep_context=non-requeueable deps ti=<TaskInstance: etl_pipeline.extract_task scheduled__2025-01-03T00:00:00+00:00 [queued]>
[2025-01-14T13:21:29.433+0000] {taskinstance.py:2613} INFO - Dependencies all met for dep_context=requeueable deps ti=<TaskInstance: etl_pipeline.extract_task scheduled__2025-01-03T00:00:00+00:00 [queued]>
[2025-01-14T13:21:29.438+0000] {taskinstance.py:2866} INFO - Starting attempt 1 of 1
[2025-01-14T13:21:29.536+0000] {taskinstance.py:2889} INFO - Executing <Task(PythonOperator): extract_task> on 2025-01-03 00:00:00+00:00
[2025-01-14T13:21:29.578+0000] {standard_task_runner.py:104} INFO - Running: ['***', 'tasks', 'run', 'etl_pipeline', 'extract_task', 'scheduled__2025-01-03T00:00:00+00:00', '--job-id', '4', '--raw', '--subdir', 'DAGS_FOLDER/etl_dag.py', '--cfg-path', '/tmp/tmp2qriqmk5']
[2025-01-14T13:21:29.585+0000] {standard_task_runner.py:105} INFO - Job 4: Subtask extract_task
[2025-01-14T13:21:29.618+0000] {logging_mixin.py:190} WARNING - /home/***/.local/lib/python3.12/site-packages/***/task/task_runner/standard_task_runner.py:70 DeprecationWarning: This process (pid=1196) is multi-threaded, use of fork() may lead to deadlocks in the child.
[2025-01-14T13:21:29.625+0000] {standard_task_runner.py:72} INFO - Started process 1240 to run task
[2025-01-14T13:21:29.795+0000] {task_command.py:467} INFO - Running <TaskInstance: etl_pipeline.extract_task scheduled__2025-01-03T00:00:00+00:00 [running]> on host 3215871494c5
[2025-01-14T13:21:30.105+0000] {taskinstance.py:3132} INFO - Exporting env vars: AIRFLOW_CTX_DAG_OWNER='***' AIRFLOW_CTX_DAG_ID='etl_pipeline' AIRFLOW_CTX_TASK_ID='extract_task' AIRFLOW_CTX_EXECUTION_DATE='2025-01-03T00:00:00+00:00' AIRFLOW_CTX_TRY_NUMBER='1' AIRFLOW_CTX_DAG_RUN_ID='scheduled__2025-01-03T00:00:00+00:00'
[2025-01-14T13:21:30.114+0000] {logging_mixin.py:190} INFO - Task instance is in running state
[2025-01-14T13:21:30.119+0000] {logging_mixin.py:190} INFO -  Previous state of the Task instance: queued
[2025-01-14T13:21:30.122+0000] {logging_mixin.py:190} INFO - Current task name:extract_task state:running start_date:2025-01-14 13:21:29.389081+00:00
[2025-01-14T13:21:30.128+0000] {logging_mixin.py:190} INFO - Dag name:etl_pipeline and current dag run status:running
[2025-01-14T13:21:30.130+0000] {taskinstance.py:731} INFO - ::endgroup::
[2025-01-14T13:21:30.134+0000] {logging_mixin.py:190} INFO - Extracting data...
[2025-01-14T13:21:30.136+0000] {python.py:240} INFO - Done. Returned value was: {'data': [1, 2, 3]}
[2025-01-14T13:21:30.274+0000] {taskinstance.py:340} INFO - ::group::Post task execution logs
[2025-01-14T13:21:30.278+0000] {taskinstance.py:352} INFO - Marking task as SUCCESS. dag_id=etl_pipeline, task_id=extract_task, run_id=scheduled__2025-01-03T00:00:00+00:00, execution_date=20250103T000000, start_date=20250114T132129, end_date=20250114T132130
[2025-01-14T13:21:30.311+0000] {logging_mixin.py:190} INFO - Task instance in success state
[2025-01-14T13:21:30.315+0000] {logging_mixin.py:190} INFO -  Previous state of the Task instance: running
[2025-01-14T13:21:30.319+0000] {logging_mixin.py:190} INFO - Dag name:etl_pipeline queued_at:2025-01-14 13:21:26.204071+00:00
[2025-01-14T13:21:30.320+0000] {logging_mixin.py:190} INFO - Task hostname:3215871494c5 operator:PythonOperator
[2025-01-14T13:21:30.362+0000] {local_task_job_runner.py:266} INFO - Task exited with return code 0
[2025-01-14T13:21:30.442+0000] {taskinstance.py:3895} INFO - 1 downstream tasks scheduled from follow-on schedule check
[2025-01-14T13:21:30.452+0000] {local_task_job_runner.py:245} INFO - ::endgroup::
