[2025-01-14T11:24:55.928+0000] {local_task_job_runner.py:123} INFO - ::group::Pre task execution logs
[2025-01-14T11:24:55.970+0000] {taskinstance.py:2613} INFO - Dependencies all met for dep_context=non-requeueable deps ti=<TaskInstance: etl_pipeline.transform_task scheduled__2025-01-11T00:00:00+00:00 [queued]>
[2025-01-14T11:24:55.990+0000] {taskinstance.py:2613} INFO - Dependencies all met for dep_context=requeueable deps ti=<TaskInstance: etl_pipeline.transform_task scheduled__2025-01-11T00:00:00+00:00 [queued]>
[2025-01-14T11:24:55.991+0000] {taskinstance.py:2866} INFO - Starting attempt 1 of 1
[2025-01-14T11:24:56.054+0000] {taskinstance.py:2889} INFO - Executing <Task(PythonOperator): transform_task> on 2025-01-11 00:00:00+00:00
[2025-01-14T11:24:56.092+0000] {standard_task_runner.py:104} INFO - Running: ['***', 'tasks', 'run', 'etl_pipeline', 'transform_task', 'scheduled__2025-01-11T00:00:00+00:00', '--job-id', '33', '--raw', '--subdir', 'DAGS_FOLDER/etl_dag.py', '--cfg-path', '/tmp/tmp9fj13r_t']
[2025-01-14T11:24:56.098+0000] {standard_task_runner.py:105} INFO - Job 33: Subtask transform_task
[2025-01-14T11:24:56.129+0000] {logging_mixin.py:190} WARNING - /home/***/.local/lib/python3.12/site-packages/***/task/task_runner/standard_task_runner.py:70 DeprecationWarning: This process (pid=4119) is multi-threaded, use of fork() may lead to deadlocks in the child.
[2025-01-14T11:24:56.134+0000] {standard_task_runner.py:72} INFO - Started process 4201 to run task
[2025-01-14T11:24:56.270+0000] {task_command.py:467} INFO - Running <TaskInstance: etl_pipeline.transform_task scheduled__2025-01-11T00:00:00+00:00 [running]> on host 45eb6cc28065
[2025-01-14T11:24:56.541+0000] {taskinstance.py:3132} INFO - Exporting env vars: AIRFLOW_CTX_DAG_OWNER='***' AIRFLOW_CTX_DAG_ID='etl_pipeline' AIRFLOW_CTX_TASK_ID='transform_task' AIRFLOW_CTX_EXECUTION_DATE='2025-01-11T00:00:00+00:00' AIRFLOW_CTX_TRY_NUMBER='1' AIRFLOW_CTX_DAG_RUN_ID='scheduled__2025-01-11T00:00:00+00:00'
[2025-01-14T11:24:56.548+0000] {logging_mixin.py:190} INFO - Task instance is in running state
[2025-01-14T11:24:56.549+0000] {logging_mixin.py:190} INFO -  Previous state of the Task instance: queued
[2025-01-14T11:24:56.551+0000] {logging_mixin.py:190} INFO - Current task name:transform_task state:running start_date:2025-01-14 11:24:55.972019+00:00
[2025-01-14T11:24:56.552+0000] {logging_mixin.py:190} INFO - Dag name:etl_pipeline and current dag run status:running
[2025-01-14T11:24:56.558+0000] {taskinstance.py:731} INFO - ::endgroup::
[2025-01-14T11:24:56.613+0000] {logging_mixin.py:190} INFO - Transformed data: [2, 4, 6]
[2025-01-14T11:24:56.615+0000] {python.py:240} INFO - Done. Returned value was: [2, 4, 6]
[2025-01-14T11:24:56.683+0000] {taskinstance.py:340} INFO - ::group::Post task execution logs
[2025-01-14T11:24:56.684+0000] {taskinstance.py:352} INFO - Marking task as SUCCESS. dag_id=etl_pipeline, task_id=transform_task, run_id=scheduled__2025-01-11T00:00:00+00:00, execution_date=20250111T000000, start_date=20250114T112455, end_date=20250114T112456
[2025-01-14T11:24:56.727+0000] {logging_mixin.py:190} INFO - Task instance in success state
[2025-01-14T11:24:56.738+0000] {logging_mixin.py:190} INFO -  Previous state of the Task instance: running
[2025-01-14T11:24:56.749+0000] {logging_mixin.py:190} INFO - Dag name:etl_pipeline queued_at:2025-01-14 11:24:48.583121+00:00
[2025-01-14T11:24:56.752+0000] {logging_mixin.py:190} INFO - Task hostname:45eb6cc28065 operator:PythonOperator
[2025-01-14T11:24:56.818+0000] {local_task_job_runner.py:266} INFO - Task exited with return code 0
[2025-01-14T11:24:56.865+0000] {taskinstance.py:3895} INFO - 1 downstream tasks scheduled from follow-on schedule check
[2025-01-14T11:24:56.869+0000] {local_task_job_runner.py:245} INFO - ::endgroup::
[2025-01-14T13:21:38.463+0000] {local_task_job_runner.py:123} INFO - ::group::Pre task execution logs
[2025-01-14T13:21:38.570+0000] {taskinstance.py:2613} INFO - Dependencies all met for dep_context=non-requeueable deps ti=<TaskInstance: etl_pipeline.transform_task scheduled__2025-01-11T00:00:00+00:00 [queued]>
[2025-01-14T13:21:38.614+0000] {taskinstance.py:2613} INFO - Dependencies all met for dep_context=requeueable deps ti=<TaskInstance: etl_pipeline.transform_task scheduled__2025-01-11T00:00:00+00:00 [queued]>
[2025-01-14T13:21:38.619+0000] {taskinstance.py:2866} INFO - Starting attempt 1 of 1
[2025-01-14T13:21:38.688+0000] {taskinstance.py:2889} INFO - Executing <Task(PythonOperator): transform_task> on 2025-01-11 00:00:00+00:00
[2025-01-14T13:21:38.734+0000] {logging_mixin.py:190} WARNING - /home/***/.local/lib/python3.12/site-packages/***/task/task_runner/standard_task_runner.py:70 DeprecationWarning: This process (pid=1321) is multi-threaded, use of fork() may lead to deadlocks in the child.
[2025-01-14T13:21:38.727+0000] {standard_task_runner.py:104} INFO - Running: ['***', 'tasks', 'run', 'etl_pipeline', 'transform_task', 'scheduled__2025-01-11T00:00:00+00:00', '--job-id', '28', '--raw', '--subdir', 'DAGS_FOLDER/etl_dag.py', '--cfg-path', '/tmp/tmp9b2ylvr5']
[2025-01-14T13:21:38.741+0000] {standard_task_runner.py:72} INFO - Started process 1391 to run task
[2025-01-14T13:21:38.742+0000] {standard_task_runner.py:105} INFO - Job 28: Subtask transform_task
[2025-01-14T13:21:38.869+0000] {task_command.py:467} INFO - Running <TaskInstance: etl_pipeline.transform_task scheduled__2025-01-11T00:00:00+00:00 [running]> on host 3215871494c5
[2025-01-14T13:21:39.114+0000] {taskinstance.py:3132} INFO - Exporting env vars: AIRFLOW_CTX_DAG_OWNER='***' AIRFLOW_CTX_DAG_ID='etl_pipeline' AIRFLOW_CTX_TASK_ID='transform_task' AIRFLOW_CTX_EXECUTION_DATE='2025-01-11T00:00:00+00:00' AIRFLOW_CTX_TRY_NUMBER='1' AIRFLOW_CTX_DAG_RUN_ID='scheduled__2025-01-11T00:00:00+00:00'
[2025-01-14T13:21:39.122+0000] {logging_mixin.py:190} INFO - Task instance is in running state
[2025-01-14T13:21:39.126+0000] {logging_mixin.py:190} INFO -  Previous state of the Task instance: queued
[2025-01-14T13:21:39.130+0000] {logging_mixin.py:190} INFO - Current task name:transform_task state:running start_date:2025-01-14 13:21:38.571418+00:00
[2025-01-14T13:21:39.133+0000] {logging_mixin.py:190} INFO - Dag name:etl_pipeline and current dag run status:running
[2025-01-14T13:21:39.140+0000] {taskinstance.py:731} INFO - ::endgroup::
[2025-01-14T13:21:39.197+0000] {logging_mixin.py:190} INFO - Transformed data: [2, 4, 6]
[2025-01-14T13:21:39.202+0000] {python.py:240} INFO - Done. Returned value was: [2, 4, 6]
[2025-01-14T13:21:39.308+0000] {taskinstance.py:340} INFO - ::group::Post task execution logs
[2025-01-14T13:21:39.314+0000] {taskinstance.py:352} INFO - Marking task as SUCCESS. dag_id=etl_pipeline, task_id=transform_task, run_id=scheduled__2025-01-11T00:00:00+00:00, execution_date=20250111T000000, start_date=20250114T132138, end_date=20250114T132139
[2025-01-14T13:21:39.342+0000] {logging_mixin.py:190} INFO - Task instance in success state
[2025-01-14T13:21:39.344+0000] {logging_mixin.py:190} INFO -  Previous state of the Task instance: running
[2025-01-14T13:21:39.352+0000] {logging_mixin.py:190} INFO - Dag name:etl_pipeline queued_at:2025-01-14 13:21:28.157135+00:00
[2025-01-14T13:21:39.355+0000] {logging_mixin.py:190} INFO - Task hostname:3215871494c5 operator:PythonOperator
[2025-01-14T13:21:39.401+0000] {local_task_job_runner.py:266} INFO - Task exited with return code 0
[2025-01-14T13:21:39.468+0000] {local_task_job_runner.py:245} INFO - ::endgroup::
