[2025-01-14T11:24:57.590+0000] {local_task_job_runner.py:123} INFO - ::group::Pre task execution logs
[2025-01-14T11:24:57.616+0000] {taskinstance.py:2613} INFO - Dependencies all met for dep_context=non-requeueable deps ti=<TaskInstance: etl_pipeline.load_task scheduled__2025-01-10T00:00:00+00:00 [queued]>
[2025-01-14T11:24:57.632+0000] {taskinstance.py:2613} INFO - Dependencies all met for dep_context=requeueable deps ti=<TaskInstance: etl_pipeline.load_task scheduled__2025-01-10T00:00:00+00:00 [queued]>
[2025-01-14T11:24:57.633+0000] {taskinstance.py:2866} INFO - Starting attempt 1 of 1
[2025-01-14T11:24:57.659+0000] {taskinstance.py:2889} INFO - Executing <Task(PythonOperator): load_task> on 2025-01-10 00:00:00+00:00
[2025-01-14T11:24:57.670+0000] {logging_mixin.py:190} WARNING - /home/***/.local/lib/python3.12/site-packages/***/task/task_runner/standard_task_runner.py:70 DeprecationWarning: This process (pid=4180) is multi-threaded, use of fork() may lead to deadlocks in the child.
[2025-01-14T11:24:57.672+0000] {standard_task_runner.py:72} INFO - Started process 4265 to run task
[2025-01-14T11:24:57.673+0000] {standard_task_runner.py:104} INFO - Running: ['***', 'tasks', 'run', 'etl_pipeline', 'load_task', 'scheduled__2025-01-10T00:00:00+00:00', '--job-id', '38', '--raw', '--subdir', 'DAGS_FOLDER/etl_dag.py', '--cfg-path', '/tmp/tmpr7fdr8cw']
[2025-01-14T11:24:57.676+0000] {standard_task_runner.py:105} INFO - Job 38: Subtask load_task
[2025-01-14T11:24:57.754+0000] {task_command.py:467} INFO - Running <TaskInstance: etl_pipeline.load_task scheduled__2025-01-10T00:00:00+00:00 [running]> on host 45eb6cc28065
[2025-01-14T11:24:57.888+0000] {taskinstance.py:3132} INFO - Exporting env vars: AIRFLOW_CTX_DAG_OWNER='***' AIRFLOW_CTX_DAG_ID='etl_pipeline' AIRFLOW_CTX_TASK_ID='load_task' AIRFLOW_CTX_EXECUTION_DATE='2025-01-10T00:00:00+00:00' AIRFLOW_CTX_TRY_NUMBER='1' AIRFLOW_CTX_DAG_RUN_ID='scheduled__2025-01-10T00:00:00+00:00'
[2025-01-14T11:24:57.893+0000] {logging_mixin.py:190} INFO - Task instance is in running state
[2025-01-14T11:24:57.894+0000] {logging_mixin.py:190} INFO -  Previous state of the Task instance: queued
[2025-01-14T11:24:57.895+0000] {logging_mixin.py:190} INFO - Current task name:load_task state:running start_date:2025-01-14 11:24:57.618922+00:00
[2025-01-14T11:24:57.896+0000] {logging_mixin.py:190} INFO - Dag name:etl_pipeline and current dag run status:running
[2025-01-14T11:24:57.899+0000] {taskinstance.py:731} INFO - ::endgroup::
[2025-01-14T11:24:57.919+0000] {logging_mixin.py:190} INFO - Loading data: [2, 4, 6]
[2025-01-14T11:24:57.920+0000] {python.py:240} INFO - Done. Returned value was: None
[2025-01-14T11:24:57.943+0000] {taskinstance.py:340} INFO - ::group::Post task execution logs
[2025-01-14T11:24:57.946+0000] {taskinstance.py:352} INFO - Marking task as SUCCESS. dag_id=etl_pipeline, task_id=load_task, run_id=scheduled__2025-01-10T00:00:00+00:00, execution_date=20250110T000000, start_date=20250114T112457, end_date=20250114T112457
[2025-01-14T11:24:57.966+0000] {logging_mixin.py:190} INFO - Task instance in success state
[2025-01-14T11:24:57.968+0000] {logging_mixin.py:190} INFO -  Previous state of the Task instance: running
[2025-01-14T11:24:57.969+0000] {logging_mixin.py:190} INFO - Dag name:etl_pipeline queued_at:2025-01-14 11:24:48.382311+00:00
[2025-01-14T11:24:57.970+0000] {logging_mixin.py:190} INFO - Task hostname:45eb6cc28065 operator:PythonOperator
[2025-01-14T11:24:58.024+0000] {local_task_job_runner.py:266} INFO - Task exited with return code 0
[2025-01-14T11:24:58.044+0000] {local_task_job_runner.py:245} INFO - ::endgroup::
[2025-01-14T13:21:42.997+0000] {local_task_job_runner.py:123} INFO - ::group::Pre task execution logs
[2025-01-14T13:21:43.037+0000] {taskinstance.py:2613} INFO - Dependencies all met for dep_context=non-requeueable deps ti=<TaskInstance: etl_pipeline.load_task scheduled__2025-01-10T00:00:00+00:00 [queued]>
[2025-01-14T13:21:43.060+0000] {taskinstance.py:2613} INFO - Dependencies all met for dep_context=requeueable deps ti=<TaskInstance: etl_pipeline.load_task scheduled__2025-01-10T00:00:00+00:00 [queued]>
[2025-01-14T13:21:43.062+0000] {taskinstance.py:2866} INFO - Starting attempt 1 of 1
[2025-01-14T13:21:43.091+0000] {taskinstance.py:2889} INFO - Executing <Task(PythonOperator): load_task> on 2025-01-10 00:00:00+00:00
[2025-01-14T13:21:43.110+0000] {standard_task_runner.py:104} INFO - Running: ['***', 'tasks', 'run', 'etl_pipeline', 'load_task', 'scheduled__2025-01-10T00:00:00+00:00', '--job-id', '39', '--raw', '--subdir', 'DAGS_FOLDER/etl_dag.py', '--cfg-path', '/tmp/tmpoubxcn_6']
[2025-01-14T13:21:43.112+0000] {standard_task_runner.py:105} INFO - Job 39: Subtask load_task
[2025-01-14T13:21:43.114+0000] {logging_mixin.py:190} WARNING - /home/***/.local/lib/python3.12/site-packages/***/task/task_runner/standard_task_runner.py:70 DeprecationWarning: This process (pid=1405) is multi-threaded, use of fork() may lead to deadlocks in the child.
[2025-01-14T13:21:43.117+0000] {standard_task_runner.py:72} INFO - Started process 1489 to run task
[2025-01-14T13:21:43.237+0000] {task_command.py:467} INFO - Running <TaskInstance: etl_pipeline.load_task scheduled__2025-01-10T00:00:00+00:00 [running]> on host 3215871494c5
[2025-01-14T13:21:43.487+0000] {taskinstance.py:3132} INFO - Exporting env vars: AIRFLOW_CTX_DAG_OWNER='***' AIRFLOW_CTX_DAG_ID='etl_pipeline' AIRFLOW_CTX_TASK_ID='load_task' AIRFLOW_CTX_EXECUTION_DATE='2025-01-10T00:00:00+00:00' AIRFLOW_CTX_TRY_NUMBER='1' AIRFLOW_CTX_DAG_RUN_ID='scheduled__2025-01-10T00:00:00+00:00'
[2025-01-14T13:21:43.491+0000] {logging_mixin.py:190} INFO - Task instance is in running state
[2025-01-14T13:21:43.494+0000] {logging_mixin.py:190} INFO -  Previous state of the Task instance: queued
[2025-01-14T13:21:43.497+0000] {logging_mixin.py:190} INFO - Current task name:load_task state:running start_date:2025-01-14 13:21:43.038333+00:00
[2025-01-14T13:21:43.499+0000] {logging_mixin.py:190} INFO - Dag name:etl_pipeline and current dag run status:running
[2025-01-14T13:21:43.501+0000] {taskinstance.py:731} INFO - ::endgroup::
[2025-01-14T13:21:43.530+0000] {logging_mixin.py:190} INFO - Loading data: [2, 4, 6]
[2025-01-14T13:21:43.531+0000] {python.py:240} INFO - Done. Returned value was: None
[2025-01-14T13:21:43.555+0000] {taskinstance.py:340} INFO - ::group::Post task execution logs
[2025-01-14T13:21:43.557+0000] {taskinstance.py:352} INFO - Marking task as SUCCESS. dag_id=etl_pipeline, task_id=load_task, run_id=scheduled__2025-01-10T00:00:00+00:00, execution_date=20250110T000000, start_date=20250114T132143, end_date=20250114T132143
[2025-01-14T13:21:43.582+0000] {logging_mixin.py:190} INFO - Task instance in success state
[2025-01-14T13:21:43.585+0000] {logging_mixin.py:190} INFO -  Previous state of the Task instance: running
[2025-01-14T13:21:43.587+0000] {logging_mixin.py:190} INFO - Dag name:etl_pipeline queued_at:2025-01-14 13:21:27.828138+00:00
[2025-01-14T13:21:43.589+0000] {logging_mixin.py:190} INFO - Task hostname:3215871494c5 operator:PythonOperator
[2025-01-14T13:21:43.637+0000] {local_task_job_runner.py:266} INFO - Task exited with return code 0
[2025-01-14T13:21:43.687+0000] {taskinstance.py:3895} INFO - 0 downstream tasks scheduled from follow-on schedule check
[2025-01-14T13:21:43.691+0000] {local_task_job_runner.py:245} INFO - ::endgroup::
