[2025-01-14T11:24:57.799+0000] {local_task_job_runner.py:123} INFO - ::group::Pre task execution logs
[2025-01-14T11:24:57.827+0000] {taskinstance.py:2613} INFO - Dependencies all met for dep_context=non-requeueable deps ti=<TaskInstance: etl_pipeline.load_task scheduled__2025-01-07T00:00:00+00:00 [queued]>
[2025-01-14T11:24:57.845+0000] {taskinstance.py:2613} INFO - Dependencies all met for dep_context=requeueable deps ti=<TaskInstance: etl_pipeline.load_task scheduled__2025-01-07T00:00:00+00:00 [queued]>
[2025-01-14T11:24:57.846+0000] {taskinstance.py:2866} INFO - Starting attempt 1 of 1
[2025-01-14T11:24:57.867+0000] {taskinstance.py:2889} INFO - Executing <Task(PythonOperator): load_task> on 2025-01-07 00:00:00+00:00
[2025-01-14T11:24:57.878+0000] {logging_mixin.py:190} WARNING - /home/***/.local/lib/python3.12/site-packages/***/task/task_runner/standard_task_runner.py:70 DeprecationWarning: This process (pid=4182) is multi-threaded, use of fork() may lead to deadlocks in the child.
[2025-01-14T11:24:57.880+0000] {standard_task_runner.py:72} INFO - Started process 4279 to run task
[2025-01-14T11:24:57.881+0000] {standard_task_runner.py:104} INFO - Running: ['***', 'tasks', 'run', 'etl_pipeline', 'load_task', 'scheduled__2025-01-07T00:00:00+00:00', '--job-id', '41', '--raw', '--subdir', 'DAGS_FOLDER/etl_dag.py', '--cfg-path', '/tmp/tmp_ttwhcx6']
[2025-01-14T11:24:57.884+0000] {standard_task_runner.py:105} INFO - Job 41: Subtask load_task
[2025-01-14T11:24:57.979+0000] {task_command.py:467} INFO - Running <TaskInstance: etl_pipeline.load_task scheduled__2025-01-07T00:00:00+00:00 [running]> on host 45eb6cc28065
[2025-01-14T11:24:58.139+0000] {taskinstance.py:3132} INFO - Exporting env vars: AIRFLOW_CTX_DAG_OWNER='***' AIRFLOW_CTX_DAG_ID='etl_pipeline' AIRFLOW_CTX_TASK_ID='load_task' AIRFLOW_CTX_EXECUTION_DATE='2025-01-07T00:00:00+00:00' AIRFLOW_CTX_TRY_NUMBER='1' AIRFLOW_CTX_DAG_RUN_ID='scheduled__2025-01-07T00:00:00+00:00'
[2025-01-14T11:24:58.142+0000] {logging_mixin.py:190} INFO - Task instance is in running state
[2025-01-14T11:24:58.143+0000] {logging_mixin.py:190} INFO -  Previous state of the Task instance: queued
[2025-01-14T11:24:58.143+0000] {logging_mixin.py:190} INFO - Current task name:load_task state:running start_date:2025-01-14 11:24:57.828677+00:00
[2025-01-14T11:24:58.144+0000] {logging_mixin.py:190} INFO - Dag name:etl_pipeline and current dag run status:running
[2025-01-14T11:24:58.144+0000] {taskinstance.py:731} INFO - ::endgroup::
[2025-01-14T11:24:58.156+0000] {logging_mixin.py:190} INFO - Loading data: [2, 4, 6]
[2025-01-14T11:24:58.158+0000] {python.py:240} INFO - Done. Returned value was: None
[2025-01-14T11:24:58.170+0000] {taskinstance.py:340} INFO - ::group::Post task execution logs
[2025-01-14T11:24:58.171+0000] {taskinstance.py:352} INFO - Marking task as SUCCESS. dag_id=etl_pipeline, task_id=load_task, run_id=scheduled__2025-01-07T00:00:00+00:00, execution_date=20250107T000000, start_date=20250114T112457, end_date=20250114T112458
[2025-01-14T11:24:58.189+0000] {logging_mixin.py:190} INFO - Task instance in success state
[2025-01-14T11:24:58.190+0000] {logging_mixin.py:190} INFO -  Previous state of the Task instance: running
[2025-01-14T11:24:58.190+0000] {logging_mixin.py:190} INFO - Dag name:etl_pipeline queued_at:2025-01-14 11:24:47.961714+00:00
[2025-01-14T11:24:58.192+0000] {logging_mixin.py:190} INFO - Task hostname:45eb6cc28065 operator:PythonOperator
[2025-01-14T11:24:58.234+0000] {local_task_job_runner.py:266} INFO - Task exited with return code 0
[2025-01-14T11:24:58.257+0000] {taskinstance.py:3895} INFO - 0 downstream tasks scheduled from follow-on schedule check
[2025-01-14T11:24:58.262+0000] {local_task_job_runner.py:245} INFO - ::endgroup::
[2025-01-14T13:21:42.839+0000] {local_task_job_runner.py:123} INFO - ::group::Pre task execution logs
[2025-01-14T13:21:42.895+0000] {taskinstance.py:2613} INFO - Dependencies all met for dep_context=non-requeueable deps ti=<TaskInstance: etl_pipeline.load_task scheduled__2025-01-07T00:00:00+00:00 [queued]>
[2025-01-14T13:21:42.920+0000] {taskinstance.py:2613} INFO - Dependencies all met for dep_context=requeueable deps ti=<TaskInstance: etl_pipeline.load_task scheduled__2025-01-07T00:00:00+00:00 [queued]>
[2025-01-14T13:21:42.925+0000] {taskinstance.py:2866} INFO - Starting attempt 1 of 1
[2025-01-14T13:21:42.960+0000] {taskinstance.py:2889} INFO - Executing <Task(PythonOperator): load_task> on 2025-01-07 00:00:00+00:00
[2025-01-14T13:21:42.982+0000] {logging_mixin.py:190} WARNING - /home/***/.local/lib/python3.12/site-packages/***/task/task_runner/standard_task_runner.py:70 DeprecationWarning: This process (pid=1403) is multi-threaded, use of fork() may lead to deadlocks in the child.
[2025-01-14T13:21:42.981+0000] {standard_task_runner.py:104} INFO - Running: ['***', 'tasks', 'run', 'etl_pipeline', 'load_task', 'scheduled__2025-01-07T00:00:00+00:00', '--job-id', '38', '--raw', '--subdir', 'DAGS_FOLDER/etl_dag.py', '--cfg-path', '/tmp/tmp8_li84rj']
[2025-01-14T13:21:42.986+0000] {standard_task_runner.py:72} INFO - Started process 1482 to run task
[2025-01-14T13:21:42.987+0000] {standard_task_runner.py:105} INFO - Job 38: Subtask load_task
[2025-01-14T13:21:43.114+0000] {task_command.py:467} INFO - Running <TaskInstance: etl_pipeline.load_task scheduled__2025-01-07T00:00:00+00:00 [running]> on host 3215871494c5
[2025-01-14T13:21:43.382+0000] {taskinstance.py:3132} INFO - Exporting env vars: AIRFLOW_CTX_DAG_OWNER='***' AIRFLOW_CTX_DAG_ID='etl_pipeline' AIRFLOW_CTX_TASK_ID='load_task' AIRFLOW_CTX_EXECUTION_DATE='2025-01-07T00:00:00+00:00' AIRFLOW_CTX_TRY_NUMBER='1' AIRFLOW_CTX_DAG_RUN_ID='scheduled__2025-01-07T00:00:00+00:00'
[2025-01-14T13:21:43.386+0000] {logging_mixin.py:190} INFO - Task instance is in running state
[2025-01-14T13:21:43.388+0000] {logging_mixin.py:190} INFO -  Previous state of the Task instance: queued
[2025-01-14T13:21:43.391+0000] {logging_mixin.py:190} INFO - Current task name:load_task state:running start_date:2025-01-14 13:21:42.896973+00:00
[2025-01-14T13:21:43.393+0000] {logging_mixin.py:190} INFO - Dag name:etl_pipeline and current dag run status:running
[2025-01-14T13:21:43.395+0000] {taskinstance.py:731} INFO - ::endgroup::
[2025-01-14T13:21:43.430+0000] {logging_mixin.py:190} INFO - Loading data: [2, 4, 6]
[2025-01-14T13:21:43.432+0000] {python.py:240} INFO - Done. Returned value was: None
[2025-01-14T13:21:43.463+0000] {taskinstance.py:340} INFO - ::group::Post task execution logs
[2025-01-14T13:21:43.465+0000] {taskinstance.py:352} INFO - Marking task as SUCCESS. dag_id=etl_pipeline, task_id=load_task, run_id=scheduled__2025-01-07T00:00:00+00:00, execution_date=20250107T000000, start_date=20250114T132142, end_date=20250114T132143
[2025-01-14T13:21:43.482+0000] {logging_mixin.py:190} INFO - Task instance in success state
[2025-01-14T13:21:43.484+0000] {logging_mixin.py:190} INFO -  Previous state of the Task instance: running
[2025-01-14T13:21:43.489+0000] {logging_mixin.py:190} INFO - Dag name:etl_pipeline queued_at:2025-01-14 13:21:27.026357+00:00
[2025-01-14T13:21:43.490+0000] {logging_mixin.py:190} INFO - Task hostname:3215871494c5 operator:PythonOperator
[2025-01-14T13:21:43.551+0000] {local_task_job_runner.py:266} INFO - Task exited with return code 0
[2025-01-14T13:21:43.613+0000] {taskinstance.py:3895} INFO - 0 downstream tasks scheduled from follow-on schedule check
[2025-01-14T13:21:43.619+0000] {local_task_job_runner.py:245} INFO - ::endgroup::
