[2025-01-14T11:24:52.169+0000] {local_task_job_runner.py:123} INFO - ::group::Pre task execution logs
[2025-01-14T11:24:52.221+0000] {taskinstance.py:2613} INFO - Dependencies all met for dep_context=non-requeueable deps ti=<TaskInstance: etl_pipeline.transform_task scheduled__2025-01-04T00:00:00+00:00 [queued]>
[2025-01-14T11:24:52.242+0000] {taskinstance.py:2613} INFO - Dependencies all met for dep_context=requeueable deps ti=<TaskInstance: etl_pipeline.transform_task scheduled__2025-01-04T00:00:00+00:00 [queued]>
[2025-01-14T11:24:52.243+0000] {taskinstance.py:2866} INFO - Starting attempt 1 of 1
[2025-01-14T11:24:52.262+0000] {taskinstance.py:2889} INFO - Executing <Task(PythonOperator): transform_task> on 2025-01-04 00:00:00+00:00
[2025-01-14T11:24:52.277+0000] {standard_task_runner.py:104} INFO - Running: ['***', 'tasks', 'run', 'etl_pipeline', 'transform_task', 'scheduled__2025-01-04T00:00:00+00:00', '--job-id', '22', '--raw', '--subdir', 'DAGS_FOLDER/etl_dag.py', '--cfg-path', '/tmp/tmpmyh8lsdg']
[2025-01-14T11:24:52.279+0000] {standard_task_runner.py:105} INFO - Job 22: Subtask transform_task
[2025-01-14T11:24:52.282+0000] {logging_mixin.py:190} WARNING - /home/***/.local/lib/python3.12/site-packages/***/task/task_runner/standard_task_runner.py:70 DeprecationWarning: This process (pid=4063) is multi-threaded, use of fork() may lead to deadlocks in the child.
[2025-01-14T11:24:52.283+0000] {standard_task_runner.py:72} INFO - Started process 4094 to run task
[2025-01-14T11:24:52.426+0000] {task_command.py:467} INFO - Running <TaskInstance: etl_pipeline.transform_task scheduled__2025-01-04T00:00:00+00:00 [running]> on host 45eb6cc28065
[2025-01-14T11:24:52.905+0000] {taskinstance.py:3132} INFO - Exporting env vars: AIRFLOW_CTX_DAG_OWNER='***' AIRFLOW_CTX_DAG_ID='etl_pipeline' AIRFLOW_CTX_TASK_ID='transform_task' AIRFLOW_CTX_EXECUTION_DATE='2025-01-04T00:00:00+00:00' AIRFLOW_CTX_TRY_NUMBER='1' AIRFLOW_CTX_DAG_RUN_ID='scheduled__2025-01-04T00:00:00+00:00'
[2025-01-14T11:24:52.908+0000] {logging_mixin.py:190} INFO - Task instance is in running state
[2025-01-14T11:24:52.912+0000] {logging_mixin.py:190} INFO -  Previous state of the Task instance: queued
[2025-01-14T11:24:52.913+0000] {logging_mixin.py:190} INFO - Current task name:transform_task state:running start_date:2025-01-14 11:24:52.223630+00:00
[2025-01-14T11:24:52.915+0000] {logging_mixin.py:190} INFO - Dag name:etl_pipeline and current dag run status:running
[2025-01-14T11:24:52.922+0000] {taskinstance.py:731} INFO - ::endgroup::
[2025-01-14T11:24:52.946+0000] {logging_mixin.py:190} INFO - Transformed data: [2, 4, 6]
[2025-01-14T11:24:52.946+0000] {python.py:240} INFO - Done. Returned value was: [2, 4, 6]
[2025-01-14T11:24:53.012+0000] {taskinstance.py:340} INFO - ::group::Post task execution logs
[2025-01-14T11:24:53.019+0000] {taskinstance.py:352} INFO - Marking task as SUCCESS. dag_id=etl_pipeline, task_id=transform_task, run_id=scheduled__2025-01-04T00:00:00+00:00, execution_date=20250104T000000, start_date=20250114T112452, end_date=20250114T112453
[2025-01-14T11:24:53.050+0000] {logging_mixin.py:190} INFO - Task instance in success state
[2025-01-14T11:24:53.053+0000] {logging_mixin.py:190} INFO -  Previous state of the Task instance: running
[2025-01-14T11:24:53.054+0000] {logging_mixin.py:190} INFO - Dag name:etl_pipeline queued_at:2025-01-14 11:24:47.614280+00:00
[2025-01-14T11:24:53.055+0000] {logging_mixin.py:190} INFO - Task hostname:45eb6cc28065 operator:PythonOperator
[2025-01-14T11:24:53.102+0000] {local_task_job_runner.py:266} INFO - Task exited with return code 0
[2025-01-14T11:24:53.136+0000] {local_task_job_runner.py:245} INFO - ::endgroup::
[2025-01-14T13:21:34.902+0000] {local_task_job_runner.py:123} INFO - ::group::Pre task execution logs
[2025-01-14T13:21:35.023+0000] {taskinstance.py:2613} INFO - Dependencies all met for dep_context=non-requeueable deps ti=<TaskInstance: etl_pipeline.transform_task scheduled__2025-01-04T00:00:00+00:00 [queued]>
[2025-01-14T13:21:35.091+0000] {taskinstance.py:2613} INFO - Dependencies all met for dep_context=requeueable deps ti=<TaskInstance: etl_pipeline.transform_task scheduled__2025-01-04T00:00:00+00:00 [queued]>
[2025-01-14T13:21:35.096+0000] {taskinstance.py:2866} INFO - Starting attempt 1 of 1
[2025-01-14T13:21:35.256+0000] {taskinstance.py:2889} INFO - Executing <Task(PythonOperator): transform_task> on 2025-01-04 00:00:00+00:00
[2025-01-14T13:21:35.295+0000] {standard_task_runner.py:104} INFO - Running: ['***', 'tasks', 'run', 'etl_pipeline', 'transform_task', 'scheduled__2025-01-04T00:00:00+00:00', '--job-id', '17', '--raw', '--subdir', 'DAGS_FOLDER/etl_dag.py', '--cfg-path', '/tmp/tmpw4ttlmcg']
[2025-01-14T13:21:35.308+0000] {standard_task_runner.py:105} INFO - Job 17: Subtask transform_task
[2025-01-14T13:21:35.327+0000] {logging_mixin.py:190} WARNING - /home/***/.local/lib/python3.12/site-packages/***/task/task_runner/standard_task_runner.py:70 DeprecationWarning: This process (pid=1274) is multi-threaded, use of fork() may lead to deadlocks in the child.
[2025-01-14T13:21:35.337+0000] {standard_task_runner.py:72} INFO - Started process 1322 to run task
[2025-01-14T13:21:35.558+0000] {task_command.py:467} INFO - Running <TaskInstance: etl_pipeline.transform_task scheduled__2025-01-04T00:00:00+00:00 [running]> on host 3215871494c5
[2025-01-14T13:21:35.865+0000] {taskinstance.py:3132} INFO - Exporting env vars: AIRFLOW_CTX_DAG_OWNER='***' AIRFLOW_CTX_DAG_ID='etl_pipeline' AIRFLOW_CTX_TASK_ID='transform_task' AIRFLOW_CTX_EXECUTION_DATE='2025-01-04T00:00:00+00:00' AIRFLOW_CTX_TRY_NUMBER='1' AIRFLOW_CTX_DAG_RUN_ID='scheduled__2025-01-04T00:00:00+00:00'
[2025-01-14T13:21:35.879+0000] {logging_mixin.py:190} INFO - Task instance is in running state
[2025-01-14T13:21:35.888+0000] {logging_mixin.py:190} INFO -  Previous state of the Task instance: queued
[2025-01-14T13:21:35.891+0000] {logging_mixin.py:190} INFO - Current task name:transform_task state:running start_date:2025-01-14 13:21:35.035077+00:00
[2025-01-14T13:21:35.893+0000] {logging_mixin.py:190} INFO - Dag name:etl_pipeline and current dag run status:running
[2025-01-14T13:21:35.895+0000] {taskinstance.py:731} INFO - ::endgroup::
[2025-01-14T13:21:35.969+0000] {logging_mixin.py:190} INFO - Transformed data: [2, 4, 6]
[2025-01-14T13:21:35.975+0000] {python.py:240} INFO - Done. Returned value was: [2, 4, 6]
[2025-01-14T13:21:36.084+0000] {taskinstance.py:340} INFO - ::group::Post task execution logs
[2025-01-14T13:21:36.088+0000] {taskinstance.py:352} INFO - Marking task as SUCCESS. dag_id=etl_pipeline, task_id=transform_task, run_id=scheduled__2025-01-04T00:00:00+00:00, execution_date=20250104T000000, start_date=20250114T132135, end_date=20250114T132136
[2025-01-14T13:21:36.162+0000] {logging_mixin.py:190} INFO - Task instance in success state
[2025-01-14T13:21:36.163+0000] {logging_mixin.py:190} INFO -  Previous state of the Task instance: running
[2025-01-14T13:21:36.168+0000] {logging_mixin.py:190} INFO - Dag name:etl_pipeline queued_at:2025-01-14 13:21:26.385553+00:00
[2025-01-14T13:21:36.174+0000] {logging_mixin.py:190} INFO - Task hostname:3215871494c5 operator:PythonOperator
[2025-01-14T13:21:36.251+0000] {local_task_job_runner.py:266} INFO - Task exited with return code 0
[2025-01-14T13:21:36.398+0000] {taskinstance.py:3895} INFO - 1 downstream tasks scheduled from follow-on schedule check
[2025-01-14T13:21:36.411+0000] {local_task_job_runner.py:245} INFO - ::endgroup::
