[2025-01-14T11:24:49.759+0000] {local_task_job_runner.py:123} INFO - ::group::Pre task execution logs
[2025-01-14T11:24:49.788+0000] {taskinstance.py:2613} INFO - Dependencies all met for dep_context=non-requeueable deps ti=<TaskInstance: etl_pipeline.extract_task scheduled__2025-01-06T00:00:00+00:00 [queued]>
[2025-01-14T11:24:49.804+0000] {taskinstance.py:2613} INFO - Dependencies all met for dep_context=requeueable deps ti=<TaskInstance: etl_pipeline.extract_task scheduled__2025-01-06T00:00:00+00:00 [queued]>
[2025-01-14T11:24:49.805+0000] {taskinstance.py:2866} INFO - Starting attempt 1 of 1
[2025-01-14T11:24:49.834+0000] {taskinstance.py:2889} INFO - Executing <Task(PythonOperator): extract_task> on 2025-01-06 00:00:00+00:00
[2025-01-14T11:24:49.851+0000] {standard_task_runner.py:104} INFO - Running: ['***', 'tasks', 'run', 'etl_pipeline', 'extract_task', 'scheduled__2025-01-06T00:00:00+00:00', '--job-id', '10', '--raw', '--subdir', 'DAGS_FOLDER/etl_dag.py', '--cfg-path', '/tmp/tmp4pg1ycbr']
[2025-01-14T11:24:49.853+0000] {standard_task_runner.py:105} INFO - Job 10: Subtask extract_task
[2025-01-14T11:24:49.854+0000] {logging_mixin.py:190} WARNING - /home/***/.local/lib/python3.12/site-packages/***/task/task_runner/standard_task_runner.py:70 DeprecationWarning: This process (pid=4039) is multi-threaded, use of fork() may lead to deadlocks in the child.
[2025-01-14T11:24:49.855+0000] {standard_task_runner.py:72} INFO - Started process 4060 to run task
[2025-01-14T11:24:49.957+0000] {task_command.py:467} INFO - Running <TaskInstance: etl_pipeline.extract_task scheduled__2025-01-06T00:00:00+00:00 [running]> on host 45eb6cc28065
[2025-01-14T11:24:50.151+0000] {taskinstance.py:3132} INFO - Exporting env vars: AIRFLOW_CTX_DAG_OWNER='***' AIRFLOW_CTX_DAG_ID='etl_pipeline' AIRFLOW_CTX_TASK_ID='extract_task' AIRFLOW_CTX_EXECUTION_DATE='2025-01-06T00:00:00+00:00' AIRFLOW_CTX_TRY_NUMBER='1' AIRFLOW_CTX_DAG_RUN_ID='scheduled__2025-01-06T00:00:00+00:00'
[2025-01-14T11:24:50.167+0000] {logging_mixin.py:190} INFO - Task instance is in running state
[2025-01-14T11:24:50.177+0000] {logging_mixin.py:190} INFO -  Previous state of the Task instance: queued
[2025-01-14T11:24:50.189+0000] {logging_mixin.py:190} INFO - Current task name:extract_task state:running start_date:2025-01-14 11:24:49.789034+00:00
[2025-01-14T11:24:50.198+0000] {logging_mixin.py:190} INFO - Dag name:etl_pipeline and current dag run status:running
[2025-01-14T11:24:50.199+0000] {taskinstance.py:731} INFO - ::endgroup::
[2025-01-14T11:24:50.201+0000] {logging_mixin.py:190} INFO - Extracting data...
[2025-01-14T11:24:50.207+0000] {python.py:240} INFO - Done. Returned value was: {'data': [1, 2, 3]}
[2025-01-14T11:24:50.247+0000] {taskinstance.py:340} INFO - ::group::Post task execution logs
[2025-01-14T11:24:50.252+0000] {taskinstance.py:352} INFO - Marking task as SUCCESS. dag_id=etl_pipeline, task_id=extract_task, run_id=scheduled__2025-01-06T00:00:00+00:00, execution_date=20250106T000000, start_date=20250114T112449, end_date=20250114T112450
[2025-01-14T11:24:50.270+0000] {logging_mixin.py:190} INFO - Task instance in success state
[2025-01-14T11:24:50.273+0000] {logging_mixin.py:190} INFO -  Previous state of the Task instance: running
[2025-01-14T11:24:50.273+0000] {logging_mixin.py:190} INFO - Dag name:etl_pipeline queued_at:2025-01-14 11:24:47.831641+00:00
[2025-01-14T11:24:50.275+0000] {logging_mixin.py:190} INFO - Task hostname:45eb6cc28065 operator:PythonOperator
[2025-01-14T11:24:50.330+0000] {local_task_job_runner.py:266} INFO - Task exited with return code 0
[2025-01-14T11:24:50.389+0000] {taskinstance.py:3895} INFO - 1 downstream tasks scheduled from follow-on schedule check
[2025-01-14T11:24:50.396+0000] {local_task_job_runner.py:245} INFO - ::endgroup::
[2025-01-14T13:21:30.401+0000] {local_task_job_runner.py:123} INFO - ::group::Pre task execution logs
[2025-01-14T13:21:30.493+0000] {taskinstance.py:2613} INFO - Dependencies all met for dep_context=non-requeueable deps ti=<TaskInstance: etl_pipeline.extract_task scheduled__2025-01-06T00:00:00+00:00 [queued]>
[2025-01-14T13:21:30.531+0000] {taskinstance.py:2613} INFO - Dependencies all met for dep_context=requeueable deps ti=<TaskInstance: etl_pipeline.extract_task scheduled__2025-01-06T00:00:00+00:00 [queued]>
[2025-01-14T13:21:30.533+0000] {taskinstance.py:2866} INFO - Starting attempt 1 of 1
[2025-01-14T13:21:30.585+0000] {taskinstance.py:2889} INFO - Executing <Task(PythonOperator): extract_task> on 2025-01-06 00:00:00+00:00
[2025-01-14T13:21:30.617+0000] {logging_mixin.py:190} WARNING - /home/***/.local/lib/python3.12/site-packages/***/task/task_runner/standard_task_runner.py:70 DeprecationWarning: This process (pid=1203) is multi-threaded, use of fork() may lead to deadlocks in the child.
[2025-01-14T13:21:30.626+0000] {standard_task_runner.py:72} INFO - Started process 1254 to run task
[2025-01-14T13:21:30.633+0000] {standard_task_runner.py:104} INFO - Running: ['***', 'tasks', 'run', 'etl_pipeline', 'extract_task', 'scheduled__2025-01-06T00:00:00+00:00', '--job-id', '8', '--raw', '--subdir', 'DAGS_FOLDER/etl_dag.py', '--cfg-path', '/tmp/tmp6foc94xl']
[2025-01-14T13:21:30.641+0000] {standard_task_runner.py:105} INFO - Job 8: Subtask extract_task
[2025-01-14T13:21:30.849+0000] {task_command.py:467} INFO - Running <TaskInstance: etl_pipeline.extract_task scheduled__2025-01-06T00:00:00+00:00 [running]> on host 3215871494c5
[2025-01-14T13:21:31.093+0000] {taskinstance.py:3132} INFO - Exporting env vars: AIRFLOW_CTX_DAG_OWNER='***' AIRFLOW_CTX_DAG_ID='etl_pipeline' AIRFLOW_CTX_TASK_ID='extract_task' AIRFLOW_CTX_EXECUTION_DATE='2025-01-06T00:00:00+00:00' AIRFLOW_CTX_TRY_NUMBER='1' AIRFLOW_CTX_DAG_RUN_ID='scheduled__2025-01-06T00:00:00+00:00'
[2025-01-14T13:21:31.099+0000] {logging_mixin.py:190} INFO - Task instance is in running state
[2025-01-14T13:21:31.101+0000] {logging_mixin.py:190} INFO -  Previous state of the Task instance: queued
[2025-01-14T13:21:31.104+0000] {logging_mixin.py:190} INFO - Current task name:extract_task state:running start_date:2025-01-14 13:21:30.497340+00:00
[2025-01-14T13:21:31.106+0000] {logging_mixin.py:190} INFO - Dag name:etl_pipeline and current dag run status:running
[2025-01-14T13:21:31.109+0000] {taskinstance.py:731} INFO - ::endgroup::
[2025-01-14T13:21:31.116+0000] {logging_mixin.py:190} INFO - Extracting data...
[2025-01-14T13:21:31.119+0000] {python.py:240} INFO - Done. Returned value was: {'data': [1, 2, 3]}
[2025-01-14T13:21:31.184+0000] {taskinstance.py:340} INFO - ::group::Post task execution logs
[2025-01-14T13:21:31.186+0000] {taskinstance.py:352} INFO - Marking task as SUCCESS. dag_id=etl_pipeline, task_id=extract_task, run_id=scheduled__2025-01-06T00:00:00+00:00, execution_date=20250106T000000, start_date=20250114T132130, end_date=20250114T132131
[2025-01-14T13:21:31.213+0000] {logging_mixin.py:190} INFO - Task instance in success state
[2025-01-14T13:21:31.217+0000] {logging_mixin.py:190} INFO -  Previous state of the Task instance: running
[2025-01-14T13:21:31.218+0000] {logging_mixin.py:190} INFO - Dag name:etl_pipeline queued_at:2025-01-14 13:21:26.792446+00:00
[2025-01-14T13:21:31.220+0000] {logging_mixin.py:190} INFO - Task hostname:3215871494c5 operator:PythonOperator
[2025-01-14T13:21:31.284+0000] {local_task_job_runner.py:266} INFO - Task exited with return code 0
[2025-01-14T13:21:31.373+0000] {taskinstance.py:3895} INFO - 0 downstream tasks scheduled from follow-on schedule check
[2025-01-14T13:21:31.388+0000] {local_task_job_runner.py:245} INFO - ::endgroup::
