[2025-01-14T11:24:55.678+0000] {local_task_job_runner.py:123} INFO - ::group::Pre task execution logs
[2025-01-14T11:24:55.774+0000] {taskinstance.py:2613} INFO - Dependencies all met for dep_context=non-requeueable deps ti=<TaskInstance: etl_pipeline.load_task scheduled__2025-01-03T00:00:00+00:00 [queued]>
[2025-01-14T11:24:55.800+0000] {taskinstance.py:2613} INFO - Dependencies all met for dep_context=requeueable deps ti=<TaskInstance: etl_pipeline.load_task scheduled__2025-01-03T00:00:00+00:00 [queued]>
[2025-01-14T11:24:55.804+0000] {taskinstance.py:2866} INFO - Starting attempt 1 of 1
[2025-01-14T11:24:55.848+0000] {taskinstance.py:2889} INFO - Executing <Task(PythonOperator): load_task> on 2025-01-03 00:00:00+00:00
[2025-01-14T11:24:55.889+0000] {standard_task_runner.py:104} INFO - Running: ['***', 'tasks', 'run', 'etl_pipeline', 'load_task', 'scheduled__2025-01-03T00:00:00+00:00', '--job-id', '30', '--raw', '--subdir', 'DAGS_FOLDER/etl_dag.py', '--cfg-path', '/tmp/tmpu3tvds17']
[2025-01-14T11:24:55.900+0000] {standard_task_runner.py:105} INFO - Job 30: Subtask load_task
[2025-01-14T11:24:55.916+0000] {logging_mixin.py:190} WARNING - /home/***/.local/lib/python3.12/site-packages/***/task/task_runner/standard_task_runner.py:70 DeprecationWarning: This process (pid=4126) is multi-threaded, use of fork() may lead to deadlocks in the child.
[2025-01-14T11:24:55.925+0000] {standard_task_runner.py:72} INFO - Started process 4195 to run task
[2025-01-14T11:24:56.063+0000] {task_command.py:467} INFO - Running <TaskInstance: etl_pipeline.load_task scheduled__2025-01-03T00:00:00+00:00 [running]> on host 45eb6cc28065
[2025-01-14T11:24:56.269+0000] {taskinstance.py:3132} INFO - Exporting env vars: AIRFLOW_CTX_DAG_OWNER='***' AIRFLOW_CTX_DAG_ID='etl_pipeline' AIRFLOW_CTX_TASK_ID='load_task' AIRFLOW_CTX_EXECUTION_DATE='2025-01-03T00:00:00+00:00' AIRFLOW_CTX_TRY_NUMBER='1' AIRFLOW_CTX_DAG_RUN_ID='scheduled__2025-01-03T00:00:00+00:00'
[2025-01-14T11:24:56.274+0000] {logging_mixin.py:190} INFO - Task instance is in running state
[2025-01-14T11:24:56.276+0000] {logging_mixin.py:190} INFO -  Previous state of the Task instance: queued
[2025-01-14T11:24:56.278+0000] {logging_mixin.py:190} INFO - Current task name:load_task state:running start_date:2025-01-14 11:24:55.778388+00:00
[2025-01-14T11:24:56.278+0000] {logging_mixin.py:190} INFO - Dag name:etl_pipeline and current dag run status:running
[2025-01-14T11:24:56.280+0000] {taskinstance.py:731} INFO - ::endgroup::
[2025-01-14T11:24:56.351+0000] {logging_mixin.py:190} INFO - Loading data: [2, 4, 6]
[2025-01-14T11:24:56.352+0000] {python.py:240} INFO - Done. Returned value was: None
[2025-01-14T11:24:56.387+0000] {taskinstance.py:340} INFO - ::group::Post task execution logs
[2025-01-14T11:24:56.391+0000] {taskinstance.py:352} INFO - Marking task as SUCCESS. dag_id=etl_pipeline, task_id=load_task, run_id=scheduled__2025-01-03T00:00:00+00:00, execution_date=20250103T000000, start_date=20250114T112455, end_date=20250114T112456
[2025-01-14T11:24:56.433+0000] {logging_mixin.py:190} INFO - Task instance in success state
[2025-01-14T11:24:56.436+0000] {logging_mixin.py:190} INFO -  Previous state of the Task instance: running
[2025-01-14T11:24:56.437+0000] {logging_mixin.py:190} INFO - Dag name:etl_pipeline queued_at:2025-01-14 11:24:47.536981+00:00
[2025-01-14T11:24:56.442+0000] {logging_mixin.py:190} INFO - Task hostname:45eb6cc28065 operator:PythonOperator
[2025-01-14T11:24:56.486+0000] {local_task_job_runner.py:266} INFO - Task exited with return code 0
[2025-01-14T11:24:56.510+0000] {local_task_job_runner.py:245} INFO - ::endgroup::
[2025-01-14T13:21:41.624+0000] {local_task_job_runner.py:123} INFO - ::group::Pre task execution logs
[2025-01-14T13:21:41.690+0000] {taskinstance.py:2613} INFO - Dependencies all met for dep_context=non-requeueable deps ti=<TaskInstance: etl_pipeline.load_task scheduled__2025-01-03T00:00:00+00:00 [queued]>
[2025-01-14T13:21:41.734+0000] {taskinstance.py:2613} INFO - Dependencies all met for dep_context=requeueable deps ti=<TaskInstance: etl_pipeline.load_task scheduled__2025-01-03T00:00:00+00:00 [queued]>
[2025-01-14T13:21:41.736+0000] {taskinstance.py:2866} INFO - Starting attempt 1 of 1
[2025-01-14T13:21:41.805+0000] {taskinstance.py:2889} INFO - Executing <Task(PythonOperator): load_task> on 2025-01-03 00:00:00+00:00
[2025-01-14T13:21:41.845+0000] {standard_task_runner.py:104} INFO - Running: ['***', 'tasks', 'run', 'etl_pipeline', 'load_task', 'scheduled__2025-01-03T00:00:00+00:00', '--job-id', '36', '--raw', '--subdir', 'DAGS_FOLDER/etl_dag.py', '--cfg-path', '/tmp/tmpsm6guxk6']
[2025-01-14T13:21:41.854+0000] {standard_task_runner.py:105} INFO - Job 36: Subtask load_task
[2025-01-14T13:21:41.856+0000] {logging_mixin.py:190} WARNING - /home/***/.local/lib/python3.12/site-packages/***/task/task_runner/standard_task_runner.py:70 DeprecationWarning: This process (pid=1367) is multi-threaded, use of fork() may lead to deadlocks in the child.
[2025-01-14T13:21:41.859+0000] {standard_task_runner.py:72} INFO - Started process 1449 to run task
[2025-01-14T13:21:42.053+0000] {task_command.py:467} INFO - Running <TaskInstance: etl_pipeline.load_task scheduled__2025-01-03T00:00:00+00:00 [running]> on host 3215871494c5
[2025-01-14T13:21:42.425+0000] {taskinstance.py:3132} INFO - Exporting env vars: AIRFLOW_CTX_DAG_OWNER='***' AIRFLOW_CTX_DAG_ID='etl_pipeline' AIRFLOW_CTX_TASK_ID='load_task' AIRFLOW_CTX_EXECUTION_DATE='2025-01-03T00:00:00+00:00' AIRFLOW_CTX_TRY_NUMBER='1' AIRFLOW_CTX_DAG_RUN_ID='scheduled__2025-01-03T00:00:00+00:00'
[2025-01-14T13:21:42.434+0000] {logging_mixin.py:190} INFO - Task instance is in running state
[2025-01-14T13:21:42.439+0000] {logging_mixin.py:190} INFO -  Previous state of the Task instance: queued
[2025-01-14T13:21:42.445+0000] {logging_mixin.py:190} INFO - Current task name:load_task state:running start_date:2025-01-14 13:21:41.693203+00:00
[2025-01-14T13:21:42.449+0000] {logging_mixin.py:190} INFO - Dag name:etl_pipeline and current dag run status:running
[2025-01-14T13:21:42.450+0000] {taskinstance.py:731} INFO - ::endgroup::
[2025-01-14T13:21:42.525+0000] {logging_mixin.py:190} INFO - Loading data: [2, 4, 6]
[2025-01-14T13:21:42.528+0000] {python.py:240} INFO - Done. Returned value was: None
[2025-01-14T13:21:42.597+0000] {taskinstance.py:340} INFO - ::group::Post task execution logs
[2025-01-14T13:21:42.609+0000] {taskinstance.py:352} INFO - Marking task as SUCCESS. dag_id=etl_pipeline, task_id=load_task, run_id=scheduled__2025-01-03T00:00:00+00:00, execution_date=20250103T000000, start_date=20250114T132141, end_date=20250114T132142
[2025-01-14T13:21:42.662+0000] {logging_mixin.py:190} INFO - Task instance in success state
[2025-01-14T13:21:42.668+0000] {logging_mixin.py:190} INFO -  Previous state of the Task instance: running
[2025-01-14T13:21:42.674+0000] {logging_mixin.py:190} INFO - Dag name:etl_pipeline queued_at:2025-01-14 13:21:26.204071+00:00
[2025-01-14T13:21:42.678+0000] {logging_mixin.py:190} INFO - Task hostname:3215871494c5 operator:PythonOperator
[2025-01-14T13:21:42.711+0000] {local_task_job_runner.py:266} INFO - Task exited with return code 0
[2025-01-14T13:21:42.800+0000] {taskinstance.py:3895} INFO - 0 downstream tasks scheduled from follow-on schedule check
[2025-01-14T13:21:42.806+0000] {local_task_job_runner.py:245} INFO - ::endgroup::
