[2025-01-14T11:24:53.822+0000] {local_task_job_runner.py:123} INFO - ::group::Pre task execution logs
[2025-01-14T11:24:53.882+0000] {taskinstance.py:2613} INFO - Dependencies all met for dep_context=non-requeueable deps ti=<TaskInstance: etl_pipeline.transform_task scheduled__2025-01-08T00:00:00+00:00 [queued]>
[2025-01-14T11:24:53.915+0000] {taskinstance.py:2613} INFO - Dependencies all met for dep_context=requeueable deps ti=<TaskInstance: etl_pipeline.transform_task scheduled__2025-01-08T00:00:00+00:00 [queued]>
[2025-01-14T11:24:53.916+0000] {taskinstance.py:2866} INFO - Starting attempt 1 of 1
[2025-01-14T11:24:54.263+0000] {taskinstance.py:2889} INFO - Executing <Task(PythonOperator): transform_task> on 2025-01-08 00:00:00+00:00
[2025-01-14T11:24:54.297+0000] {logging_mixin.py:190} WARNING - /home/***/.local/lib/python3.12/site-packages/***/task/task_runner/standard_task_runner.py:70 DeprecationWarning: This process (pid=4080) is multi-threaded, use of fork() may lead to deadlocks in the child.
[2025-01-14T11:24:54.300+0000] {standard_task_runner.py:72} INFO - Started process 4154 to run task
[2025-01-14T11:24:54.302+0000] {standard_task_runner.py:104} INFO - Running: ['***', 'tasks', 'run', 'etl_pipeline', 'transform_task', 'scheduled__2025-01-08T00:00:00+00:00', '--job-id', '23', '--raw', '--subdir', 'DAGS_FOLDER/etl_dag.py', '--cfg-path', '/tmp/tmppuov83sb']
[2025-01-14T11:24:54.307+0000] {standard_task_runner.py:105} INFO - Job 23: Subtask transform_task
[2025-01-14T11:24:54.483+0000] {task_command.py:467} INFO - Running <TaskInstance: etl_pipeline.transform_task scheduled__2025-01-08T00:00:00+00:00 [running]> on host 45eb6cc28065
[2025-01-14T11:24:54.710+0000] {taskinstance.py:3132} INFO - Exporting env vars: AIRFLOW_CTX_DAG_OWNER='***' AIRFLOW_CTX_DAG_ID='etl_pipeline' AIRFLOW_CTX_TASK_ID='transform_task' AIRFLOW_CTX_EXECUTION_DATE='2025-01-08T00:00:00+00:00' AIRFLOW_CTX_TRY_NUMBER='1' AIRFLOW_CTX_DAG_RUN_ID='scheduled__2025-01-08T00:00:00+00:00'
[2025-01-14T11:24:54.718+0000] {logging_mixin.py:190} INFO - Task instance is in running state
[2025-01-14T11:24:54.725+0000] {logging_mixin.py:190} INFO -  Previous state of the Task instance: queued
[2025-01-14T11:24:54.727+0000] {logging_mixin.py:190} INFO - Current task name:transform_task state:running start_date:2025-01-14 11:24:53.886281+00:00
[2025-01-14T11:24:54.728+0000] {logging_mixin.py:190} INFO - Dag name:etl_pipeline and current dag run status:running
[2025-01-14T11:24:54.729+0000] {taskinstance.py:731} INFO - ::endgroup::
[2025-01-14T11:24:54.764+0000] {logging_mixin.py:190} INFO - Transformed data: [2, 4, 6]
[2025-01-14T11:24:54.768+0000] {python.py:240} INFO - Done. Returned value was: [2, 4, 6]
[2025-01-14T11:24:54.849+0000] {taskinstance.py:340} INFO - ::group::Post task execution logs
[2025-01-14T11:24:54.850+0000] {taskinstance.py:352} INFO - Marking task as SUCCESS. dag_id=etl_pipeline, task_id=transform_task, run_id=scheduled__2025-01-08T00:00:00+00:00, execution_date=20250108T000000, start_date=20250114T112453, end_date=20250114T112454
[2025-01-14T11:24:54.874+0000] {logging_mixin.py:190} INFO - Task instance in success state
[2025-01-14T11:24:54.882+0000] {logging_mixin.py:190} INFO -  Previous state of the Task instance: running
[2025-01-14T11:24:54.885+0000] {logging_mixin.py:190} INFO - Dag name:etl_pipeline queued_at:2025-01-14 11:24:48.088089+00:00
[2025-01-14T11:24:54.893+0000] {logging_mixin.py:190} INFO - Task hostname:45eb6cc28065 operator:PythonOperator
[2025-01-14T11:24:54.945+0000] {local_task_job_runner.py:266} INFO - Task exited with return code 0
[2025-01-14T11:24:55.018+0000] {taskinstance.py:3895} INFO - 1 downstream tasks scheduled from follow-on schedule check
[2025-01-14T11:24:55.031+0000] {local_task_job_runner.py:245} INFO - ::endgroup::
[2025-01-14T13:21:35.727+0000] {local_task_job_runner.py:123} INFO - ::group::Pre task execution logs
[2025-01-14T13:21:35.794+0000] {taskinstance.py:2613} INFO - Dependencies all met for dep_context=non-requeueable deps ti=<TaskInstance: etl_pipeline.transform_task scheduled__2025-01-08T00:00:00+00:00 [queued]>
[2025-01-14T13:21:35.828+0000] {taskinstance.py:2613} INFO - Dependencies all met for dep_context=requeueable deps ti=<TaskInstance: etl_pipeline.transform_task scheduled__2025-01-08T00:00:00+00:00 [queued]>
[2025-01-14T13:21:35.832+0000] {taskinstance.py:2866} INFO - Starting attempt 1 of 1
[2025-01-14T13:21:35.905+0000] {taskinstance.py:2889} INFO - Executing <Task(PythonOperator): transform_task> on 2025-01-08 00:00:00+00:00
[2025-01-14T13:21:35.943+0000] {standard_task_runner.py:104} INFO - Running: ['***', 'tasks', 'run', 'etl_pipeline', 'transform_task', 'scheduled__2025-01-08T00:00:00+00:00', '--job-id', '22', '--raw', '--subdir', 'DAGS_FOLDER/etl_dag.py', '--cfg-path', '/tmp/tmp45uiv1kp']
[2025-01-14T13:21:35.947+0000] {standard_task_runner.py:105} INFO - Job 22: Subtask transform_task
[2025-01-14T13:21:35.976+0000] {logging_mixin.py:190} WARNING - /home/***/.local/lib/python3.12/site-packages/***/task/task_runner/standard_task_runner.py:70 DeprecationWarning: This process (pid=1285) is multi-threaded, use of fork() may lead to deadlocks in the child.
[2025-01-14T13:21:35.978+0000] {standard_task_runner.py:72} INFO - Started process 1341 to run task
[2025-01-14T13:21:36.163+0000] {task_command.py:467} INFO - Running <TaskInstance: etl_pipeline.transform_task scheduled__2025-01-08T00:00:00+00:00 [running]> on host 3215871494c5
[2025-01-14T13:21:36.413+0000] {taskinstance.py:3132} INFO - Exporting env vars: AIRFLOW_CTX_DAG_OWNER='***' AIRFLOW_CTX_DAG_ID='etl_pipeline' AIRFLOW_CTX_TASK_ID='transform_task' AIRFLOW_CTX_EXECUTION_DATE='2025-01-08T00:00:00+00:00' AIRFLOW_CTX_TRY_NUMBER='1' AIRFLOW_CTX_DAG_RUN_ID='scheduled__2025-01-08T00:00:00+00:00'
[2025-01-14T13:21:36.422+0000] {logging_mixin.py:190} INFO - Task instance is in running state
[2025-01-14T13:21:36.424+0000] {logging_mixin.py:190} INFO -  Previous state of the Task instance: queued
[2025-01-14T13:21:36.434+0000] {logging_mixin.py:190} INFO - Current task name:transform_task state:running start_date:2025-01-14 13:21:35.798090+00:00
[2025-01-14T13:21:36.449+0000] {logging_mixin.py:190} INFO - Dag name:etl_pipeline and current dag run status:running
[2025-01-14T13:21:36.456+0000] {taskinstance.py:731} INFO - ::endgroup::
[2025-01-14T13:21:36.500+0000] {logging_mixin.py:190} INFO - Transformed data: [2, 4, 6]
[2025-01-14T13:21:36.503+0000] {python.py:240} INFO - Done. Returned value was: [2, 4, 6]
[2025-01-14T13:21:36.629+0000] {taskinstance.py:340} INFO - ::group::Post task execution logs
[2025-01-14T13:21:36.631+0000] {taskinstance.py:352} INFO - Marking task as SUCCESS. dag_id=etl_pipeline, task_id=transform_task, run_id=scheduled__2025-01-08T00:00:00+00:00, execution_date=20250108T000000, start_date=20250114T132135, end_date=20250114T132136
[2025-01-14T13:21:36.692+0000] {logging_mixin.py:190} INFO - Task instance in success state
[2025-01-14T13:21:36.697+0000] {logging_mixin.py:190} INFO -  Previous state of the Task instance: running
[2025-01-14T13:21:36.702+0000] {logging_mixin.py:190} INFO - Dag name:etl_pipeline queued_at:2025-01-14 13:21:27.302166+00:00
[2025-01-14T13:21:36.704+0000] {logging_mixin.py:190} INFO - Task hostname:3215871494c5 operator:PythonOperator
[2025-01-14T13:21:36.768+0000] {local_task_job_runner.py:266} INFO - Task exited with return code 0
[2025-01-14T13:21:36.879+0000] {taskinstance.py:3895} INFO - 1 downstream tasks scheduled from follow-on schedule check
[2025-01-14T13:21:36.885+0000] {local_task_job_runner.py:245} INFO - ::endgroup::
