[2025-01-14T11:24:57.768+0000] {local_task_job_runner.py:123} INFO - ::group::Pre task execution logs
[2025-01-14T11:24:57.795+0000] {taskinstance.py:2613} INFO - Dependencies all met for dep_context=non-requeueable deps ti=<TaskInstance: etl_pipeline.load_task scheduled__2025-01-08T00:00:00+00:00 [queued]>
[2025-01-14T11:24:57.813+0000] {taskinstance.py:2613} INFO - Dependencies all met for dep_context=requeueable deps ti=<TaskInstance: etl_pipeline.load_task scheduled__2025-01-08T00:00:00+00:00 [queued]>
[2025-01-14T11:24:57.814+0000] {taskinstance.py:2866} INFO - Starting attempt 1 of 1
[2025-01-14T11:24:57.837+0000] {taskinstance.py:2889} INFO - Executing <Task(PythonOperator): load_task> on 2025-01-08 00:00:00+00:00
[2025-01-14T11:24:57.856+0000] {logging_mixin.py:190} WARNING - /home/***/.local/lib/python3.12/site-packages/***/task/task_runner/standard_task_runner.py:70 DeprecationWarning: This process (pid=4183) is multi-threaded, use of fork() may lead to deadlocks in the child.
[2025-01-14T11:24:57.857+0000] {standard_task_runner.py:104} INFO - Running: ['***', 'tasks', 'run', 'etl_pipeline', 'load_task', 'scheduled__2025-01-08T00:00:00+00:00', '--job-id', '39', '--raw', '--subdir', 'DAGS_FOLDER/etl_dag.py', '--cfg-path', '/tmp/tmpky072wos']
[2025-01-14T11:24:57.859+0000] {standard_task_runner.py:72} INFO - Started process 4276 to run task
[2025-01-14T11:24:57.859+0000] {standard_task_runner.py:105} INFO - Job 39: Subtask load_task
[2025-01-14T11:24:57.955+0000] {task_command.py:467} INFO - Running <TaskInstance: etl_pipeline.load_task scheduled__2025-01-08T00:00:00+00:00 [running]> on host 45eb6cc28065
[2025-01-14T11:24:58.191+0000] {taskinstance.py:3132} INFO - Exporting env vars: AIRFLOW_CTX_DAG_OWNER='***' AIRFLOW_CTX_DAG_ID='etl_pipeline' AIRFLOW_CTX_TASK_ID='load_task' AIRFLOW_CTX_EXECUTION_DATE='2025-01-08T00:00:00+00:00' AIRFLOW_CTX_TRY_NUMBER='1' AIRFLOW_CTX_DAG_RUN_ID='scheduled__2025-01-08T00:00:00+00:00'
[2025-01-14T11:24:58.193+0000] {logging_mixin.py:190} INFO - Task instance is in running state
[2025-01-14T11:24:58.194+0000] {logging_mixin.py:190} INFO -  Previous state of the Task instance: queued
[2025-01-14T11:24:58.195+0000] {logging_mixin.py:190} INFO - Current task name:load_task state:running start_date:2025-01-14 11:24:57.797190+00:00
[2025-01-14T11:24:58.196+0000] {logging_mixin.py:190} INFO - Dag name:etl_pipeline and current dag run status:running
[2025-01-14T11:24:58.197+0000] {taskinstance.py:731} INFO - ::endgroup::
[2025-01-14T11:24:58.213+0000] {logging_mixin.py:190} INFO - Loading data: [2, 4, 6]
[2025-01-14T11:24:58.214+0000] {python.py:240} INFO - Done. Returned value was: None
[2025-01-14T11:24:58.230+0000] {taskinstance.py:340} INFO - ::group::Post task execution logs
[2025-01-14T11:24:58.232+0000] {taskinstance.py:352} INFO - Marking task as SUCCESS. dag_id=etl_pipeline, task_id=load_task, run_id=scheduled__2025-01-08T00:00:00+00:00, execution_date=20250108T000000, start_date=20250114T112457, end_date=20250114T112458
[2025-01-14T11:24:58.246+0000] {logging_mixin.py:190} INFO - Task instance in success state
[2025-01-14T11:24:58.247+0000] {logging_mixin.py:190} INFO -  Previous state of the Task instance: running
[2025-01-14T11:24:58.252+0000] {logging_mixin.py:190} INFO - Dag name:etl_pipeline queued_at:2025-01-14 11:24:48.088089+00:00
[2025-01-14T11:24:58.252+0000] {logging_mixin.py:190} INFO - Task hostname:45eb6cc28065 operator:PythonOperator
[2025-01-14T11:24:58.289+0000] {local_task_job_runner.py:266} INFO - Task exited with return code 0
[2025-01-14T11:24:58.316+0000] {taskinstance.py:3895} INFO - 0 downstream tasks scheduled from follow-on schedule check
[2025-01-14T11:24:58.322+0000] {local_task_job_runner.py:245} INFO - ::endgroup::
[2025-01-14T13:21:41.213+0000] {local_task_job_runner.py:123} INFO - ::group::Pre task execution logs
[2025-01-14T13:21:41.293+0000] {taskinstance.py:2613} INFO - Dependencies all met for dep_context=non-requeueable deps ti=<TaskInstance: etl_pipeline.load_task scheduled__2025-01-08T00:00:00+00:00 [queued]>
[2025-01-14T13:21:41.339+0000] {taskinstance.py:2613} INFO - Dependencies all met for dep_context=requeueable deps ti=<TaskInstance: etl_pipeline.load_task scheduled__2025-01-08T00:00:00+00:00 [queued]>
[2025-01-14T13:21:41.342+0000] {taskinstance.py:2866} INFO - Starting attempt 1 of 1
[2025-01-14T13:21:41.388+0000] {taskinstance.py:2889} INFO - Executing <Task(PythonOperator): load_task> on 2025-01-08 00:00:00+00:00
[2025-01-14T13:21:41.433+0000] {standard_task_runner.py:104} INFO - Running: ['***', 'tasks', 'run', 'etl_pipeline', 'load_task', 'scheduled__2025-01-08T00:00:00+00:00', '--job-id', '33', '--raw', '--subdir', 'DAGS_FOLDER/etl_dag.py', '--cfg-path', '/tmp/tmpaxwbrj3l']
[2025-01-14T13:21:41.443+0000] {standard_task_runner.py:105} INFO - Job 33: Subtask load_task
[2025-01-14T13:21:41.441+0000] {logging_mixin.py:190} WARNING - /home/***/.local/lib/python3.12/site-packages/***/task/task_runner/standard_task_runner.py:70 DeprecationWarning: This process (pid=1369) is multi-threaded, use of fork() may lead to deadlocks in the child.
[2025-01-14T13:21:41.452+0000] {standard_task_runner.py:72} INFO - Started process 1436 to run task
[2025-01-14T13:21:41.714+0000] {task_command.py:467} INFO - Running <TaskInstance: etl_pipeline.load_task scheduled__2025-01-08T00:00:00+00:00 [running]> on host 3215871494c5
[2025-01-14T13:21:42.148+0000] {taskinstance.py:3132} INFO - Exporting env vars: AIRFLOW_CTX_DAG_OWNER='***' AIRFLOW_CTX_DAG_ID='etl_pipeline' AIRFLOW_CTX_TASK_ID='load_task' AIRFLOW_CTX_EXECUTION_DATE='2025-01-08T00:00:00+00:00' AIRFLOW_CTX_TRY_NUMBER='1' AIRFLOW_CTX_DAG_RUN_ID='scheduled__2025-01-08T00:00:00+00:00'
[2025-01-14T13:21:42.153+0000] {logging_mixin.py:190} INFO - Task instance is in running state
[2025-01-14T13:21:42.154+0000] {logging_mixin.py:190} INFO -  Previous state of the Task instance: queued
[2025-01-14T13:21:42.156+0000] {logging_mixin.py:190} INFO - Current task name:load_task state:running start_date:2025-01-14 13:21:41.298079+00:00
[2025-01-14T13:21:42.159+0000] {logging_mixin.py:190} INFO - Dag name:etl_pipeline and current dag run status:running
[2025-01-14T13:21:42.167+0000] {taskinstance.py:731} INFO - ::endgroup::
[2025-01-14T13:21:42.246+0000] {logging_mixin.py:190} INFO - Loading data: [2, 4, 6]
[2025-01-14T13:21:42.248+0000] {python.py:240} INFO - Done. Returned value was: None
[2025-01-14T13:21:42.282+0000] {taskinstance.py:340} INFO - ::group::Post task execution logs
[2025-01-14T13:21:42.286+0000] {taskinstance.py:352} INFO - Marking task as SUCCESS. dag_id=etl_pipeline, task_id=load_task, run_id=scheduled__2025-01-08T00:00:00+00:00, execution_date=20250108T000000, start_date=20250114T132141, end_date=20250114T132142
[2025-01-14T13:21:42.570+0000] {logging_mixin.py:190} INFO - Task instance in success state
[2025-01-14T13:21:42.571+0000] {logging_mixin.py:190} INFO -  Previous state of the Task instance: running
[2025-01-14T13:21:42.573+0000] {logging_mixin.py:190} INFO - Dag name:etl_pipeline queued_at:2025-01-14 13:21:27.302166+00:00
[2025-01-14T13:21:42.577+0000] {logging_mixin.py:190} INFO - Task hostname:3215871494c5 operator:PythonOperator
[2025-01-14T13:21:42.645+0000] {local_task_job_runner.py:266} INFO - Task exited with return code 0
[2025-01-14T13:21:42.741+0000] {taskinstance.py:3895} INFO - 0 downstream tasks scheduled from follow-on schedule check
[2025-01-14T13:21:42.753+0000] {local_task_job_runner.py:245} INFO - ::endgroup::
