[2025-01-14T11:24:51.331+0000] {local_task_job_runner.py:123} INFO - ::group::Pre task execution logs
[2025-01-14T11:24:51.355+0000] {taskinstance.py:2613} INFO - Dependencies all met for dep_context=non-requeueable deps ti=<TaskInstance: etl_pipeline.extract_task scheduled__2025-01-11T00:00:00+00:00 [queued]>
[2025-01-14T11:24:51.366+0000] {taskinstance.py:2613} INFO - Dependencies all met for dep_context=requeueable deps ti=<TaskInstance: etl_pipeline.extract_task scheduled__2025-01-11T00:00:00+00:00 [queued]>
[2025-01-14T11:24:51.367+0000] {taskinstance.py:2866} INFO - Starting attempt 1 of 1
[2025-01-14T11:24:51.385+0000] {taskinstance.py:2889} INFO - Executing <Task(PythonOperator): extract_task> on 2025-01-11 00:00:00+00:00
[2025-01-14T11:24:51.397+0000] {standard_task_runner.py:104} INFO - Running: ['***', 'tasks', 'run', 'etl_pipeline', 'extract_task', 'scheduled__2025-01-11T00:00:00+00:00', '--job-id', '15', '--raw', '--subdir', 'DAGS_FOLDER/etl_dag.py', '--cfg-path', '/tmp/tmpdxi7xtnp']
[2025-01-14T11:24:51.399+0000] {standard_task_runner.py:105} INFO - Job 15: Subtask extract_task
[2025-01-14T11:24:51.403+0000] {logging_mixin.py:190} WARNING - /home/***/.local/lib/python3.12/site-packages/***/task/task_runner/standard_task_runner.py:70 DeprecationWarning: This process (pid=4048) is multi-threaded, use of fork() may lead to deadlocks in the child.
[2025-01-14T11:24:51.405+0000] {standard_task_runner.py:72} INFO - Started process 4074 to run task
[2025-01-14T11:24:51.473+0000] {task_command.py:467} INFO - Running <TaskInstance: etl_pipeline.extract_task scheduled__2025-01-11T00:00:00+00:00 [running]> on host 45eb6cc28065
[2025-01-14T11:24:51.758+0000] {taskinstance.py:3132} INFO - Exporting env vars: AIRFLOW_CTX_DAG_OWNER='***' AIRFLOW_CTX_DAG_ID='etl_pipeline' AIRFLOW_CTX_TASK_ID='extract_task' AIRFLOW_CTX_EXECUTION_DATE='2025-01-11T00:00:00+00:00' AIRFLOW_CTX_TRY_NUMBER='1' AIRFLOW_CTX_DAG_RUN_ID='scheduled__2025-01-11T00:00:00+00:00'
[2025-01-14T11:24:51.765+0000] {logging_mixin.py:190} INFO - Task instance is in running state
[2025-01-14T11:24:51.771+0000] {logging_mixin.py:190} INFO -  Previous state of the Task instance: queued
[2025-01-14T11:24:51.776+0000] {logging_mixin.py:190} INFO - Current task name:extract_task state:running start_date:2025-01-14 11:24:51.356595+00:00
[2025-01-14T11:24:51.779+0000] {logging_mixin.py:190} INFO - Dag name:etl_pipeline and current dag run status:running
[2025-01-14T11:24:51.780+0000] {taskinstance.py:731} INFO - ::endgroup::
[2025-01-14T11:24:51.781+0000] {logging_mixin.py:190} INFO - Extracting data...
[2025-01-14T11:24:51.782+0000] {python.py:240} INFO - Done. Returned value was: {'data': [1, 2, 3]}
[2025-01-14T11:24:51.903+0000] {taskinstance.py:340} INFO - ::group::Post task execution logs
[2025-01-14T11:24:51.904+0000] {taskinstance.py:352} INFO - Marking task as SUCCESS. dag_id=etl_pipeline, task_id=extract_task, run_id=scheduled__2025-01-11T00:00:00+00:00, execution_date=20250111T000000, start_date=20250114T112451, end_date=20250114T112451
[2025-01-14T11:24:51.923+0000] {logging_mixin.py:190} INFO - Task instance in success state
[2025-01-14T11:24:51.926+0000] {logging_mixin.py:190} INFO -  Previous state of the Task instance: running
[2025-01-14T11:24:51.926+0000] {logging_mixin.py:190} INFO - Dag name:etl_pipeline queued_at:2025-01-14 11:24:48.583121+00:00
[2025-01-14T11:24:51.927+0000] {logging_mixin.py:190} INFO - Task hostname:45eb6cc28065 operator:PythonOperator
[2025-01-14T11:24:51.965+0000] {local_task_job_runner.py:266} INFO - Task exited with return code 0
[2025-01-14T11:24:52.017+0000] {taskinstance.py:3895} INFO - 1 downstream tasks scheduled from follow-on schedule check
[2025-01-14T11:24:52.026+0000] {local_task_job_runner.py:245} INFO - ::endgroup::
[2025-01-14T13:21:32.229+0000] {local_task_job_runner.py:123} INFO - ::group::Pre task execution logs
[2025-01-14T13:21:32.351+0000] {taskinstance.py:2613} INFO - Dependencies all met for dep_context=non-requeueable deps ti=<TaskInstance: etl_pipeline.extract_task scheduled__2025-01-11T00:00:00+00:00 [queued]>
[2025-01-14T13:21:32.416+0000] {taskinstance.py:2613} INFO - Dependencies all met for dep_context=requeueable deps ti=<TaskInstance: etl_pipeline.extract_task scheduled__2025-01-11T00:00:00+00:00 [queued]>
[2025-01-14T13:21:32.421+0000] {taskinstance.py:2866} INFO - Starting attempt 1 of 1
[2025-01-14T13:21:32.821+0000] {taskinstance.py:2889} INFO - Executing <Task(PythonOperator): extract_task> on 2025-01-11 00:00:00+00:00
[2025-01-14T13:21:32.853+0000] {logging_mixin.py:190} WARNING - /home/***/.local/lib/python3.12/site-packages/***/task/task_runner/standard_task_runner.py:70 DeprecationWarning: This process (pid=1224) is multi-threaded, use of fork() may lead to deadlocks in the child.
[2025-01-14T13:21:32.856+0000] {standard_task_runner.py:72} INFO - Started process 1294 to run task
[2025-01-14T13:21:32.873+0000] {standard_task_runner.py:104} INFO - Running: ['***', 'tasks', 'run', 'etl_pipeline', 'extract_task', 'scheduled__2025-01-11T00:00:00+00:00', '--job-id', '13', '--raw', '--subdir', 'DAGS_FOLDER/etl_dag.py', '--cfg-path', '/tmp/tmp2x7oie_x']
[2025-01-14T13:21:32.885+0000] {standard_task_runner.py:105} INFO - Job 13: Subtask extract_task
[2025-01-14T13:21:33.196+0000] {task_command.py:467} INFO - Running <TaskInstance: etl_pipeline.extract_task scheduled__2025-01-11T00:00:00+00:00 [running]> on host 3215871494c5
[2025-01-14T13:21:33.668+0000] {taskinstance.py:3132} INFO - Exporting env vars: AIRFLOW_CTX_DAG_OWNER='***' AIRFLOW_CTX_DAG_ID='etl_pipeline' AIRFLOW_CTX_TASK_ID='extract_task' AIRFLOW_CTX_EXECUTION_DATE='2025-01-11T00:00:00+00:00' AIRFLOW_CTX_TRY_NUMBER='1' AIRFLOW_CTX_DAG_RUN_ID='scheduled__2025-01-11T00:00:00+00:00'
[2025-01-14T13:21:33.676+0000] {logging_mixin.py:190} INFO - Task instance is in running state
[2025-01-14T13:21:33.681+0000] {logging_mixin.py:190} INFO -  Previous state of the Task instance: queued
[2025-01-14T13:21:33.682+0000] {logging_mixin.py:190} INFO - Current task name:extract_task state:running start_date:2025-01-14 13:21:32.355717+00:00
[2025-01-14T13:21:33.687+0000] {logging_mixin.py:190} INFO - Dag name:etl_pipeline and current dag run status:running
[2025-01-14T13:21:33.688+0000] {taskinstance.py:731} INFO - ::endgroup::
[2025-01-14T13:21:33.693+0000] {logging_mixin.py:190} INFO - Extracting data...
[2025-01-14T13:21:33.695+0000] {python.py:240} INFO - Done. Returned value was: {'data': [1, 2, 3]}
[2025-01-14T13:21:33.824+0000] {taskinstance.py:340} INFO - ::group::Post task execution logs
[2025-01-14T13:21:33.829+0000] {taskinstance.py:352} INFO - Marking task as SUCCESS. dag_id=etl_pipeline, task_id=extract_task, run_id=scheduled__2025-01-11T00:00:00+00:00, execution_date=20250111T000000, start_date=20250114T132132, end_date=20250114T132133
[2025-01-14T13:21:33.914+0000] {logging_mixin.py:190} INFO - Task instance in success state
[2025-01-14T13:21:33.915+0000] {logging_mixin.py:190} INFO -  Previous state of the Task instance: running
[2025-01-14T13:21:33.919+0000] {logging_mixin.py:190} INFO - Dag name:etl_pipeline queued_at:2025-01-14 13:21:28.157135+00:00
[2025-01-14T13:21:33.920+0000] {logging_mixin.py:190} INFO - Task hostname:3215871494c5 operator:PythonOperator
[2025-01-14T13:21:33.998+0000] {local_task_job_runner.py:266} INFO - Task exited with return code 0
[2025-01-14T13:21:34.121+0000] {taskinstance.py:3895} INFO - 1 downstream tasks scheduled from follow-on schedule check
[2025-01-14T13:21:34.136+0000] {local_task_job_runner.py:245} INFO - ::endgroup::
