[2025-01-14T13:21:28.708+0000] {local_task_job_runner.py:123} INFO - ::group::Pre task execution logs
[2025-01-14T13:21:28.803+0000] {taskinstance.py:2613} INFO - Dependencies all met for dep_context=non-requeueable deps ti=<TaskInstance: etl_pipeline.extract_task manual__2025-01-14T13:21:25.700875+00:00 [queued]>
[2025-01-14T13:21:28.853+0000] {taskinstance.py:2613} INFO - Dependencies all met for dep_context=requeueable deps ti=<TaskInstance: etl_pipeline.extract_task manual__2025-01-14T13:21:25.700875+00:00 [queued]>
[2025-01-14T13:21:28.858+0000] {taskinstance.py:2866} INFO - Starting attempt 1 of 1
[2025-01-14T13:21:29.098+0000] {taskinstance.py:2889} INFO - Executing <Task(PythonOperator): extract_task> on 2025-01-14 13:21:25.700875+00:00
[2025-01-14T13:21:29.128+0000] {standard_task_runner.py:104} INFO - Running: ['***', 'tasks', 'run', 'etl_pipeline', 'extract_task', 'manual__2025-01-14T13:21:25.700875+00:00', '--job-id', '3', '--raw', '--subdir', 'DAGS_FOLDER/etl_dag.py', '--cfg-path', '/tmp/tmpry6in93h']
[2025-01-14T13:21:29.133+0000] {standard_task_runner.py:105} INFO - Job 3: Subtask extract_task
[2025-01-14T13:21:29.146+0000] {logging_mixin.py:190} WARNING - /home/***/.local/lib/python3.12/site-packages/***/task/task_runner/standard_task_runner.py:70 DeprecationWarning: This process (pid=1188) is multi-threaded, use of fork() may lead to deadlocks in the child.
[2025-01-14T13:21:29.148+0000] {standard_task_runner.py:72} INFO - Started process 1231 to run task
[2025-01-14T13:21:29.378+0000] {task_command.py:467} INFO - Running <TaskInstance: etl_pipeline.extract_task manual__2025-01-14T13:21:25.700875+00:00 [running]> on host 3215871494c5
[2025-01-14T13:21:29.856+0000] {taskinstance.py:3132} INFO - Exporting env vars: AIRFLOW_CTX_DAG_OWNER='***' AIRFLOW_CTX_DAG_ID='etl_pipeline' AIRFLOW_CTX_TASK_ID='extract_task' AIRFLOW_CTX_EXECUTION_DATE='2025-01-14T13:21:25.700875+00:00' AIRFLOW_CTX_TRY_NUMBER='1' AIRFLOW_CTX_DAG_RUN_ID='manual__2025-01-14T13:21:25.700875+00:00'
[2025-01-14T13:21:29.863+0000] {logging_mixin.py:190} INFO - Task instance is in running state
[2025-01-14T13:21:29.868+0000] {logging_mixin.py:190} INFO -  Previous state of the Task instance: queued
[2025-01-14T13:21:29.870+0000] {logging_mixin.py:190} INFO - Current task name:extract_task state:running start_date:2025-01-14 13:21:28.808030+00:00
[2025-01-14T13:21:29.873+0000] {logging_mixin.py:190} INFO - Dag name:etl_pipeline and current dag run status:running
[2025-01-14T13:21:29.879+0000] {taskinstance.py:731} INFO - ::endgroup::
[2025-01-14T13:21:29.882+0000] {logging_mixin.py:190} INFO - Extracting data...
[2025-01-14T13:21:29.886+0000] {python.py:240} INFO - Done. Returned value was: {'data': [1, 2, 3]}
[2025-01-14T13:21:30.000+0000] {taskinstance.py:340} INFO - ::group::Post task execution logs
[2025-01-14T13:21:30.009+0000] {taskinstance.py:352} INFO - Marking task as SUCCESS. dag_id=etl_pipeline, task_id=extract_task, run_id=manual__2025-01-14T13:21:25.700875+00:00, execution_date=20250114T132125, start_date=20250114T132128, end_date=20250114T132130
[2025-01-14T13:21:30.063+0000] {logging_mixin.py:190} INFO - Task instance in success state
[2025-01-14T13:21:30.066+0000] {logging_mixin.py:190} INFO -  Previous state of the Task instance: running
[2025-01-14T13:21:30.071+0000] {logging_mixin.py:190} INFO - Dag name:etl_pipeline queued_at:2025-01-14 13:21:25.759978+00:00
[2025-01-14T13:21:30.077+0000] {logging_mixin.py:190} INFO - Task hostname:3215871494c5 operator:PythonOperator
[2025-01-14T13:21:30.110+0000] {local_task_job_runner.py:266} INFO - Task exited with return code 0
[2025-01-14T13:21:30.247+0000] {taskinstance.py:3895} INFO - 1 downstream tasks scheduled from follow-on schedule check
[2025-01-14T13:21:30.258+0000] {local_task_job_runner.py:245} INFO - ::endgroup::
