[2025-01-14T11:24:50.140+0000] {local_task_job_runner.py:123} INFO - ::group::Pre task execution logs
[2025-01-14T11:24:50.209+0000] {taskinstance.py:2613} INFO - Dependencies all met for dep_context=non-requeueable deps ti=<TaskInstance: etl_pipeline.extract_task scheduled__2025-01-09T00:00:00+00:00 [queued]>
[2025-01-14T11:24:50.225+0000] {taskinstance.py:2613} INFO - Dependencies all met for dep_context=requeueable deps ti=<TaskInstance: etl_pipeline.extract_task scheduled__2025-01-09T00:00:00+00:00 [queued]>
[2025-01-14T11:24:50.227+0000] {taskinstance.py:2866} INFO - Starting attempt 1 of 1
[2025-01-14T11:24:50.249+0000] {taskinstance.py:2889} INFO - Executing <Task(PythonOperator): extract_task> on 2025-01-09 00:00:00+00:00
[2025-01-14T11:24:50.268+0000] {logging_mixin.py:190} WARNING - /home/***/.local/lib/python3.12/site-packages/***/task/task_runner/standard_task_runner.py:70 DeprecationWarning: This process (pid=4042) is multi-threaded, use of fork() may lead to deadlocks in the child.
[2025-01-14T11:24:50.270+0000] {standard_task_runner.py:72} INFO - Started process 4068 to run task
[2025-01-14T11:24:50.268+0000] {standard_task_runner.py:104} INFO - Running: ['***', 'tasks', 'run', 'etl_pipeline', 'extract_task', 'scheduled__2025-01-09T00:00:00+00:00', '--job-id', '13', '--raw', '--subdir', 'DAGS_FOLDER/etl_dag.py', '--cfg-path', '/tmp/tmpw69eqyca']
[2025-01-14T11:24:50.274+0000] {standard_task_runner.py:105} INFO - Job 13: Subtask extract_task
[2025-01-14T11:24:50.368+0000] {task_command.py:467} INFO - Running <TaskInstance: etl_pipeline.extract_task scheduled__2025-01-09T00:00:00+00:00 [running]> on host 45eb6cc28065
[2025-01-14T11:24:50.704+0000] {taskinstance.py:3132} INFO - Exporting env vars: AIRFLOW_CTX_DAG_OWNER='***' AIRFLOW_CTX_DAG_ID='etl_pipeline' AIRFLOW_CTX_TASK_ID='extract_task' AIRFLOW_CTX_EXECUTION_DATE='2025-01-09T00:00:00+00:00' AIRFLOW_CTX_TRY_NUMBER='1' AIRFLOW_CTX_DAG_RUN_ID='scheduled__2025-01-09T00:00:00+00:00'
[2025-01-14T11:24:50.731+0000] {logging_mixin.py:190} INFO - Task instance is in running state
[2025-01-14T11:24:50.742+0000] {logging_mixin.py:190} INFO -  Previous state of the Task instance: queued
[2025-01-14T11:24:50.750+0000] {logging_mixin.py:190} INFO - Current task name:extract_task state:running start_date:2025-01-14 11:24:50.211223+00:00
[2025-01-14T11:24:50.754+0000] {logging_mixin.py:190} INFO - Dag name:etl_pipeline and current dag run status:running
[2025-01-14T11:24:50.761+0000] {taskinstance.py:731} INFO - ::endgroup::
[2025-01-14T11:24:50.771+0000] {logging_mixin.py:190} INFO - Extracting data...
[2025-01-14T11:24:50.777+0000] {python.py:240} INFO - Done. Returned value was: {'data': [1, 2, 3]}
[2025-01-14T11:24:50.972+0000] {taskinstance.py:340} INFO - ::group::Post task execution logs
[2025-01-14T11:24:50.974+0000] {taskinstance.py:352} INFO - Marking task as SUCCESS. dag_id=etl_pipeline, task_id=extract_task, run_id=scheduled__2025-01-09T00:00:00+00:00, execution_date=20250109T000000, start_date=20250114T112450, end_date=20250114T112450
[2025-01-14T11:24:51.001+0000] {logging_mixin.py:190} INFO - Task instance in success state
[2025-01-14T11:24:51.002+0000] {logging_mixin.py:190} INFO -  Previous state of the Task instance: running
[2025-01-14T11:24:51.003+0000] {logging_mixin.py:190} INFO - Dag name:etl_pipeline queued_at:2025-01-14 11:24:48.250039+00:00
[2025-01-14T11:24:51.004+0000] {logging_mixin.py:190} INFO - Task hostname:45eb6cc28065 operator:PythonOperator
[2025-01-14T11:24:51.045+0000] {local_task_job_runner.py:266} INFO - Task exited with return code 0
[2025-01-14T11:24:51.086+0000] {taskinstance.py:3895} INFO - 1 downstream tasks scheduled from follow-on schedule check
[2025-01-14T11:24:51.090+0000] {local_task_job_runner.py:245} INFO - ::endgroup::
[2025-01-14T13:21:31.172+0000] {local_task_job_runner.py:123} INFO - ::group::Pre task execution logs
[2025-01-14T13:21:31.212+0000] {taskinstance.py:2613} INFO - Dependencies all met for dep_context=non-requeueable deps ti=<TaskInstance: etl_pipeline.extract_task scheduled__2025-01-09T00:00:00+00:00 [queued]>
[2025-01-14T13:21:31.250+0000] {taskinstance.py:2613} INFO - Dependencies all met for dep_context=requeueable deps ti=<TaskInstance: etl_pipeline.extract_task scheduled__2025-01-09T00:00:00+00:00 [queued]>
[2025-01-14T13:21:31.251+0000] {taskinstance.py:2866} INFO - Starting attempt 1 of 1
[2025-01-14T13:21:31.304+0000] {taskinstance.py:2889} INFO - Executing <Task(PythonOperator): extract_task> on 2025-01-09 00:00:00+00:00
[2025-01-14T13:21:31.348+0000] {logging_mixin.py:190} WARNING - /home/***/.local/lib/python3.12/site-packages/***/task/task_runner/standard_task_runner.py:70 DeprecationWarning: This process (pid=1212) is multi-threaded, use of fork() may lead to deadlocks in the child.
[2025-01-14T13:21:31.354+0000] {standard_task_runner.py:72} INFO - Started process 1271 to run task
[2025-01-14T13:21:31.350+0000] {standard_task_runner.py:104} INFO - Running: ['***', 'tasks', 'run', 'etl_pipeline', 'extract_task', 'scheduled__2025-01-09T00:00:00+00:00', '--job-id', '11', '--raw', '--subdir', 'DAGS_FOLDER/etl_dag.py', '--cfg-path', '/tmp/tmpuormr7qv']
[2025-01-14T13:21:31.363+0000] {standard_task_runner.py:105} INFO - Job 11: Subtask extract_task
[2025-01-14T13:21:31.538+0000] {task_command.py:467} INFO - Running <TaskInstance: etl_pipeline.extract_task scheduled__2025-01-09T00:00:00+00:00 [running]> on host 3215871494c5
[2025-01-14T13:21:31.863+0000] {taskinstance.py:3132} INFO - Exporting env vars: AIRFLOW_CTX_DAG_OWNER='***' AIRFLOW_CTX_DAG_ID='etl_pipeline' AIRFLOW_CTX_TASK_ID='extract_task' AIRFLOW_CTX_EXECUTION_DATE='2025-01-09T00:00:00+00:00' AIRFLOW_CTX_TRY_NUMBER='1' AIRFLOW_CTX_DAG_RUN_ID='scheduled__2025-01-09T00:00:00+00:00'
[2025-01-14T13:21:31.877+0000] {logging_mixin.py:190} INFO - Task instance is in running state
[2025-01-14T13:21:31.882+0000] {logging_mixin.py:190} INFO -  Previous state of the Task instance: queued
[2025-01-14T13:21:31.883+0000] {logging_mixin.py:190} INFO - Current task name:extract_task state:running start_date:2025-01-14 13:21:31.217167+00:00
[2025-01-14T13:21:31.885+0000] {logging_mixin.py:190} INFO - Dag name:etl_pipeline and current dag run status:running
[2025-01-14T13:21:31.897+0000] {taskinstance.py:731} INFO - ::endgroup::
[2025-01-14T13:21:31.900+0000] {logging_mixin.py:190} INFO - Extracting data...
[2025-01-14T13:21:31.906+0000] {python.py:240} INFO - Done. Returned value was: {'data': [1, 2, 3]}
[2025-01-14T13:21:32.029+0000] {taskinstance.py:340} INFO - ::group::Post task execution logs
[2025-01-14T13:21:32.033+0000] {taskinstance.py:352} INFO - Marking task as SUCCESS. dag_id=etl_pipeline, task_id=extract_task, run_id=scheduled__2025-01-09T00:00:00+00:00, execution_date=20250109T000000, start_date=20250114T132131, end_date=20250114T132132
[2025-01-14T13:21:32.094+0000] {logging_mixin.py:190} INFO - Task instance in success state
[2025-01-14T13:21:32.104+0000] {logging_mixin.py:190} INFO -  Previous state of the Task instance: running
[2025-01-14T13:21:32.105+0000] {logging_mixin.py:190} INFO - Dag name:etl_pipeline queued_at:2025-01-14 13:21:27.552516+00:00
[2025-01-14T13:21:32.109+0000] {logging_mixin.py:190} INFO - Task hostname:3215871494c5 operator:PythonOperator
[2025-01-14T13:21:32.168+0000] {local_task_job_runner.py:266} INFO - Task exited with return code 0
[2025-01-14T13:21:32.291+0000] {taskinstance.py:3895} INFO - 1 downstream tasks scheduled from follow-on schedule check
[2025-01-14T13:21:32.303+0000] {local_task_job_runner.py:245} INFO - ::endgroup::
