[2025-01-14T11:24:53.842+0000] {local_task_job_runner.py:123} INFO - ::group::Pre task execution logs
[2025-01-14T11:24:53.905+0000] {taskinstance.py:2613} INFO - Dependencies all met for dep_context=non-requeueable deps ti=<TaskInstance: etl_pipeline.transform_task scheduled__2025-01-06T00:00:00+00:00 [queued]>
[2025-01-14T11:24:53.944+0000] {taskinstance.py:2613} INFO - Dependencies all met for dep_context=requeueable deps ti=<TaskInstance: etl_pipeline.transform_task scheduled__2025-01-06T00:00:00+00:00 [queued]>
[2025-01-14T11:24:53.948+0000] {taskinstance.py:2866} INFO - Starting attempt 1 of 1
[2025-01-14T11:24:54.276+0000] {taskinstance.py:2889} INFO - Executing <Task(PythonOperator): transform_task> on 2025-01-06 00:00:00+00:00
[2025-01-14T11:24:54.310+0000] {standard_task_runner.py:104} INFO - Running: ['***', 'tasks', 'run', 'etl_pipeline', 'transform_task', 'scheduled__2025-01-06T00:00:00+00:00', '--job-id', '24', '--raw', '--subdir', 'DAGS_FOLDER/etl_dag.py', '--cfg-path', '/tmp/tmpnmvcxv9j']
[2025-01-14T11:24:54.320+0000] {logging_mixin.py:190} WARNING - /home/***/.local/lib/python3.12/site-packages/***/task/task_runner/standard_task_runner.py:70 DeprecationWarning: This process (pid=4078) is multi-threaded, use of fork() may lead to deadlocks in the child.
[2025-01-14T11:24:54.323+0000] {standard_task_runner.py:105} INFO - Job 24: Subtask transform_task
[2025-01-14T11:24:54.324+0000] {standard_task_runner.py:72} INFO - Started process 4155 to run task
[2025-01-14T11:24:54.571+0000] {task_command.py:467} INFO - Running <TaskInstance: etl_pipeline.transform_task scheduled__2025-01-06T00:00:00+00:00 [running]> on host 45eb6cc28065
[2025-01-14T11:24:54.873+0000] {taskinstance.py:3132} INFO - Exporting env vars: AIRFLOW_CTX_DAG_OWNER='***' AIRFLOW_CTX_DAG_ID='etl_pipeline' AIRFLOW_CTX_TASK_ID='transform_task' AIRFLOW_CTX_EXECUTION_DATE='2025-01-06T00:00:00+00:00' AIRFLOW_CTX_TRY_NUMBER='1' AIRFLOW_CTX_DAG_RUN_ID='scheduled__2025-01-06T00:00:00+00:00'
[2025-01-14T11:24:54.879+0000] {logging_mixin.py:190} INFO - Task instance is in running state
[2025-01-14T11:24:54.884+0000] {logging_mixin.py:190} INFO -  Previous state of the Task instance: queued
[2025-01-14T11:24:54.886+0000] {logging_mixin.py:190} INFO - Current task name:transform_task state:running start_date:2025-01-14 11:24:53.908297+00:00
[2025-01-14T11:24:54.892+0000] {logging_mixin.py:190} INFO - Dag name:etl_pipeline and current dag run status:running
[2025-01-14T11:24:54.894+0000] {taskinstance.py:731} INFO - ::endgroup::
[2025-01-14T11:24:54.953+0000] {logging_mixin.py:190} INFO - Transformed data: [2, 4, 6]
[2025-01-14T11:24:54.967+0000] {python.py:240} INFO - Done. Returned value was: [2, 4, 6]
[2025-01-14T11:24:55.078+0000] {taskinstance.py:340} INFO - ::group::Post task execution logs
[2025-01-14T11:24:55.084+0000] {taskinstance.py:352} INFO - Marking task as SUCCESS. dag_id=etl_pipeline, task_id=transform_task, run_id=scheduled__2025-01-06T00:00:00+00:00, execution_date=20250106T000000, start_date=20250114T112453, end_date=20250114T112455
[2025-01-14T11:24:55.132+0000] {logging_mixin.py:190} INFO - Task instance in success state
[2025-01-14T11:24:55.135+0000] {logging_mixin.py:190} INFO -  Previous state of the Task instance: running
[2025-01-14T11:24:55.136+0000] {logging_mixin.py:190} INFO - Dag name:etl_pipeline queued_at:2025-01-14 11:24:47.831641+00:00
[2025-01-14T11:24:55.141+0000] {logging_mixin.py:190} INFO - Task hostname:45eb6cc28065 operator:PythonOperator
[2025-01-14T11:24:55.178+0000] {local_task_job_runner.py:266} INFO - Task exited with return code 0
[2025-01-14T11:24:55.217+0000] {taskinstance.py:3895} INFO - 1 downstream tasks scheduled from follow-on schedule check
[2025-01-14T11:24:55.222+0000] {local_task_job_runner.py:245} INFO - ::endgroup::
[2025-01-14T13:21:35.609+0000] {local_task_job_runner.py:123} INFO - ::group::Pre task execution logs
[2025-01-14T13:21:35.682+0000] {taskinstance.py:2613} INFO - Dependencies all met for dep_context=non-requeueable deps ti=<TaskInstance: etl_pipeline.transform_task scheduled__2025-01-06T00:00:00+00:00 [queued]>
[2025-01-14T13:21:35.726+0000] {taskinstance.py:2613} INFO - Dependencies all met for dep_context=requeueable deps ti=<TaskInstance: etl_pipeline.transform_task scheduled__2025-01-06T00:00:00+00:00 [queued]>
[2025-01-14T13:21:35.727+0000] {taskinstance.py:2866} INFO - Starting attempt 1 of 1
[2025-01-14T13:21:35.761+0000] {taskinstance.py:2889} INFO - Executing <Task(PythonOperator): transform_task> on 2025-01-06 00:00:00+00:00
[2025-01-14T13:21:35.807+0000] {standard_task_runner.py:104} INFO - Running: ['***', 'tasks', 'run', 'etl_pipeline', 'transform_task', 'scheduled__2025-01-06T00:00:00+00:00', '--job-id', '21', '--raw', '--subdir', 'DAGS_FOLDER/etl_dag.py', '--cfg-path', '/tmp/tmppnpahr0i']
[2025-01-14T13:21:35.819+0000] {standard_task_runner.py:105} INFO - Job 21: Subtask transform_task
[2025-01-14T13:21:35.825+0000] {logging_mixin.py:190} WARNING - /home/***/.local/lib/python3.12/site-packages/***/task/task_runner/standard_task_runner.py:70 DeprecationWarning: This process (pid=1275) is multi-threaded, use of fork() may lead to deadlocks in the child.
[2025-01-14T13:21:35.831+0000] {standard_task_runner.py:72} INFO - Started process 1333 to run task
[2025-01-14T13:21:36.035+0000] {task_command.py:467} INFO - Running <TaskInstance: etl_pipeline.transform_task scheduled__2025-01-06T00:00:00+00:00 [running]> on host 3215871494c5
[2025-01-14T13:21:36.404+0000] {taskinstance.py:3132} INFO - Exporting env vars: AIRFLOW_CTX_DAG_OWNER='***' AIRFLOW_CTX_DAG_ID='etl_pipeline' AIRFLOW_CTX_TASK_ID='transform_task' AIRFLOW_CTX_EXECUTION_DATE='2025-01-06T00:00:00+00:00' AIRFLOW_CTX_TRY_NUMBER='1' AIRFLOW_CTX_DAG_RUN_ID='scheduled__2025-01-06T00:00:00+00:00'
[2025-01-14T13:21:36.410+0000] {logging_mixin.py:190} INFO - Task instance is in running state
[2025-01-14T13:21:36.413+0000] {logging_mixin.py:190} INFO -  Previous state of the Task instance: queued
[2025-01-14T13:21:36.414+0000] {logging_mixin.py:190} INFO - Current task name:transform_task state:running start_date:2025-01-14 13:21:35.686582+00:00
[2025-01-14T13:21:36.419+0000] {logging_mixin.py:190} INFO - Dag name:etl_pipeline and current dag run status:running
[2025-01-14T13:21:36.421+0000] {taskinstance.py:731} INFO - ::endgroup::
[2025-01-14T13:21:36.476+0000] {logging_mixin.py:190} INFO - Transformed data: [2, 4, 6]
[2025-01-14T13:21:36.486+0000] {python.py:240} INFO - Done. Returned value was: [2, 4, 6]
[2025-01-14T13:21:36.593+0000] {taskinstance.py:340} INFO - ::group::Post task execution logs
[2025-01-14T13:21:36.595+0000] {taskinstance.py:352} INFO - Marking task as SUCCESS. dag_id=etl_pipeline, task_id=transform_task, run_id=scheduled__2025-01-06T00:00:00+00:00, execution_date=20250106T000000, start_date=20250114T132135, end_date=20250114T132136
[2025-01-14T13:21:36.651+0000] {logging_mixin.py:190} INFO - Task instance in success state
[2025-01-14T13:21:36.657+0000] {logging_mixin.py:190} INFO -  Previous state of the Task instance: running
[2025-01-14T13:21:36.658+0000] {logging_mixin.py:190} INFO - Dag name:etl_pipeline queued_at:2025-01-14 13:21:26.792446+00:00
[2025-01-14T13:21:36.663+0000] {logging_mixin.py:190} INFO - Task hostname:3215871494c5 operator:PythonOperator
[2025-01-14T13:21:36.705+0000] {local_task_job_runner.py:266} INFO - Task exited with return code 0
[2025-01-14T13:21:36.806+0000] {taskinstance.py:3895} INFO - 1 downstream tasks scheduled from follow-on schedule check
[2025-01-14T13:21:36.818+0000] {local_task_job_runner.py:245} INFO - ::endgroup::
