[2025-01-14T11:24:53.950+0000] {local_task_job_runner.py:123} INFO - ::group::Pre task execution logs
[2025-01-14T11:24:54.010+0000] {taskinstance.py:2613} INFO - Dependencies all met for dep_context=non-requeueable deps ti=<TaskInstance: etl_pipeline.transform_task scheduled__2025-01-09T00:00:00+00:00 [queued]>
[2025-01-14T11:24:54.044+0000] {taskinstance.py:2613} INFO - Dependencies all met for dep_context=requeueable deps ti=<TaskInstance: etl_pipeline.transform_task scheduled__2025-01-09T00:00:00+00:00 [queued]>
[2025-01-14T11:24:54.052+0000] {taskinstance.py:2866} INFO - Starting attempt 1 of 1
[2025-01-14T11:24:54.121+0000] {taskinstance.py:2889} INFO - Executing <Task(PythonOperator): transform_task> on 2025-01-09 00:00:00+00:00
[2025-01-14T11:24:54.168+0000] {standard_task_runner.py:104} INFO - Running: ['***', 'tasks', 'run', 'etl_pipeline', 'transform_task', 'scheduled__2025-01-09T00:00:00+00:00', '--job-id', '26', '--raw', '--subdir', 'DAGS_FOLDER/etl_dag.py', '--cfg-path', '/tmp/tmpilba88p9']
[2025-01-14T11:24:54.177+0000] {standard_task_runner.py:105} INFO - Job 26: Subtask transform_task
[2025-01-14T11:24:54.174+0000] {logging_mixin.py:190} WARNING - /home/***/.local/lib/python3.12/site-packages/***/task/task_runner/standard_task_runner.py:70 DeprecationWarning: This process (pid=4082) is multi-threaded, use of fork() may lead to deadlocks in the child.
[2025-01-14T11:24:54.183+0000] {standard_task_runner.py:72} INFO - Started process 4145 to run task
[2025-01-14T11:24:54.398+0000] {task_command.py:467} INFO - Running <TaskInstance: etl_pipeline.transform_task scheduled__2025-01-09T00:00:00+00:00 [running]> on host 45eb6cc28065
[2025-01-14T11:24:54.711+0000] {taskinstance.py:3132} INFO - Exporting env vars: AIRFLOW_CTX_DAG_OWNER='***' AIRFLOW_CTX_DAG_ID='etl_pipeline' AIRFLOW_CTX_TASK_ID='transform_task' AIRFLOW_CTX_EXECUTION_DATE='2025-01-09T00:00:00+00:00' AIRFLOW_CTX_TRY_NUMBER='1' AIRFLOW_CTX_DAG_RUN_ID='scheduled__2025-01-09T00:00:00+00:00'
[2025-01-14T11:24:54.719+0000] {logging_mixin.py:190} INFO - Task instance is in running state
[2025-01-14T11:24:54.724+0000] {logging_mixin.py:190} INFO -  Previous state of the Task instance: queued
[2025-01-14T11:24:54.726+0000] {logging_mixin.py:190} INFO - Current task name:transform_task state:running start_date:2025-01-14 11:24:54.018948+00:00
[2025-01-14T11:24:54.727+0000] {logging_mixin.py:190} INFO - Dag name:etl_pipeline and current dag run status:running
[2025-01-14T11:24:54.729+0000] {taskinstance.py:731} INFO - ::endgroup::
[2025-01-14T11:24:54.801+0000] {logging_mixin.py:190} INFO - Transformed data: [2, 4, 6]
[2025-01-14T11:24:54.802+0000] {python.py:240} INFO - Done. Returned value was: [2, 4, 6]
[2025-01-14T11:24:54.884+0000] {taskinstance.py:340} INFO - ::group::Post task execution logs
[2025-01-14T11:24:54.886+0000] {taskinstance.py:352} INFO - Marking task as SUCCESS. dag_id=etl_pipeline, task_id=transform_task, run_id=scheduled__2025-01-09T00:00:00+00:00, execution_date=20250109T000000, start_date=20250114T112454, end_date=20250114T112454
[2025-01-14T11:24:54.922+0000] {logging_mixin.py:190} INFO - Task instance in success state
[2025-01-14T11:24:54.926+0000] {logging_mixin.py:190} INFO -  Previous state of the Task instance: running
[2025-01-14T11:24:54.927+0000] {logging_mixin.py:190} INFO - Dag name:etl_pipeline queued_at:2025-01-14 11:24:48.250039+00:00
[2025-01-14T11:24:54.927+0000] {logging_mixin.py:190} INFO - Task hostname:45eb6cc28065 operator:PythonOperator
[2025-01-14T11:24:55.004+0000] {local_task_job_runner.py:266} INFO - Task exited with return code 0
[2025-01-14T11:24:55.085+0000] {taskinstance.py:3895} INFO - 1 downstream tasks scheduled from follow-on schedule check
[2025-01-14T11:24:55.097+0000] {local_task_job_runner.py:245} INFO - ::endgroup::
[2025-01-14T13:21:36.630+0000] {local_task_job_runner.py:123} INFO - ::group::Pre task execution logs
[2025-01-14T13:21:36.691+0000] {taskinstance.py:2613} INFO - Dependencies all met for dep_context=non-requeueable deps ti=<TaskInstance: etl_pipeline.transform_task scheduled__2025-01-09T00:00:00+00:00 [queued]>
[2025-01-14T13:21:36.737+0000] {taskinstance.py:2613} INFO - Dependencies all met for dep_context=requeueable deps ti=<TaskInstance: etl_pipeline.transform_task scheduled__2025-01-09T00:00:00+00:00 [queued]>
[2025-01-14T13:21:36.739+0000] {taskinstance.py:2866} INFO - Starting attempt 1 of 1
[2025-01-14T13:21:36.818+0000] {taskinstance.py:2889} INFO - Executing <Task(PythonOperator): transform_task> on 2025-01-09 00:00:00+00:00
[2025-01-14T13:21:36.845+0000] {standard_task_runner.py:104} INFO - Running: ['***', 'tasks', 'run', 'etl_pipeline', 'transform_task', 'scheduled__2025-01-09T00:00:00+00:00', '--job-id', '24', '--raw', '--subdir', 'DAGS_FOLDER/etl_dag.py', '--cfg-path', '/tmp/tmp6mce4tth']
[2025-01-14T13:21:36.850+0000] {standard_task_runner.py:105} INFO - Job 24: Subtask transform_task
[2025-01-14T13:21:36.857+0000] {logging_mixin.py:190} WARNING - /home/***/.local/lib/python3.12/site-packages/***/task/task_runner/standard_task_runner.py:70 DeprecationWarning: This process (pid=1290) is multi-threaded, use of fork() may lead to deadlocks in the child.
[2025-01-14T13:21:36.861+0000] {standard_task_runner.py:72} INFO - Started process 1355 to run task
[2025-01-14T13:21:37.117+0000] {task_command.py:467} INFO - Running <TaskInstance: etl_pipeline.transform_task scheduled__2025-01-09T00:00:00+00:00 [running]> on host 3215871494c5
[2025-01-14T13:21:37.431+0000] {taskinstance.py:3132} INFO - Exporting env vars: AIRFLOW_CTX_DAG_OWNER='***' AIRFLOW_CTX_DAG_ID='etl_pipeline' AIRFLOW_CTX_TASK_ID='transform_task' AIRFLOW_CTX_EXECUTION_DATE='2025-01-09T00:00:00+00:00' AIRFLOW_CTX_TRY_NUMBER='1' AIRFLOW_CTX_DAG_RUN_ID='scheduled__2025-01-09T00:00:00+00:00'
[2025-01-14T13:21:37.448+0000] {logging_mixin.py:190} INFO - Task instance is in running state
[2025-01-14T13:21:37.451+0000] {logging_mixin.py:190} INFO -  Previous state of the Task instance: queued
[2025-01-14T13:21:37.456+0000] {logging_mixin.py:190} INFO - Current task name:transform_task state:running start_date:2025-01-14 13:21:36.693516+00:00
[2025-01-14T13:21:37.458+0000] {logging_mixin.py:190} INFO - Dag name:etl_pipeline and current dag run status:running
[2025-01-14T13:21:37.460+0000] {taskinstance.py:731} INFO - ::endgroup::
[2025-01-14T13:21:37.493+0000] {logging_mixin.py:190} INFO - Transformed data: [2, 4, 6]
[2025-01-14T13:21:37.496+0000] {python.py:240} INFO - Done. Returned value was: [2, 4, 6]
[2025-01-14T13:21:37.608+0000] {taskinstance.py:340} INFO - ::group::Post task execution logs
[2025-01-14T13:21:37.613+0000] {taskinstance.py:352} INFO - Marking task as SUCCESS. dag_id=etl_pipeline, task_id=transform_task, run_id=scheduled__2025-01-09T00:00:00+00:00, execution_date=20250109T000000, start_date=20250114T132136, end_date=20250114T132137
[2025-01-14T13:21:37.836+0000] {logging_mixin.py:190} INFO - Task instance in success state
[2025-01-14T13:21:37.843+0000] {logging_mixin.py:190} INFO -  Previous state of the Task instance: running
[2025-01-14T13:21:37.848+0000] {logging_mixin.py:190} INFO - Dag name:etl_pipeline queued_at:2025-01-14 13:21:27.552516+00:00
[2025-01-14T13:21:37.851+0000] {logging_mixin.py:190} INFO - Task hostname:3215871494c5 operator:PythonOperator
[2025-01-14T13:21:37.916+0000] {local_task_job_runner.py:266} INFO - Task exited with return code 0
[2025-01-14T13:21:38.028+0000] {taskinstance.py:3895} INFO - 1 downstream tasks scheduled from follow-on schedule check
[2025-01-14T13:21:38.040+0000] {local_task_job_runner.py:245} INFO - ::endgroup::
