[2025-01-14T11:24:56.124+0000] {local_task_job_runner.py:123} INFO - ::group::Pre task execution logs
[2025-01-14T11:24:56.179+0000] {taskinstance.py:2613} INFO - Dependencies all met for dep_context=non-requeueable deps ti=<TaskInstance: etl_pipeline.load_task scheduled__2025-01-01T00:00:00+00:00 [queued]>
[2025-01-14T11:24:56.196+0000] {taskinstance.py:2613} INFO - Dependencies all met for dep_context=requeueable deps ti=<TaskInstance: etl_pipeline.load_task scheduled__2025-01-01T00:00:00+00:00 [queued]>
[2025-01-14T11:24:56.197+0000] {taskinstance.py:2866} INFO - Starting attempt 1 of 1
[2025-01-14T11:24:56.226+0000] {taskinstance.py:2889} INFO - Executing <Task(PythonOperator): load_task> on 2025-01-01 00:00:00+00:00
[2025-01-14T11:24:56.262+0000] {logging_mixin.py:190} WARNING - /home/***/.local/lib/python3.12/site-packages/***/task/task_runner/standard_task_runner.py:70 DeprecationWarning: This process (pid=4121) is multi-threaded, use of fork() may lead to deadlocks in the child.
[2025-01-14T11:24:56.259+0000] {standard_task_runner.py:104} INFO - Running: ['***', 'tasks', 'run', 'etl_pipeline', 'load_task', 'scheduled__2025-01-01T00:00:00+00:00', '--job-id', '35', '--raw', '--subdir', 'DAGS_FOLDER/etl_dag.py', '--cfg-path', '/tmp/tmp236217mi']
[2025-01-14T11:24:56.268+0000] {standard_task_runner.py:72} INFO - Started process 4211 to run task
[2025-01-14T11:24:56.269+0000] {standard_task_runner.py:105} INFO - Job 35: Subtask load_task
[2025-01-14T11:24:56.411+0000] {task_command.py:467} INFO - Running <TaskInstance: etl_pipeline.load_task scheduled__2025-01-01T00:00:00+00:00 [running]> on host 45eb6cc28065
[2025-01-14T11:24:56.657+0000] {taskinstance.py:3132} INFO - Exporting env vars: AIRFLOW_CTX_DAG_OWNER='***' AIRFLOW_CTX_DAG_ID='etl_pipeline' AIRFLOW_CTX_TASK_ID='load_task' AIRFLOW_CTX_EXECUTION_DATE='2025-01-01T00:00:00+00:00' AIRFLOW_CTX_TRY_NUMBER='1' AIRFLOW_CTX_DAG_RUN_ID='scheduled__2025-01-01T00:00:00+00:00'
[2025-01-14T11:24:56.664+0000] {logging_mixin.py:190} INFO - Task instance is in running state
[2025-01-14T11:24:56.667+0000] {logging_mixin.py:190} INFO -  Previous state of the Task instance: queued
[2025-01-14T11:24:56.669+0000] {logging_mixin.py:190} INFO - Current task name:load_task state:running start_date:2025-01-14 11:24:56.180645+00:00
[2025-01-14T11:24:56.670+0000] {logging_mixin.py:190} INFO - Dag name:etl_pipeline and current dag run status:running
[2025-01-14T11:24:56.675+0000] {taskinstance.py:731} INFO - ::endgroup::
[2025-01-14T11:24:56.733+0000] {logging_mixin.py:190} INFO - Loading data: [2, 4, 6]
[2025-01-14T11:24:56.734+0000] {python.py:240} INFO - Done. Returned value was: None
[2025-01-14T11:24:56.762+0000] {taskinstance.py:340} INFO - ::group::Post task execution logs
[2025-01-14T11:24:56.769+0000] {taskinstance.py:352} INFO - Marking task as SUCCESS. dag_id=etl_pipeline, task_id=load_task, run_id=scheduled__2025-01-01T00:00:00+00:00, execution_date=20250101T000000, start_date=20250114T112456, end_date=20250114T112456
[2025-01-14T11:24:56.800+0000] {logging_mixin.py:190} INFO - Task instance in success state
[2025-01-14T11:24:56.805+0000] {logging_mixin.py:190} INFO -  Previous state of the Task instance: running
[2025-01-14T11:24:56.807+0000] {logging_mixin.py:190} INFO - Dag name:etl_pipeline queued_at:2025-01-14 11:24:47.362310+00:00
[2025-01-14T11:24:56.808+0000] {logging_mixin.py:190} INFO - Task hostname:45eb6cc28065 operator:PythonOperator
[2025-01-14T11:24:56.841+0000] {local_task_job_runner.py:266} INFO - Task exited with return code 0
[2025-01-14T11:24:56.882+0000] {taskinstance.py:3895} INFO - 0 downstream tasks scheduled from follow-on schedule check
[2025-01-14T11:24:56.891+0000] {local_task_job_runner.py:245} INFO - ::endgroup::
[2025-01-14T13:21:40.957+0000] {local_task_job_runner.py:123} INFO - ::group::Pre task execution logs
[2025-01-14T13:21:41.053+0000] {taskinstance.py:2613} INFO - Dependencies all met for dep_context=non-requeueable deps ti=<TaskInstance: etl_pipeline.load_task scheduled__2025-01-01T00:00:00+00:00 [queued]>
[2025-01-14T13:21:41.119+0000] {taskinstance.py:2613} INFO - Dependencies all met for dep_context=requeueable deps ti=<TaskInstance: etl_pipeline.load_task scheduled__2025-01-01T00:00:00+00:00 [queued]>
[2025-01-14T13:21:41.138+0000] {taskinstance.py:2866} INFO - Starting attempt 1 of 1
[2025-01-14T13:21:41.223+0000] {taskinstance.py:2889} INFO - Executing <Task(PythonOperator): load_task> on 2025-01-01 00:00:00+00:00
[2025-01-14T13:21:41.252+0000] {logging_mixin.py:190} WARNING - /home/***/.local/lib/python3.12/site-packages/***/task/task_runner/standard_task_runner.py:70 DeprecationWarning: This process (pid=1372) is multi-threaded, use of fork() may lead to deadlocks in the child.
[2025-01-14T13:21:41.254+0000] {standard_task_runner.py:72} INFO - Started process 1427 to run task
[2025-01-14T13:21:41.265+0000] {standard_task_runner.py:104} INFO - Running: ['***', 'tasks', 'run', 'etl_pipeline', 'load_task', 'scheduled__2025-01-01T00:00:00+00:00', '--job-id', '30', '--raw', '--subdir', 'DAGS_FOLDER/etl_dag.py', '--cfg-path', '/tmp/tmp2vpedxu_']
[2025-01-14T13:21:41.268+0000] {standard_task_runner.py:105} INFO - Job 30: Subtask load_task
[2025-01-14T13:21:41.491+0000] {task_command.py:467} INFO - Running <TaskInstance: etl_pipeline.load_task scheduled__2025-01-01T00:00:00+00:00 [running]> on host 3215871494c5
[2025-01-14T13:21:41.765+0000] {taskinstance.py:3132} INFO - Exporting env vars: AIRFLOW_CTX_DAG_OWNER='***' AIRFLOW_CTX_DAG_ID='etl_pipeline' AIRFLOW_CTX_TASK_ID='load_task' AIRFLOW_CTX_EXECUTION_DATE='2025-01-01T00:00:00+00:00' AIRFLOW_CTX_TRY_NUMBER='1' AIRFLOW_CTX_DAG_RUN_ID='scheduled__2025-01-01T00:00:00+00:00'
[2025-01-14T13:21:41.778+0000] {logging_mixin.py:190} INFO - Task instance is in running state
[2025-01-14T13:21:41.779+0000] {logging_mixin.py:190} INFO -  Previous state of the Task instance: queued
[2025-01-14T13:21:41.781+0000] {logging_mixin.py:190} INFO - Current task name:load_task state:running start_date:2025-01-14 13:21:41.058030+00:00
[2025-01-14T13:21:41.782+0000] {logging_mixin.py:190} INFO - Dag name:etl_pipeline and current dag run status:running
[2025-01-14T13:21:41.783+0000] {taskinstance.py:731} INFO - ::endgroup::
[2025-01-14T13:21:41.830+0000] {logging_mixin.py:190} INFO - Loading data: [2, 4, 6]
[2025-01-14T13:21:41.836+0000] {python.py:240} INFO - Done. Returned value was: None
[2025-01-14T13:21:41.886+0000] {taskinstance.py:340} INFO - ::group::Post task execution logs
[2025-01-14T13:21:41.890+0000] {taskinstance.py:352} INFO - Marking task as SUCCESS. dag_id=etl_pipeline, task_id=load_task, run_id=scheduled__2025-01-01T00:00:00+00:00, execution_date=20250101T000000, start_date=20250114T132141, end_date=20250114T132141
[2025-01-14T13:21:41.915+0000] {logging_mixin.py:190} INFO - Task instance in success state
[2025-01-14T13:21:41.920+0000] {logging_mixin.py:190} INFO -  Previous state of the Task instance: running
[2025-01-14T13:21:41.922+0000] {logging_mixin.py:190} INFO - Dag name:etl_pipeline queued_at:2025-01-14 13:21:25.877607+00:00
[2025-01-14T13:21:41.926+0000] {logging_mixin.py:190} INFO - Task hostname:3215871494c5 operator:PythonOperator
[2025-01-14T13:21:41.982+0000] {local_task_job_runner.py:266} INFO - Task exited with return code 0
[2025-01-14T13:21:42.080+0000] {local_task_job_runner.py:245} INFO - ::endgroup::
