[2025-01-14T11:24:52.069+0000] {local_task_job_runner.py:123} INFO - ::group::Pre task execution logs
[2025-01-14T11:24:52.113+0000] {taskinstance.py:2613} INFO - Dependencies all met for dep_context=non-requeueable deps ti=<TaskInstance: etl_pipeline.transform_task scheduled__2025-01-03T00:00:00+00:00 [queued]>
[2025-01-14T11:24:52.145+0000] {taskinstance.py:2613} INFO - Dependencies all met for dep_context=requeueable deps ti=<TaskInstance: etl_pipeline.transform_task scheduled__2025-01-03T00:00:00+00:00 [queued]>
[2025-01-14T11:24:52.146+0000] {taskinstance.py:2866} INFO - Starting attempt 1 of 1
[2025-01-14T11:24:52.195+0000] {taskinstance.py:2889} INFO - Executing <Task(PythonOperator): transform_task> on 2025-01-03 00:00:00+00:00
[2025-01-14T11:24:52.221+0000] {standard_task_runner.py:104} INFO - Running: ['***', 'tasks', 'run', 'etl_pipeline', 'transform_task', 'scheduled__2025-01-03T00:00:00+00:00', '--job-id', '19', '--raw', '--subdir', 'DAGS_FOLDER/etl_dag.py', '--cfg-path', '/tmp/tmpz80xp76a']
[2025-01-14T11:24:52.223+0000] {standard_task_runner.py:105} INFO - Job 19: Subtask transform_task
[2025-01-14T11:24:52.226+0000] {logging_mixin.py:190} WARNING - /home/***/.local/lib/python3.12/site-packages/***/task/task_runner/standard_task_runner.py:70 DeprecationWarning: This process (pid=4064) is multi-threaded, use of fork() may lead to deadlocks in the child.
[2025-01-14T11:24:52.233+0000] {standard_task_runner.py:72} INFO - Started process 4087 to run task
[2025-01-14T11:24:52.317+0000] {task_command.py:467} INFO - Running <TaskInstance: etl_pipeline.transform_task scheduled__2025-01-03T00:00:00+00:00 [running]> on host 45eb6cc28065
[2025-01-14T11:24:52.883+0000] {taskinstance.py:3132} INFO - Exporting env vars: AIRFLOW_CTX_DAG_OWNER='***' AIRFLOW_CTX_DAG_ID='etl_pipeline' AIRFLOW_CTX_TASK_ID='transform_task' AIRFLOW_CTX_EXECUTION_DATE='2025-01-03T00:00:00+00:00' AIRFLOW_CTX_TRY_NUMBER='1' AIRFLOW_CTX_DAG_RUN_ID='scheduled__2025-01-03T00:00:00+00:00'
[2025-01-14T11:24:52.885+0000] {logging_mixin.py:190} INFO - Task instance is in running state
[2025-01-14T11:24:52.887+0000] {logging_mixin.py:190} INFO -  Previous state of the Task instance: queued
[2025-01-14T11:24:52.890+0000] {logging_mixin.py:190} INFO - Current task name:transform_task state:running start_date:2025-01-14 11:24:52.114790+00:00
[2025-01-14T11:24:52.895+0000] {logging_mixin.py:190} INFO - Dag name:etl_pipeline and current dag run status:running
[2025-01-14T11:24:52.895+0000] {taskinstance.py:731} INFO - ::endgroup::
[2025-01-14T11:24:52.918+0000] {logging_mixin.py:190} INFO - Transformed data: [2, 4, 6]
[2025-01-14T11:24:52.921+0000] {python.py:240} INFO - Done. Returned value was: [2, 4, 6]
[2025-01-14T11:24:52.973+0000] {taskinstance.py:340} INFO - ::group::Post task execution logs
[2025-01-14T11:24:52.975+0000] {taskinstance.py:352} INFO - Marking task as SUCCESS. dag_id=etl_pipeline, task_id=transform_task, run_id=scheduled__2025-01-03T00:00:00+00:00, execution_date=20250103T000000, start_date=20250114T112452, end_date=20250114T112452
[2025-01-14T11:24:52.996+0000] {logging_mixin.py:190} INFO - Task instance in success state
[2025-01-14T11:24:52.998+0000] {logging_mixin.py:190} INFO -  Previous state of the Task instance: running
[2025-01-14T11:24:53.000+0000] {logging_mixin.py:190} INFO - Dag name:etl_pipeline queued_at:2025-01-14 11:24:47.536981+00:00
[2025-01-14T11:24:53.001+0000] {logging_mixin.py:190} INFO - Task hostname:45eb6cc28065 operator:PythonOperator
[2025-01-14T11:24:53.043+0000] {local_task_job_runner.py:266} INFO - Task exited with return code 0
[2025-01-14T11:24:53.061+0000] {local_task_job_runner.py:245} INFO - ::endgroup::
[2025-01-14T13:21:35.535+0000] {local_task_job_runner.py:123} INFO - ::group::Pre task execution logs
[2025-01-14T13:21:35.598+0000] {taskinstance.py:2613} INFO - Dependencies all met for dep_context=non-requeueable deps ti=<TaskInstance: etl_pipeline.transform_task scheduled__2025-01-03T00:00:00+00:00 [queued]>
[2025-01-14T13:21:35.631+0000] {taskinstance.py:2613} INFO - Dependencies all met for dep_context=requeueable deps ti=<TaskInstance: etl_pipeline.transform_task scheduled__2025-01-03T00:00:00+00:00 [queued]>
[2025-01-14T13:21:35.635+0000] {taskinstance.py:2866} INFO - Starting attempt 1 of 1
[2025-01-14T13:21:35.849+0000] {taskinstance.py:2889} INFO - Executing <Task(PythonOperator): transform_task> on 2025-01-03 00:00:00+00:00
[2025-01-14T13:21:35.878+0000] {standard_task_runner.py:104} INFO - Running: ['***', 'tasks', 'run', 'etl_pipeline', 'transform_task', 'scheduled__2025-01-03T00:00:00+00:00', '--job-id', '20', '--raw', '--subdir', 'DAGS_FOLDER/etl_dag.py', '--cfg-path', '/tmp/tmpb_wwp__2']
[2025-01-14T13:21:35.881+0000] {standard_task_runner.py:105} INFO - Job 20: Subtask transform_task
[2025-01-14T13:21:35.887+0000] {logging_mixin.py:190} WARNING - /home/***/.local/lib/python3.12/site-packages/***/task/task_runner/standard_task_runner.py:70 DeprecationWarning: This process (pid=1273) is multi-threaded, use of fork() may lead to deadlocks in the child.
[2025-01-14T13:21:35.892+0000] {standard_task_runner.py:72} INFO - Started process 1336 to run task
[2025-01-14T13:21:36.071+0000] {task_command.py:467} INFO - Running <TaskInstance: etl_pipeline.transform_task scheduled__2025-01-03T00:00:00+00:00 [running]> on host 3215871494c5
[2025-01-14T13:21:36.482+0000] {taskinstance.py:3132} INFO - Exporting env vars: AIRFLOW_CTX_DAG_OWNER='***' AIRFLOW_CTX_DAG_ID='etl_pipeline' AIRFLOW_CTX_TASK_ID='transform_task' AIRFLOW_CTX_EXECUTION_DATE='2025-01-03T00:00:00+00:00' AIRFLOW_CTX_TRY_NUMBER='1' AIRFLOW_CTX_DAG_RUN_ID='scheduled__2025-01-03T00:00:00+00:00'
[2025-01-14T13:21:36.494+0000] {logging_mixin.py:190} INFO - Task instance is in running state
[2025-01-14T13:21:36.501+0000] {logging_mixin.py:190} INFO -  Previous state of the Task instance: queued
[2025-01-14T13:21:36.504+0000] {logging_mixin.py:190} INFO - Current task name:transform_task state:running start_date:2025-01-14 13:21:35.601008+00:00
[2025-01-14T13:21:36.515+0000] {logging_mixin.py:190} INFO - Dag name:etl_pipeline and current dag run status:running
[2025-01-14T13:21:36.517+0000] {taskinstance.py:731} INFO - ::endgroup::
[2025-01-14T13:21:36.594+0000] {logging_mixin.py:190} INFO - Transformed data: [2, 4, 6]
[2025-01-14T13:21:36.596+0000] {python.py:240} INFO - Done. Returned value was: [2, 4, 6]
[2025-01-14T13:21:36.700+0000] {taskinstance.py:340} INFO - ::group::Post task execution logs
[2025-01-14T13:21:36.701+0000] {taskinstance.py:352} INFO - Marking task as SUCCESS. dag_id=etl_pipeline, task_id=transform_task, run_id=scheduled__2025-01-03T00:00:00+00:00, execution_date=20250103T000000, start_date=20250114T132135, end_date=20250114T132136
[2025-01-14T13:21:36.747+0000] {logging_mixin.py:190} INFO - Task instance in success state
[2025-01-14T13:21:36.748+0000] {logging_mixin.py:190} INFO -  Previous state of the Task instance: running
[2025-01-14T13:21:36.751+0000] {logging_mixin.py:190} INFO - Dag name:etl_pipeline queued_at:2025-01-14 13:21:26.204071+00:00
[2025-01-14T13:21:36.757+0000] {logging_mixin.py:190} INFO - Task hostname:3215871494c5 operator:PythonOperator
[2025-01-14T13:21:36.838+0000] {local_task_job_runner.py:266} INFO - Task exited with return code 0
[2025-01-14T13:21:36.896+0000] {taskinstance.py:3895} INFO - 1 downstream tasks scheduled from follow-on schedule check
[2025-01-14T13:21:36.905+0000] {local_task_job_runner.py:245} INFO - ::endgroup::
