[2025-01-14T11:24:59.003+0000] {local_task_job_runner.py:123} INFO - ::group::Pre task execution logs
[2025-01-14T11:24:59.025+0000] {taskinstance.py:2613} INFO - Dependencies all met for dep_context=non-requeueable deps ti=<TaskInstance: etl_pipeline.load_task scheduled__2025-01-12T00:00:00+00:00 [queued]>
[2025-01-14T11:24:59.036+0000] {taskinstance.py:2613} INFO - Dependencies all met for dep_context=requeueable deps ti=<TaskInstance: etl_pipeline.load_task scheduled__2025-01-12T00:00:00+00:00 [queued]>
[2025-01-14T11:24:59.037+0000] {taskinstance.py:2866} INFO - Starting attempt 1 of 1
[2025-01-14T11:24:59.053+0000] {taskinstance.py:2889} INFO - Executing <Task(PythonOperator): load_task> on 2025-01-12 00:00:00+00:00
[2025-01-14T11:24:59.062+0000] {standard_task_runner.py:104} INFO - Running: ['***', 'tasks', 'run', 'etl_pipeline', 'load_task', 'scheduled__2025-01-12T00:00:00+00:00', '--job-id', '44', '--raw', '--subdir', 'DAGS_FOLDER/etl_dag.py', '--cfg-path', '/tmp/tmpwl0dqpvu']
[2025-01-14T11:24:59.064+0000] {standard_task_runner.py:105} INFO - Job 44: Subtask load_task
[2025-01-14T11:24:59.064+0000] {logging_mixin.py:190} WARNING - /home/***/.local/lib/python3.12/site-packages/***/task/task_runner/standard_task_runner.py:70 DeprecationWarning: This process (pid=4283) is multi-threaded, use of fork() may lead to deadlocks in the child.
[2025-01-14T11:24:59.065+0000] {standard_task_runner.py:72} INFO - Started process 4290 to run task
[2025-01-14T11:24:59.119+0000] {task_command.py:467} INFO - Running <TaskInstance: etl_pipeline.load_task scheduled__2025-01-12T00:00:00+00:00 [running]> on host 45eb6cc28065
[2025-01-14T11:24:59.247+0000] {taskinstance.py:3132} INFO - Exporting env vars: AIRFLOW_CTX_DAG_OWNER='***' AIRFLOW_CTX_DAG_ID='etl_pipeline' AIRFLOW_CTX_TASK_ID='load_task' AIRFLOW_CTX_EXECUTION_DATE='2025-01-12T00:00:00+00:00' AIRFLOW_CTX_TRY_NUMBER='1' AIRFLOW_CTX_DAG_RUN_ID='scheduled__2025-01-12T00:00:00+00:00'
[2025-01-14T11:24:59.249+0000] {logging_mixin.py:190} INFO - Task instance is in running state
[2025-01-14T11:24:59.250+0000] {logging_mixin.py:190} INFO -  Previous state of the Task instance: queued
[2025-01-14T11:24:59.250+0000] {logging_mixin.py:190} INFO - Current task name:load_task state:running start_date:2025-01-14 11:24:59.026086+00:00
[2025-01-14T11:24:59.251+0000] {logging_mixin.py:190} INFO - Dag name:etl_pipeline and current dag run status:running
[2025-01-14T11:24:59.251+0000] {taskinstance.py:731} INFO - ::endgroup::
[2025-01-14T11:24:59.262+0000] {logging_mixin.py:190} INFO - Loading data: [2, 4, 6]
[2025-01-14T11:24:59.263+0000] {python.py:240} INFO - Done. Returned value was: None
[2025-01-14T11:24:59.273+0000] {taskinstance.py:340} INFO - ::group::Post task execution logs
[2025-01-14T11:24:59.273+0000] {taskinstance.py:352} INFO - Marking task as SUCCESS. dag_id=etl_pipeline, task_id=load_task, run_id=scheduled__2025-01-12T00:00:00+00:00, execution_date=20250112T000000, start_date=20250114T112459, end_date=20250114T112459
[2025-01-14T11:24:59.284+0000] {logging_mixin.py:190} INFO - Task instance in success state
[2025-01-14T11:24:59.285+0000] {logging_mixin.py:190} INFO -  Previous state of the Task instance: running
[2025-01-14T11:24:59.287+0000] {logging_mixin.py:190} INFO - Dag name:etl_pipeline queued_at:2025-01-14 11:24:48.912595+00:00
[2025-01-14T11:24:59.289+0000] {logging_mixin.py:190} INFO - Task hostname:45eb6cc28065 operator:PythonOperator
[2025-01-14T11:24:59.329+0000] {local_task_job_runner.py:266} INFO - Task exited with return code 0
[2025-01-14T11:24:59.354+0000] {taskinstance.py:3895} INFO - 0 downstream tasks scheduled from follow-on schedule check
[2025-01-14T11:24:59.357+0000] {local_task_job_runner.py:245} INFO - ::endgroup::
[2025-01-14T13:21:44.872+0000] {local_task_job_runner.py:123} INFO - ::group::Pre task execution logs
[2025-01-14T13:21:44.910+0000] {taskinstance.py:2613} INFO - Dependencies all met for dep_context=non-requeueable deps ti=<TaskInstance: etl_pipeline.load_task scheduled__2025-01-12T00:00:00+00:00 [queued]>
[2025-01-14T13:21:44.927+0000] {taskinstance.py:2613} INFO - Dependencies all met for dep_context=requeueable deps ti=<TaskInstance: etl_pipeline.load_task scheduled__2025-01-12T00:00:00+00:00 [queued]>
[2025-01-14T13:21:44.929+0000] {taskinstance.py:2866} INFO - Starting attempt 1 of 1
[2025-01-14T13:21:44.964+0000] {taskinstance.py:2889} INFO - Executing <Task(PythonOperator): load_task> on 2025-01-12 00:00:00+00:00
[2025-01-14T13:21:44.981+0000] {standard_task_runner.py:104} INFO - Running: ['***', 'tasks', 'run', 'etl_pipeline', 'load_task', 'scheduled__2025-01-12T00:00:00+00:00', '--job-id', '43', '--raw', '--subdir', 'DAGS_FOLDER/etl_dag.py', '--cfg-path', '/tmp/tmpymsrcra8']
[2025-01-14T13:21:44.984+0000] {standard_task_runner.py:105} INFO - Job 43: Subtask load_task
[2025-01-14T13:21:44.985+0000] {logging_mixin.py:190} WARNING - /home/***/.local/lib/python3.12/site-packages/***/task/task_runner/standard_task_runner.py:70 DeprecationWarning: This process (pid=1461) is multi-threaded, use of fork() may lead to deadlocks in the child.
[2025-01-14T13:21:44.989+0000] {standard_task_runner.py:72} INFO - Started process 1511 to run task
[2025-01-14T13:21:45.069+0000] {task_command.py:467} INFO - Running <TaskInstance: etl_pipeline.load_task scheduled__2025-01-12T00:00:00+00:00 [running]> on host 3215871494c5
[2025-01-14T13:21:45.202+0000] {taskinstance.py:3132} INFO - Exporting env vars: AIRFLOW_CTX_DAG_OWNER='***' AIRFLOW_CTX_DAG_ID='etl_pipeline' AIRFLOW_CTX_TASK_ID='load_task' AIRFLOW_CTX_EXECUTION_DATE='2025-01-12T00:00:00+00:00' AIRFLOW_CTX_TRY_NUMBER='1' AIRFLOW_CTX_DAG_RUN_ID='scheduled__2025-01-12T00:00:00+00:00'
[2025-01-14T13:21:45.204+0000] {logging_mixin.py:190} INFO - Task instance is in running state
[2025-01-14T13:21:45.205+0000] {logging_mixin.py:190} INFO -  Previous state of the Task instance: queued
[2025-01-14T13:21:45.206+0000] {logging_mixin.py:190} INFO - Current task name:load_task state:running start_date:2025-01-14 13:21:44.911432+00:00
[2025-01-14T13:21:45.207+0000] {logging_mixin.py:190} INFO - Dag name:etl_pipeline and current dag run status:running
[2025-01-14T13:21:45.208+0000] {taskinstance.py:731} INFO - ::endgroup::
[2025-01-14T13:21:45.227+0000] {logging_mixin.py:190} INFO - Loading data: [2, 4, 6]
[2025-01-14T13:21:45.228+0000] {python.py:240} INFO - Done. Returned value was: None
[2025-01-14T13:21:45.246+0000] {taskinstance.py:340} INFO - ::group::Post task execution logs
[2025-01-14T13:21:45.247+0000] {taskinstance.py:352} INFO - Marking task as SUCCESS. dag_id=etl_pipeline, task_id=load_task, run_id=scheduled__2025-01-12T00:00:00+00:00, execution_date=20250112T000000, start_date=20250114T132144, end_date=20250114T132145
[2025-01-14T13:21:45.261+0000] {logging_mixin.py:190} INFO - Task instance in success state
[2025-01-14T13:21:45.262+0000] {logging_mixin.py:190} INFO -  Previous state of the Task instance: running
[2025-01-14T13:21:45.262+0000] {logging_mixin.py:190} INFO - Dag name:etl_pipeline queued_at:2025-01-14 13:21:28.674942+00:00
[2025-01-14T13:21:45.263+0000] {logging_mixin.py:190} INFO - Task hostname:3215871494c5 operator:PythonOperator
[2025-01-14T13:21:45.299+0000] {local_task_job_runner.py:266} INFO - Task exited with return code 0
[2025-01-14T13:21:45.334+0000] {taskinstance.py:3895} INFO - 0 downstream tasks scheduled from follow-on schedule check
[2025-01-14T13:21:45.338+0000] {local_task_job_runner.py:245} INFO - ::endgroup::
