[2025-01-14T11:24:48.877+0000] {local_task_job_runner.py:123} INFO - ::group::Pre task execution logs
[2025-01-14T11:24:48.903+0000] {taskinstance.py:2613} INFO - Dependencies all met for dep_context=non-requeueable deps ti=<TaskInstance: etl_pipeline.extract_task scheduled__2025-01-04T00:00:00+00:00 [queued]>
[2025-01-14T11:24:48.915+0000] {taskinstance.py:2613} INFO - Dependencies all met for dep_context=requeueable deps ti=<TaskInstance: etl_pipeline.extract_task scheduled__2025-01-04T00:00:00+00:00 [queued]>
[2025-01-14T11:24:48.917+0000] {taskinstance.py:2866} INFO - Starting attempt 1 of 1
[2025-01-14T11:24:48.947+0000] {taskinstance.py:2889} INFO - Executing <Task(PythonOperator): extract_task> on 2025-01-04 00:00:00+00:00
[2025-01-14T11:24:48.972+0000] {logging_mixin.py:190} WARNING - /home/***/.local/lib/python3.12/site-packages/***/task/task_runner/standard_task_runner.py:70 DeprecationWarning: This process (pid=4031) is multi-threaded, use of fork() may lead to deadlocks in the child.
[2025-01-14T11:24:48.975+0000] {standard_task_runner.py:72} INFO - Started process 4051 to run task
[2025-01-14T11:24:48.976+0000] {standard_task_runner.py:104} INFO - Running: ['***', 'tasks', 'run', 'etl_pipeline', 'extract_task', 'scheduled__2025-01-04T00:00:00+00:00', '--job-id', '8', '--raw', '--subdir', 'DAGS_FOLDER/etl_dag.py', '--cfg-path', '/tmp/tmp9j6ism7w']
[2025-01-14T11:24:48.987+0000] {standard_task_runner.py:105} INFO - Job 8: Subtask extract_task
[2025-01-14T11:24:49.247+0000] {task_command.py:467} INFO - Running <TaskInstance: etl_pipeline.extract_task scheduled__2025-01-04T00:00:00+00:00 [running]> on host 45eb6cc28065
[2025-01-14T11:24:49.630+0000] {taskinstance.py:3132} INFO - Exporting env vars: AIRFLOW_CTX_DAG_OWNER='***' AIRFLOW_CTX_DAG_ID='etl_pipeline' AIRFLOW_CTX_TASK_ID='extract_task' AIRFLOW_CTX_EXECUTION_DATE='2025-01-04T00:00:00+00:00' AIRFLOW_CTX_TRY_NUMBER='1' AIRFLOW_CTX_DAG_RUN_ID='scheduled__2025-01-04T00:00:00+00:00'
[2025-01-14T11:24:49.633+0000] {logging_mixin.py:190} INFO - Task instance is in running state
[2025-01-14T11:24:49.634+0000] {logging_mixin.py:190} INFO -  Previous state of the Task instance: queued
[2025-01-14T11:24:49.635+0000] {logging_mixin.py:190} INFO - Current task name:extract_task state:running start_date:2025-01-14 11:24:48.904404+00:00
[2025-01-14T11:24:49.636+0000] {logging_mixin.py:190} INFO - Dag name:etl_pipeline and current dag run status:running
[2025-01-14T11:24:49.637+0000] {taskinstance.py:731} INFO - ::endgroup::
[2025-01-14T11:24:49.638+0000] {logging_mixin.py:190} INFO - Extracting data...
[2025-01-14T11:24:49.642+0000] {python.py:240} INFO - Done. Returned value was: {'data': [1, 2, 3]}
[2025-01-14T11:24:49.692+0000] {taskinstance.py:340} INFO - ::group::Post task execution logs
[2025-01-14T11:24:49.694+0000] {taskinstance.py:352} INFO - Marking task as SUCCESS. dag_id=etl_pipeline, task_id=extract_task, run_id=scheduled__2025-01-04T00:00:00+00:00, execution_date=20250104T000000, start_date=20250114T112448, end_date=20250114T112449
[2025-01-14T11:24:49.709+0000] {logging_mixin.py:190} INFO - Task instance in success state
[2025-01-14T11:24:49.710+0000] {logging_mixin.py:190} INFO -  Previous state of the Task instance: running
[2025-01-14T11:24:49.712+0000] {logging_mixin.py:190} INFO - Dag name:etl_pipeline queued_at:2025-01-14 11:24:47.614280+00:00
[2025-01-14T11:24:49.713+0000] {logging_mixin.py:190} INFO - Task hostname:45eb6cc28065 operator:PythonOperator
[2025-01-14T11:24:49.762+0000] {local_task_job_runner.py:266} INFO - Task exited with return code 0
[2025-01-14T11:24:49.820+0000] {taskinstance.py:3895} INFO - 1 downstream tasks scheduled from follow-on schedule check
[2025-01-14T11:24:49.824+0000] {local_task_job_runner.py:245} INFO - ::endgroup::
[2025-01-14T13:21:29.803+0000] {local_task_job_runner.py:123} INFO - ::group::Pre task execution logs
[2025-01-14T13:21:29.873+0000] {taskinstance.py:2613} INFO - Dependencies all met for dep_context=non-requeueable deps ti=<TaskInstance: etl_pipeline.extract_task scheduled__2025-01-04T00:00:00+00:00 [queued]>
[2025-01-14T13:21:29.939+0000] {taskinstance.py:2613} INFO - Dependencies all met for dep_context=requeueable deps ti=<TaskInstance: etl_pipeline.extract_task scheduled__2025-01-04T00:00:00+00:00 [queued]>
[2025-01-14T13:21:29.944+0000] {taskinstance.py:2866} INFO - Starting attempt 1 of 1
[2025-01-14T13:21:30.058+0000] {taskinstance.py:2889} INFO - Executing <Task(PythonOperator): extract_task> on 2025-01-04 00:00:00+00:00
[2025-01-14T13:21:30.115+0000] {standard_task_runner.py:104} INFO - Running: ['***', 'tasks', 'run', 'etl_pipeline', 'extract_task', 'scheduled__2025-01-04T00:00:00+00:00', '--job-id', '7', '--raw', '--subdir', 'DAGS_FOLDER/etl_dag.py', '--cfg-path', '/tmp/tmpn00c9s26']
[2025-01-14T13:21:30.129+0000] {standard_task_runner.py:105} INFO - Job 7: Subtask extract_task
[2025-01-14T13:21:30.144+0000] {logging_mixin.py:190} WARNING - /home/***/.local/lib/python3.12/site-packages/***/task/task_runner/standard_task_runner.py:70 DeprecationWarning: This process (pid=1199) is multi-threaded, use of fork() may lead to deadlocks in the child.
[2025-01-14T13:21:30.154+0000] {standard_task_runner.py:72} INFO - Started process 1246 to run task
[2025-01-14T13:21:30.381+0000] {task_command.py:467} INFO - Running <TaskInstance: etl_pipeline.extract_task scheduled__2025-01-04T00:00:00+00:00 [running]> on host 3215871494c5
[2025-01-14T13:21:30.716+0000] {taskinstance.py:3132} INFO - Exporting env vars: AIRFLOW_CTX_DAG_OWNER='***' AIRFLOW_CTX_DAG_ID='etl_pipeline' AIRFLOW_CTX_TASK_ID='extract_task' AIRFLOW_CTX_EXECUTION_DATE='2025-01-04T00:00:00+00:00' AIRFLOW_CTX_TRY_NUMBER='1' AIRFLOW_CTX_DAG_RUN_ID='scheduled__2025-01-04T00:00:00+00:00'
[2025-01-14T13:21:30.724+0000] {logging_mixin.py:190} INFO - Task instance is in running state
[2025-01-14T13:21:30.729+0000] {logging_mixin.py:190} INFO -  Previous state of the Task instance: queued
[2025-01-14T13:21:30.730+0000] {logging_mixin.py:190} INFO - Current task name:extract_task state:running start_date:2025-01-14 13:21:29.878581+00:00
[2025-01-14T13:21:30.732+0000] {logging_mixin.py:190} INFO - Dag name:etl_pipeline and current dag run status:running
[2025-01-14T13:21:30.733+0000] {taskinstance.py:731} INFO - ::endgroup::
[2025-01-14T13:21:30.735+0000] {logging_mixin.py:190} INFO - Extracting data...
[2025-01-14T13:21:30.742+0000] {python.py:240} INFO - Done. Returned value was: {'data': [1, 2, 3]}
[2025-01-14T13:21:30.858+0000] {taskinstance.py:340} INFO - ::group::Post task execution logs
[2025-01-14T13:21:30.859+0000] {taskinstance.py:352} INFO - Marking task as SUCCESS. dag_id=etl_pipeline, task_id=extract_task, run_id=scheduled__2025-01-04T00:00:00+00:00, execution_date=20250104T000000, start_date=20250114T132129, end_date=20250114T132130
[2025-01-14T13:21:30.907+0000] {logging_mixin.py:190} INFO - Task instance in success state
[2025-01-14T13:21:30.908+0000] {logging_mixin.py:190} INFO -  Previous state of the Task instance: running
[2025-01-14T13:21:30.913+0000] {logging_mixin.py:190} INFO - Dag name:etl_pipeline queued_at:2025-01-14 13:21:26.385553+00:00
[2025-01-14T13:21:30.918+0000] {logging_mixin.py:190} INFO - Task hostname:3215871494c5 operator:PythonOperator
[2025-01-14T13:21:30.962+0000] {local_task_job_runner.py:266} INFO - Task exited with return code 0
[2025-01-14T13:21:31.001+0000] {local_task_job_runner.py:245} INFO - ::endgroup::
