[2025-01-14T11:24:56.229+0000] {local_task_job_runner.py:123} INFO - ::group::Pre task execution logs
[2025-01-14T11:24:56.299+0000] {taskinstance.py:2613} INFO - Dependencies all met for dep_context=non-requeueable deps ti=<TaskInstance: etl_pipeline.load_task scheduled__2025-01-04T00:00:00+00:00 [queued]>
[2025-01-14T11:24:56.364+0000] {taskinstance.py:2613} INFO - Dependencies all met for dep_context=requeueable deps ti=<TaskInstance: etl_pipeline.load_task scheduled__2025-01-04T00:00:00+00:00 [queued]>
[2025-01-14T11:24:56.365+0000] {taskinstance.py:2866} INFO - Starting attempt 1 of 1
[2025-01-14T11:24:56.396+0000] {taskinstance.py:2889} INFO - Executing <Task(PythonOperator): load_task> on 2025-01-04 00:00:00+00:00
[2025-01-14T11:24:56.426+0000] {logging_mixin.py:190} WARNING - /home/***/.local/lib/python3.12/site-packages/***/task/task_runner/standard_task_runner.py:70 DeprecationWarning: This process (pid=4120) is multi-threaded, use of fork() may lead to deadlocks in the child.
[2025-01-14T11:24:56.427+0000] {standard_task_runner.py:104} INFO - Running: ['***', 'tasks', 'run', 'etl_pipeline', 'load_task', 'scheduled__2025-01-04T00:00:00+00:00', '--job-id', '36', '--raw', '--subdir', 'DAGS_FOLDER/etl_dag.py', '--cfg-path', '/tmp/tmp8hubbgst']
[2025-01-14T11:24:56.432+0000] {standard_task_runner.py:72} INFO - Started process 4217 to run task
[2025-01-14T11:24:56.434+0000] {standard_task_runner.py:105} INFO - Job 36: Subtask load_task
[2025-01-14T11:24:56.598+0000] {task_command.py:467} INFO - Running <TaskInstance: etl_pipeline.load_task scheduled__2025-01-04T00:00:00+00:00 [running]> on host 45eb6cc28065
[2025-01-14T11:24:56.812+0000] {taskinstance.py:3132} INFO - Exporting env vars: AIRFLOW_CTX_DAG_OWNER='***' AIRFLOW_CTX_DAG_ID='etl_pipeline' AIRFLOW_CTX_TASK_ID='load_task' AIRFLOW_CTX_EXECUTION_DATE='2025-01-04T00:00:00+00:00' AIRFLOW_CTX_TRY_NUMBER='1' AIRFLOW_CTX_DAG_RUN_ID='scheduled__2025-01-04T00:00:00+00:00'
[2025-01-14T11:24:56.824+0000] {logging_mixin.py:190} INFO - Task instance is in running state
[2025-01-14T11:24:56.826+0000] {logging_mixin.py:190} INFO -  Previous state of the Task instance: queued
[2025-01-14T11:24:56.827+0000] {logging_mixin.py:190} INFO - Current task name:load_task state:running start_date:2025-01-14 11:24:56.305819+00:00
[2025-01-14T11:24:56.828+0000] {logging_mixin.py:190} INFO - Dag name:etl_pipeline and current dag run status:running
[2025-01-14T11:24:56.830+0000] {taskinstance.py:731} INFO - ::endgroup::
[2025-01-14T11:24:56.851+0000] {logging_mixin.py:190} INFO - Loading data: [2, 4, 6]
[2025-01-14T11:24:56.852+0000] {python.py:240} INFO - Done. Returned value was: None
[2025-01-14T11:24:56.874+0000] {taskinstance.py:340} INFO - ::group::Post task execution logs
[2025-01-14T11:24:56.876+0000] {taskinstance.py:352} INFO - Marking task as SUCCESS. dag_id=etl_pipeline, task_id=load_task, run_id=scheduled__2025-01-04T00:00:00+00:00, execution_date=20250104T000000, start_date=20250114T112456, end_date=20250114T112456
[2025-01-14T11:24:56.898+0000] {logging_mixin.py:190} INFO - Task instance in success state
[2025-01-14T11:24:56.903+0000] {logging_mixin.py:190} INFO -  Previous state of the Task instance: running
[2025-01-14T11:24:56.905+0000] {logging_mixin.py:190} INFO - Dag name:etl_pipeline queued_at:2025-01-14 11:24:47.614280+00:00
[2025-01-14T11:24:56.906+0000] {logging_mixin.py:190} INFO - Task hostname:45eb6cc28065 operator:PythonOperator
[2025-01-14T11:24:56.962+0000] {local_task_job_runner.py:266} INFO - Task exited with return code 0
[2025-01-14T11:24:57.007+0000] {taskinstance.py:3895} INFO - 0 downstream tasks scheduled from follow-on schedule check
[2025-01-14T11:24:57.012+0000] {local_task_job_runner.py:245} INFO - ::endgroup::
[2025-01-14T13:21:41.121+0000] {local_task_job_runner.py:123} INFO - ::group::Pre task execution logs
[2025-01-14T13:21:41.223+0000] {taskinstance.py:2613} INFO - Dependencies all met for dep_context=non-requeueable deps ti=<TaskInstance: etl_pipeline.load_task scheduled__2025-01-04T00:00:00+00:00 [queued]>
[2025-01-14T13:21:41.277+0000] {taskinstance.py:2613} INFO - Dependencies all met for dep_context=requeueable deps ti=<TaskInstance: etl_pipeline.load_task scheduled__2025-01-04T00:00:00+00:00 [queued]>
[2025-01-14T13:21:41.280+0000] {taskinstance.py:2866} INFO - Starting attempt 1 of 1
[2025-01-14T13:21:41.350+0000] {taskinstance.py:2889} INFO - Executing <Task(PythonOperator): load_task> on 2025-01-04 00:00:00+00:00
[2025-01-14T13:21:41.389+0000] {logging_mixin.py:190} WARNING - /home/***/.local/lib/python3.12/site-packages/***/task/task_runner/standard_task_runner.py:70 DeprecationWarning: This process (pid=1366) is multi-threaded, use of fork() may lead to deadlocks in the child.
[2025-01-14T13:21:41.394+0000] {standard_task_runner.py:72} INFO - Started process 1434 to run task
[2025-01-14T13:21:41.407+0000] {standard_task_runner.py:104} INFO - Running: ['***', 'tasks', 'run', 'etl_pipeline', 'load_task', 'scheduled__2025-01-04T00:00:00+00:00', '--job-id', '32', '--raw', '--subdir', 'DAGS_FOLDER/etl_dag.py', '--cfg-path', '/tmp/tmpm0d_xcng']
[2025-01-14T13:21:41.420+0000] {standard_task_runner.py:105} INFO - Job 32: Subtask load_task
[2025-01-14T13:21:41.685+0000] {task_command.py:467} INFO - Running <TaskInstance: etl_pipeline.load_task scheduled__2025-01-04T00:00:00+00:00 [running]> on host 3215871494c5
[2025-01-14T13:21:42.031+0000] {taskinstance.py:3132} INFO - Exporting env vars: AIRFLOW_CTX_DAG_OWNER='***' AIRFLOW_CTX_DAG_ID='etl_pipeline' AIRFLOW_CTX_TASK_ID='load_task' AIRFLOW_CTX_EXECUTION_DATE='2025-01-04T00:00:00+00:00' AIRFLOW_CTX_TRY_NUMBER='1' AIRFLOW_CTX_DAG_RUN_ID='scheduled__2025-01-04T00:00:00+00:00'
[2025-01-14T13:21:42.039+0000] {logging_mixin.py:190} INFO - Task instance is in running state
[2025-01-14T13:21:42.047+0000] {logging_mixin.py:190} INFO -  Previous state of the Task instance: queued
[2025-01-14T13:21:42.048+0000] {logging_mixin.py:190} INFO - Current task name:load_task state:running start_date:2025-01-14 13:21:41.232655+00:00
[2025-01-14T13:21:42.050+0000] {logging_mixin.py:190} INFO - Dag name:etl_pipeline and current dag run status:running
[2025-01-14T13:21:42.051+0000] {taskinstance.py:731} INFO - ::endgroup::
[2025-01-14T13:21:42.106+0000] {logging_mixin.py:190} INFO - Loading data: [2, 4, 6]
[2025-01-14T13:21:42.110+0000] {python.py:240} INFO - Done. Returned value was: None
[2025-01-14T13:21:42.154+0000] {taskinstance.py:340} INFO - ::group::Post task execution logs
[2025-01-14T13:21:42.158+0000] {taskinstance.py:352} INFO - Marking task as SUCCESS. dag_id=etl_pipeline, task_id=load_task, run_id=scheduled__2025-01-04T00:00:00+00:00, execution_date=20250104T000000, start_date=20250114T132141, end_date=20250114T132142
[2025-01-14T13:21:42.208+0000] {logging_mixin.py:190} INFO - Task instance in success state
[2025-01-14T13:21:42.213+0000] {logging_mixin.py:190} INFO -  Previous state of the Task instance: running
[2025-01-14T13:21:42.218+0000] {logging_mixin.py:190} INFO - Dag name:etl_pipeline queued_at:2025-01-14 13:21:26.385553+00:00
[2025-01-14T13:21:42.222+0000] {logging_mixin.py:190} INFO - Task hostname:3215871494c5 operator:PythonOperator
[2025-01-14T13:21:42.307+0000] {local_task_job_runner.py:266} INFO - Task exited with return code 0
[2025-01-14T13:21:42.344+0000] {local_task_job_runner.py:245} INFO - ::endgroup::
