[2025-01-14T11:24:51.386+0000] {local_task_job_runner.py:123} INFO - ::group::Pre task execution logs
[2025-01-14T11:24:51.406+0000] {taskinstance.py:2613} INFO - Dependencies all met for dep_context=non-requeueable deps ti=<TaskInstance: etl_pipeline.extract_task scheduled__2025-01-12T00:00:00+00:00 [queued]>
[2025-01-14T11:24:51.416+0000] {taskinstance.py:2613} INFO - Dependencies all met for dep_context=requeueable deps ti=<TaskInstance: etl_pipeline.extract_task scheduled__2025-01-12T00:00:00+00:00 [queued]>
[2025-01-14T11:24:51.417+0000] {taskinstance.py:2866} INFO - Starting attempt 1 of 1
[2025-01-14T11:24:51.433+0000] {taskinstance.py:2889} INFO - Executing <Task(PythonOperator): extract_task> on 2025-01-12 00:00:00+00:00
[2025-01-14T11:24:51.443+0000] {standard_task_runner.py:104} INFO - Running: ['***', 'tasks', 'run', 'etl_pipeline', 'extract_task', 'scheduled__2025-01-12T00:00:00+00:00', '--job-id', '16', '--raw', '--subdir', 'DAGS_FOLDER/etl_dag.py', '--cfg-path', '/tmp/tmpek91n7xp']
[2025-01-14T11:24:51.445+0000] {standard_task_runner.py:105} INFO - Job 16: Subtask extract_task
[2025-01-14T11:24:51.447+0000] {logging_mixin.py:190} WARNING - /home/***/.local/lib/python3.12/site-packages/***/task/task_runner/standard_task_runner.py:70 DeprecationWarning: This process (pid=4055) is multi-threaded, use of fork() may lead to deadlocks in the child.
[2025-01-14T11:24:51.449+0000] {standard_task_runner.py:72} INFO - Started process 4076 to run task
[2025-01-14T11:24:51.580+0000] {task_command.py:467} INFO - Running <TaskInstance: etl_pipeline.extract_task scheduled__2025-01-12T00:00:00+00:00 [running]> on host 45eb6cc28065
[2025-01-14T11:24:51.861+0000] {taskinstance.py:3132} INFO - Exporting env vars: AIRFLOW_CTX_DAG_OWNER='***' AIRFLOW_CTX_DAG_ID='etl_pipeline' AIRFLOW_CTX_TASK_ID='extract_task' AIRFLOW_CTX_EXECUTION_DATE='2025-01-12T00:00:00+00:00' AIRFLOW_CTX_TRY_NUMBER='1' AIRFLOW_CTX_DAG_RUN_ID='scheduled__2025-01-12T00:00:00+00:00'
[2025-01-14T11:24:51.874+0000] {logging_mixin.py:190} INFO - Task instance is in running state
[2025-01-14T11:24:51.880+0000] {logging_mixin.py:190} INFO -  Previous state of the Task instance: queued
[2025-01-14T11:24:51.884+0000] {logging_mixin.py:190} INFO - Current task name:extract_task state:running start_date:2025-01-14 11:24:51.407725+00:00
[2025-01-14T11:24:51.885+0000] {logging_mixin.py:190} INFO - Dag name:etl_pipeline and current dag run status:running
[2025-01-14T11:24:51.888+0000] {taskinstance.py:731} INFO - ::endgroup::
[2025-01-14T11:24:51.889+0000] {logging_mixin.py:190} INFO - Extracting data...
[2025-01-14T11:24:51.890+0000] {python.py:240} INFO - Done. Returned value was: {'data': [1, 2, 3]}
[2025-01-14T11:24:51.933+0000] {taskinstance.py:340} INFO - ::group::Post task execution logs
[2025-01-14T11:24:51.936+0000] {taskinstance.py:352} INFO - Marking task as SUCCESS. dag_id=etl_pipeline, task_id=extract_task, run_id=scheduled__2025-01-12T00:00:00+00:00, execution_date=20250112T000000, start_date=20250114T112451, end_date=20250114T112451
[2025-01-14T11:24:51.986+0000] {logging_mixin.py:190} INFO - Task instance in success state
[2025-01-14T11:24:51.986+0000] {logging_mixin.py:190} INFO -  Previous state of the Task instance: running
[2025-01-14T11:24:51.987+0000] {logging_mixin.py:190} INFO - Dag name:etl_pipeline queued_at:2025-01-14 11:24:48.912595+00:00
[2025-01-14T11:24:51.990+0000] {logging_mixin.py:190} INFO - Task hostname:45eb6cc28065 operator:PythonOperator
[2025-01-14T11:24:52.050+0000] {local_task_job_runner.py:266} INFO - Task exited with return code 0
[2025-01-14T11:24:52.092+0000] {taskinstance.py:3895} INFO - 1 downstream tasks scheduled from follow-on schedule check
[2025-01-14T11:24:52.110+0000] {local_task_job_runner.py:245} INFO - ::endgroup::
[2025-01-14T13:21:33.173+0000] {local_task_job_runner.py:123} INFO - ::group::Pre task execution logs
[2025-01-14T13:21:33.285+0000] {taskinstance.py:2613} INFO - Dependencies all met for dep_context=non-requeueable deps ti=<TaskInstance: etl_pipeline.extract_task scheduled__2025-01-12T00:00:00+00:00 [queued]>
[2025-01-14T13:21:33.367+0000] {taskinstance.py:2613} INFO - Dependencies all met for dep_context=requeueable deps ti=<TaskInstance: etl_pipeline.extract_task scheduled__2025-01-12T00:00:00+00:00 [queued]>
[2025-01-14T13:21:33.372+0000] {taskinstance.py:2866} INFO - Starting attempt 1 of 1
[2025-01-14T13:21:33.474+0000] {taskinstance.py:2889} INFO - Executing <Task(PythonOperator): extract_task> on 2025-01-12 00:00:00+00:00
[2025-01-14T13:21:33.539+0000] {standard_task_runner.py:104} INFO - Running: ['***', 'tasks', 'run', 'etl_pipeline', 'extract_task', 'scheduled__2025-01-12T00:00:00+00:00', '--job-id', '15', '--raw', '--subdir', 'DAGS_FOLDER/etl_dag.py', '--cfg-path', '/tmp/tmpss78e37c']
[2025-01-14T13:21:33.556+0000] {standard_task_runner.py:105} INFO - Job 15: Subtask extract_task
[2025-01-14T13:21:33.579+0000] {logging_mixin.py:190} WARNING - /home/***/.local/lib/python3.12/site-packages/***/task/task_runner/standard_task_runner.py:70 DeprecationWarning: This process (pid=1233) is multi-threaded, use of fork() may lead to deadlocks in the child.
[2025-01-14T13:21:33.584+0000] {standard_task_runner.py:72} INFO - Started process 1306 to run task
[2025-01-14T13:21:33.848+0000] {task_command.py:467} INFO - Running <TaskInstance: etl_pipeline.extract_task scheduled__2025-01-12T00:00:00+00:00 [running]> on host 3215871494c5
[2025-01-14T13:21:34.323+0000] {taskinstance.py:3132} INFO - Exporting env vars: AIRFLOW_CTX_DAG_OWNER='***' AIRFLOW_CTX_DAG_ID='etl_pipeline' AIRFLOW_CTX_TASK_ID='extract_task' AIRFLOW_CTX_EXECUTION_DATE='2025-01-12T00:00:00+00:00' AIRFLOW_CTX_TRY_NUMBER='1' AIRFLOW_CTX_DAG_RUN_ID='scheduled__2025-01-12T00:00:00+00:00'
[2025-01-14T13:21:34.330+0000] {logging_mixin.py:190} INFO - Task instance is in running state
[2025-01-14T13:21:34.342+0000] {logging_mixin.py:190} INFO -  Previous state of the Task instance: queued
[2025-01-14T13:21:34.343+0000] {logging_mixin.py:190} INFO - Current task name:extract_task state:running start_date:2025-01-14 13:21:33.291799+00:00
[2025-01-14T13:21:34.352+0000] {logging_mixin.py:190} INFO - Dag name:etl_pipeline and current dag run status:running
[2025-01-14T13:21:34.353+0000] {taskinstance.py:731} INFO - ::endgroup::
[2025-01-14T13:21:34.360+0000] {logging_mixin.py:190} INFO - Extracting data...
[2025-01-14T13:21:34.362+0000] {python.py:240} INFO - Done. Returned value was: {'data': [1, 2, 3]}
[2025-01-14T13:21:34.473+0000] {taskinstance.py:340} INFO - ::group::Post task execution logs
[2025-01-14T13:21:34.474+0000] {taskinstance.py:352} INFO - Marking task as SUCCESS. dag_id=etl_pipeline, task_id=extract_task, run_id=scheduled__2025-01-12T00:00:00+00:00, execution_date=20250112T000000, start_date=20250114T132133, end_date=20250114T132134
[2025-01-14T13:21:34.530+0000] {logging_mixin.py:190} INFO - Task instance in success state
[2025-01-14T13:21:34.538+0000] {logging_mixin.py:190} INFO -  Previous state of the Task instance: running
[2025-01-14T13:21:34.539+0000] {logging_mixin.py:190} INFO - Dag name:etl_pipeline queued_at:2025-01-14 13:21:28.674942+00:00
[2025-01-14T13:21:34.540+0000] {logging_mixin.py:190} INFO - Task hostname:3215871494c5 operator:PythonOperator
[2025-01-14T13:21:34.610+0000] {local_task_job_runner.py:266} INFO - Task exited with return code 0
[2025-01-14T13:21:34.672+0000] {local_task_job_runner.py:245} INFO - ::endgroup::
