[2025-01-14T13:21:35.679+0000] {local_task_job_runner.py:123} INFO - ::group::Pre task execution logs
[2025-01-14T13:21:35.707+0000] {taskinstance.py:2613} INFO - Dependencies all met for dep_context=non-requeueable deps ti=<TaskInstance: etl_pipeline.transform_task manual__2025-01-14T13:21:25.700875+00:00 [queued]>
[2025-01-14T13:21:35.724+0000] {taskinstance.py:2613} INFO - Dependencies all met for dep_context=requeueable deps ti=<TaskInstance: etl_pipeline.transform_task manual__2025-01-14T13:21:25.700875+00:00 [queued]>
[2025-01-14T13:21:35.726+0000] {taskinstance.py:2866} INFO - Starting attempt 1 of 1
[2025-01-14T13:21:35.806+0000] {taskinstance.py:2889} INFO - Executing <Task(PythonOperator): transform_task> on 2025-01-14 13:21:25.700875+00:00
[2025-01-14T13:21:35.855+0000] {standard_task_runner.py:104} INFO - Running: ['***', 'tasks', 'run', 'etl_pipeline', 'transform_task', 'manual__2025-01-14T13:21:25.700875+00:00', '--job-id', '23', '--raw', '--subdir', 'DAGS_FOLDER/etl_dag.py', '--cfg-path', '/tmp/tmp5qd56wtz']
[2025-01-14T13:21:35.860+0000] {standard_task_runner.py:105} INFO - Job 23: Subtask transform_task
[2025-01-14T13:21:35.880+0000] {logging_mixin.py:190} WARNING - /home/***/.local/lib/python3.12/site-packages/***/task/task_runner/standard_task_runner.py:70 DeprecationWarning: This process (pid=1278) is multi-threaded, use of fork() may lead to deadlocks in the child.
[2025-01-14T13:21:35.891+0000] {standard_task_runner.py:72} INFO - Started process 1334 to run task
[2025-01-14T13:21:36.077+0000] {task_command.py:467} INFO - Running <TaskInstance: etl_pipeline.transform_task manual__2025-01-14T13:21:25.700875+00:00 [running]> on host 3215871494c5
[2025-01-14T13:21:36.542+0000] {taskinstance.py:3132} INFO - Exporting env vars: AIRFLOW_CTX_DAG_OWNER='***' AIRFLOW_CTX_DAG_ID='etl_pipeline' AIRFLOW_CTX_TASK_ID='transform_task' AIRFLOW_CTX_EXECUTION_DATE='2025-01-14T13:21:25.700875+00:00' AIRFLOW_CTX_TRY_NUMBER='1' AIRFLOW_CTX_DAG_RUN_ID='manual__2025-01-14T13:21:25.700875+00:00'
[2025-01-14T13:21:36.550+0000] {logging_mixin.py:190} INFO - Task instance is in running state
[2025-01-14T13:21:36.559+0000] {logging_mixin.py:190} INFO -  Previous state of the Task instance: queued
[2025-01-14T13:21:36.567+0000] {logging_mixin.py:190} INFO - Current task name:transform_task state:running start_date:2025-01-14 13:21:35.710985+00:00
[2025-01-14T13:21:36.574+0000] {logging_mixin.py:190} INFO - Dag name:etl_pipeline and current dag run status:running
[2025-01-14T13:21:36.575+0000] {taskinstance.py:731} INFO - ::endgroup::
[2025-01-14T13:21:36.655+0000] {logging_mixin.py:190} INFO - Transformed data: [2, 4, 6]
[2025-01-14T13:21:36.658+0000] {python.py:240} INFO - Done. Returned value was: [2, 4, 6]
[2025-01-14T13:21:36.742+0000] {taskinstance.py:340} INFO - ::group::Post task execution logs
[2025-01-14T13:21:36.749+0000] {taskinstance.py:352} INFO - Marking task as SUCCESS. dag_id=etl_pipeline, task_id=transform_task, run_id=manual__2025-01-14T13:21:25.700875+00:00, execution_date=20250114T132125, start_date=20250114T132135, end_date=20250114T132136
[2025-01-14T13:21:36.792+0000] {logging_mixin.py:190} INFO - Task instance in success state
[2025-01-14T13:21:36.798+0000] {logging_mixin.py:190} INFO -  Previous state of the Task instance: running
[2025-01-14T13:21:36.808+0000] {logging_mixin.py:190} INFO - Dag name:etl_pipeline queued_at:2025-01-14 13:21:25.759978+00:00
[2025-01-14T13:21:36.810+0000] {logging_mixin.py:190} INFO - Task hostname:3215871494c5 operator:PythonOperator
[2025-01-14T13:21:36.890+0000] {local_task_job_runner.py:266} INFO - Task exited with return code 0
[2025-01-14T13:21:36.954+0000] {local_task_job_runner.py:245} INFO - ::endgroup::
